Archive member included to satisfy reference by file (symbol)

../../libDaisy//build\libdaisy.a(daisy_patch_sm.o)
                              build/Intonate.o (daisy::patch_sm::DaisyPatchSM::Init())
../../libDaisy//build\libdaisy.a(codec_pcm3060.o)
                              ../../libDaisy//build\libdaisy.a(daisy_patch_sm.o) (daisy::Pcm3060::Init(daisy::I2CHandle))
../../libDaisy//build\libdaisy.a(sdram.o)
                              ../../libDaisy//build\libdaisy.a(daisy_patch_sm.o) (SdramHandle::Init())
../../libDaisy//build\libdaisy.a(audio.o)
                              ../../libDaisy//build\libdaisy.a(daisy_patch_sm.o) (daisy::AudioHandle::Init(daisy::AudioHandle::Config const&, daisy::SaiHandle))
../../libDaisy//build\libdaisy.a(ctrl.o)
                              ../../libDaisy//build\libdaisy.a(daisy_patch_sm.o) (daisy::AnalogControl::Init(unsigned short*, float, bool, bool, float))
../../libDaisy//build\libdaisy.a(gatein.o)
                              ../../libDaisy//build\libdaisy.a(daisy_patch_sm.o) (daisy::GateIn::Init(dsy_gpio_pin*, bool))
../../libDaisy//build\libdaisy.a(adc.o)
                              ../../libDaisy//build\libdaisy.a(daisy_patch_sm.o) (daisy::AdcChannelConfig::InitSingle(dsy_gpio_pin))
../../libDaisy//build\libdaisy.a(dac.o)
                              ../../libDaisy//build\libdaisy.a(daisy_patch_sm.o) (daisy::DacHandle::Init(daisy::DacHandle::Config const&))
../../libDaisy//build\libdaisy.a(gpio.o)
                              ../../libDaisy//build\libdaisy.a(daisy_patch_sm.o) (dsy_gpio_init)
../../libDaisy//build\libdaisy.a(i2c.o)
                              ../../libDaisy//build\libdaisy.a(daisy_patch_sm.o) (daisy::I2CHandle::Init(daisy::I2CHandle::Config const&))
../../libDaisy//build\libdaisy.a(qspi.o)
                              ../../libDaisy//build\libdaisy.a(daisy_patch_sm.o) (daisy::QSPIHandle::Init(daisy::QSPIHandle::Config const&))
../../libDaisy//build\libdaisy.a(sai.o)
                              ../../libDaisy//build\libdaisy.a(daisy_patch_sm.o) (daisy::SaiHandle::Init(daisy::SaiHandle::Config const&))
../../libDaisy//build\libdaisy.a(system.o)
                              ../../libDaisy//build\libdaisy.a(codec_pcm3060.o) (daisy::System::Delay(unsigned long))
../../libDaisy//build\libdaisy.a(system_stm32h7xx.o)
                              build/startup_stm32h750xx.o (SystemInit)
../../libDaisy//build\libdaisy.a(usbd_conf.o)
                              ../../libDaisy//build\libdaisy.a(system.o) (hpcd_USB_OTG_HS)
../../libDaisy//build\libdaisy.a(usbh_conf.o)
                              ../../libDaisy//build\libdaisy.a(system.o) (hhcd_USB_OTG_HS)
../../libDaisy//build\libdaisy.a(hal_map.o)
                              ../../libDaisy//build\libdaisy.a(gpio.o) (dsy_hal_map_get_port)
../../libDaisy//build\libdaisy.a(stm32h7xx_hal.o)
                              ../../libDaisy//build\libdaisy.a(system.o) (HAL_Init)
../../libDaisy//build\libdaisy.a(stm32h7xx_hal_adc.o)
                              ../../libDaisy//build\libdaisy.a(adc.o) (HAL_ADC_ConfigChannel)
../../libDaisy//build\libdaisy.a(stm32h7xx_hal_adc_ex.o)
                              ../../libDaisy//build\libdaisy.a(adc.o) (HAL_ADCEx_Calibration_Start)
../../libDaisy//build\libdaisy.a(stm32h7xx_hal_cortex.o)
                              ../../libDaisy//build\libdaisy.a(stm32h7xx_hal.o) (HAL_NVIC_SetPriorityGrouping)
../../libDaisy//build\libdaisy.a(stm32h7xx_hal_dac.o)
                              ../../libDaisy//build\libdaisy.a(dac.o) (HAL_DAC_Init)
../../libDaisy//build\libdaisy.a(stm32h7xx_hal_dac_ex.o)
                              ../../libDaisy//build\libdaisy.a(stm32h7xx_hal_dac.o) (HAL_DACEx_DMAUnderrunCallbackCh2)
../../libDaisy//build\libdaisy.a(stm32h7xx_hal_dma.o)
                              ../../libDaisy//build\libdaisy.a(adc.o) (HAL_DMA_Init)
../../libDaisy//build\libdaisy.a(stm32h7xx_hal_gpio.o)
                              ../../libDaisy//build\libdaisy.a(sdram.o) (HAL_GPIO_Init)
../../libDaisy//build\libdaisy.a(stm32h7xx_hal_hcd.o)
                              ../../libDaisy//build\libdaisy.a(usbh_conf.o) (HAL_HCD_HC_Init)
../../libDaisy//build\libdaisy.a(stm32h7xx_hal_i2c.o)
                              ../../libDaisy//build\libdaisy.a(i2c.o) (HAL_I2C_Init)
../../libDaisy//build\libdaisy.a(stm32h7xx_hal_i2c_ex.o)
                              ../../libDaisy//build\libdaisy.a(i2c.o) (HAL_I2CEx_ConfigAnalogFilter)
../../libDaisy//build\libdaisy.a(stm32h7xx_hal_pcd.o)
                              ../../libDaisy//build\libdaisy.a(usbd_conf.o) (HAL_PCD_Init)
../../libDaisy//build\libdaisy.a(stm32h7xx_hal_pcd_ex.o)
                              ../../libDaisy//build\libdaisy.a(usbd_conf.o) (HAL_PCDEx_SetTxFiFo)
../../libDaisy//build\libdaisy.a(stm32h7xx_hal_pwr_ex.o)
                              ../../libDaisy//build\libdaisy.a(system.o) (HAL_PWREx_ConfigSupply)
../../libDaisy//build\libdaisy.a(stm32h7xx_hal_qspi.o)
[...]
Memory Configuration

Name             Origin             Length             Attributes
FLASH            0x08000000         0x00020000         xr
DTCMRAM          0x20000000         0x00020000         xrw
SRAM             0x24000000         0x00080000         xrw
RAM_D2           0x30000000         0x00048000         xrw
RAM_D3           0x38000000         0x00010000         xrw
ITCMRAM          0x00000000         0x00010000         xrw
SDRAM            0xc0000000         0x04000000         xrw
QSPIFLASH        0x90000000         0x00800000         xr
*default*        0x00000000         0xffffffff

Linker script and memory map

LOAD c:/programdata/chocolatey/lib/gcc-arm-embedded/tools/gcc-arm-none-eabi-10-2020-q4-major/bin/../lib/gcc/arm-none-eabi/10.2.1/thumb/v7e-m+dp/hard/crti.o
LOAD c:/programdata/chocolatey/lib/gcc-arm-embedded/tools/gcc-arm-none-eabi-10-2020-q4-major/bin/../lib/gcc/arm-none-eabi/10.2.1/thumb/v7e-m+dp/hard/crtbegin.o
LOAD c:/programdata/chocolatey/lib/gcc-arm-embedded/tools/gcc-arm-none-eabi-10-2020-q4-major/bin/../lib/gcc/arm-none-eabi/10.2.1/../../../../arm-none-eabi/lib/thumb/v7e-m+dp/hard/crt0.o
LOAD build/startup_stm32h750xx.o
LOAD build/Intonate.o
LOAD ../../libDaisy//build\libdaisy.a
LOAD c:/programdata/chocolatey/lib/gcc-arm-embedded/tools/gcc-arm-none-eabi-10-2020-q4-major/bin/../lib/gcc/arm-none-eabi/10.2.1/../../../../arm-none-eabi/lib/thumb/v7e-m+dp/hard\libnosys.a
LOAD ../../DaisySP//build\libdaisysp.a
LOAD c:/programdata/chocolatey/lib/gcc-arm-embedded/tools/gcc-arm-none-eabi-10-2020-q4-major/bin/../lib/gcc/arm-none-eabi/10.2.1/../../../../arm-none-eabi/lib/thumb/v7e-m+dp/hard\libstdc++_nano.a
LOAD c:/programdata/chocolatey/lib/gcc-arm-embedded/tools/gcc-arm-none-eabi-10-2020-q4-major/bin/../lib/gcc/arm-none-eabi/10.2.1/../../../../arm-none-eabi/lib/thumb/v7e-m+dp/hard\libm.a
LOAD c:/programdata/chocolatey/lib/gcc-arm-embedded/tools/gcc-arm-none-eabi-10-2020-q4-major/bin/../lib/gcc/arm-none-eabi/10.2.1/../../../../arm-none-eabi/lib/thumb/v7e-m+dp/hard\libc_nano.a
START GROUP
LOAD c:/programdata/chocolatey/lib/gcc-arm-embedded/tools/gcc-arm-none-eabi-10-2020-q4-major/bin/../lib/gcc/arm-none-eabi/10.2.1/thumb/v7e-m+dp/hard\libgcc.a
LOAD c:/programdata/chocolatey/lib/gcc-arm-embedded/tools/gcc-arm-none-eabi-10-2020-q4-major/bin/../lib/gcc/arm-none-eabi/10.2.1/../../../../arm-none-eabi/lib/thumb/v7e-m+dp/hard\libc_nano.a
END GROUP
START GROUP
LOAD c:/programdata/chocolatey/lib/gcc-arm-embedded/tools/gcc-arm-none-eabi-10-2020-q4-major/bin/../lib/gcc/arm-none-eabi/10.2.1/thumb/v7e-m+dp/hard\libgcc.a
LOAD c:/programdata/chocolatey/lib/gcc-arm-embedded/tools/gcc-arm-none-eabi-10-2020-q4-major/bin/../lib/gcc/arm-none-eabi/10.2.1/../../../../arm-none-eabi/lib/thumb/v7e-m+dp/hard\libc_nano.a
LOAD c:/programdata/chocolatey/lib/gcc-arm-embedded/tools/gcc-arm-none-eabi-10-2020-q4-major/bin/../lib/gcc/arm-none-eabi/10.2.1/../../../../arm-none-eabi/lib/thumb/v7e-m+dp/hard\libnosys.a
END GROUP
START GROUP
LOAD c:/programdata/chocolatey/lib/gcc-arm-embedded/tools/gcc-arm-none-eabi-10-2020-q4-major/bin/../lib/gcc/arm-none-eabi/10.2.1/thumb/v7e-m+dp/hard\libgcc.a
LOAD c:/programdata/chocolatey/lib/gcc-arm-embedded/tools/gcc-arm-none-eabi-10-2020-q4-major/bin/../lib/gcc/arm-none-eabi/10.2.1/../../../../arm-none-eabi/lib/thumb/v7e-m+dp/hard\libc_nano.a
LOAD c:/programdata/chocolatey/lib/gcc-arm-embedded/tools/gcc-arm-none-eabi-10-2020-q4-major/bin/../lib/gcc/arm-none-eabi/10.2.1/../../../../arm-none-eabi/lib/thumb/v7e-m+dp/hard\libnosys.a
END GROUP
LOAD c:/programdata/chocolatey/lib/gcc-arm-embedded/tools/gcc-arm-none-eabi-10-2020-q4-major/bin/../lib/gcc/arm-none-eabi/10.2.1/thumb/v7e-m+dp/hard/crtend.o
LOAD c:/programdata/chocolatey/lib/gcc-arm-embedded/tools/gcc-arm-none-eabi-10-2020-q4-major/bin/../lib/gcc/arm-none-eabi/10.2.1/thumb/v7e-m+dp/hard/crtn.o
                0x20020000                _estack = 0x20020000

.isr_vector     0x08000000      0x298
                0x08000000                . = ALIGN (0x4)
 *(.isr_vector)
 .isr_vector    0x08000000      0x298 build/startup_stm32h750xx.o
                0x08000000                g_pfnVectors
                0x08000298                . = ALIGN (0x4)

.text           0x08000298    0x12698
                0x08000298                . = ALIGN (0x4)
                0x08000298                _stext = .
 *(.text)
 .text          0x08000298       0x40 c:/programdata/chocolatey/lib/gcc-arm-embedded/tools/gcc-arm-none-eabi-10-2020-q4-major/bin/../lib/gcc/arm-none-eabi/10.2.1/thumb/v7e-m+dp/hard/crtbegin.o
 .text          0x080002d8      0x378 c:/programdata/chocolatey/lib/gcc-arm-embedded/tools/gcc-arm-none-eabi-10-2020-q4-major/bin/../lib/gcc/arm-none-eabi/10.2.1/thumb/v7e-m+dp/hard\libgcc.a(_arm_addsubdf3.o)
                0x080002d8                __aeabi_drsub
                0x080002e0                __aeabi_dsub
                0x080002e0                __subdf3
                0x080002e4                __aeabi_dadd
                0x080002e4                __adddf3
                0x0800055c                __floatunsidf
                0x0800055c                __aeabi_ui2d
                0x0800057c                __floatsidf
                0x0800057c                __aeabi_i2d
                0x080005a0                __aeabi_f2d
                0x080005a0                __extendsfdf2
                0x080005e4                __floatundidf
                0x080005e4                __aeabi_ul2d
                0x080005f4                __floatdidf
                0x080005f4                __aeabi_l2d
 .text          0x08000650       0x30 c:/programdata/chocolatey/lib/gcc-arm-embedded/tools/gcc-arm-none-eabi-10-2020-q4-major/bin/../lib/gcc/arm-none-eabi/10.2.1/thumb/v7e-m+dp/hard\libgcc.a(_aeabi_uldivmod.o)
                0x08000650                __aeabi_uldivmod
 .text          0x08000680      0x2d0 c:/programdata/chocolatey/lib/gcc-arm-embedded/tools/gcc-arm-none-eabi-10-2020-q4-major/bin/../lib/gcc/arm-none-eabi/10.2.1/thumb/v7e-m+dp/hard\libgcc.a(_udivmoddi4.o)
                0x08000680                __udivmoddi4
 .text          0x08000950        0x4 c:/programdata/chocolatey/lib/gcc-arm-embedded/tools/gcc-arm-none-eabi-10-2020-q4-major/bin/../lib/gcc/arm-none-eabi/10.2.1/thumb/v7e-m+dp/hard\libgcc.a(_dvmd_tls.o)
                0x08000950                __aeabi_idiv0
                0x08000950                __aeabi_ldiv0
 *(.text*)
 .text.Default_Handler
                0x08000954        0x4 build/startup_stm32h750xx.o
                0x08000954                RTC_Alarm_IRQHandler
                0x08000954                HASH_RNG_IRQHandler
                0x08000954                EXTI2_IRQHandler
                0x08000954                TIM8_CC_IRQHandler
                0x08000954                HRTIM1_Master_IRQHandler
                0x08000954                DebugMon_Handler
                0x08000954                TIM1_CC_IRQHandler
                0x08000954                BDMA_Channel6_IRQHandler
                0x08000954                DMA2_Stream5_IRQHandler
                0x08000954                HRTIM1_FLT_IRQHandler
                0x08000954                JPEG_IRQHandler
                0x08000954                BDMA_Channel1_IRQHandler
                0x08000954                HRTIM1_TIMD_IRQHandler
                0x08000954                TAMP_STAMP_IRQHandler
                0x08000954                PendSV_Handler
                0x08000954                NMI_Handler
                0x08000954                EXTI3_IRQHandler
                0x08000954                LPTIM4_IRQHandler
                0x08000954                TIM8_TRG_COM_TIM14_IRQHandler
                0x08000954                LPTIM2_IRQHandler
                0x08000954                DFSDM1_FLT1_IRQHandler
                0x08000954                DMAMUX2_OVR_IRQHandler
                0x08000954                TIM8_UP_TIM13_IRQHandler
                0x08000954                I2C3_ER_IRQHandler
                0x08000954                DFSDM1_FLT2_IRQHandler
                0x08000954                MDMA_IRQHandler
                0x08000954                LPTIM3_IRQHandler
                0x08000954                HSEM1_IRQHandler
                0x08000954                EXTI0_IRQHandler
                0x08000954                FPU_IRQHandler
                0x08000954                OTG_HS_WKUP_IRQHandler
                0x08000954                FDCAN1_IT1_IRQHandler
                0x08000954                UsageFault_Handler
                0x08000954                LTDC_ER_IRQHandler
                0x08000954                HRTIM1_TIME_IRQHandler
                0x08000954                DCMI_IRQHandler
                0x08000954                HRTIM1_TIMC_IRQHandler
                0x08000954                SAI2_IRQHandler
                0x08000954                DFSDM1_FLT3_IRQHandler
                0x08000954                TIM17_IRQHandler
                0x08000954                CRYP_IRQHandler
                0x08000954                BDMA_Channel7_IRQHandler
                0x08000954                LPTIM5_IRQHandler
                0x08000954                ADC3_IRQHandler
                0x08000954                BDMA_Channel2_IRQHandler
                0x08000954                DMAMUX1_OVR_IRQHandler
                0x08000954                TIM16_IRQHandler
                0x08000954                BDMA_Channel5_IRQHandler
                0x08000954                RCC_IRQHandler
                0x08000954                TIM8_BRK_TIM12_IRQHandler
                0x08000954                TIM1_TRG_COM_IRQHandler
                0x08000954                Default_Handler
                0x08000954                ECC_IRQHandler
                0x08000954                CEC_IRQHandler
                0x08000954                EXTI15_10_IRQHandler
                0x08000954                BDMA_Channel0_IRQHandler
                0x08000954                ADC_IRQHandler
                0x08000954                DMA1_Stream7_IRQHandler
                0x08000954                HRTIM1_TIMA_IRQHandler
                0x08000954                TIM7_IRQHandler
                0x08000954                SDMMC1_IRQHandler
                0x08000954                DMA2_Stream7_IRQHandler
                0x08000954                TIM15_IRQHandler
                0x08000954                PVD_AVD_IRQHandler
                0x08000954                EXTI9_5_IRQHandler
                0x08000954                RTC_WKUP_IRQHandler
                0x08000954                LTDC_IRQHandler
                0x08000954                SAI3_IRQHandler
                0x08000954                ETH_WKUP_IRQHandler
                0x08000954                SPDIF_RX_IRQHandler
                0x08000954                MemManage_Handler
                0x08000954                SVC_Handler
                0x08000954                CRS_IRQHandler
                0x08000954                EXTI4_IRQHandler
                0x08000954                HRTIM1_TIMB_IRQHandler
                0x08000954                FDCAN2_IT1_IRQHandler
                0x08000954                ETH_IRQHandler
                0x08000954                TIM1_UP_IRQHandler
                0x08000954                BDMA_Channel4_IRQHandler
                0x08000954                WWDG_IRQHandler
                0x08000954                SPI6_IRQHandler
                0x08000954                I2C4_EV_IRQHandler
                0x08000954                MDIOS_IRQHandler
                0x08000954                FDCAN2_IT0_IRQHandler
                0x08000954                FDCAN1_IT0_IRQHandler
                0x08000954                OTG_FS_WKUP_IRQHandler
                0x08000954                DMA2D_IRQHandler
                0x08000954                TIM1_BRK_IRQHandler
                0x08000954                EXTI1_IRQHandler
                0x08000954                SDMMC2_IRQHandler
                0x08000954                OTG_FS_EP1_OUT_IRQHandler
                0x08000954                BDMA_Channel3_IRQHandler
                0x08000954                MDIOS_WKUP_IRQHandler
                0x08000954                DFSDM1_FLT0_IRQHandler
                0x08000954                SAI4_IRQHandler
                0x08000954                I2C2_ER_IRQHandler
                0x08000954                FLASH_IRQHandler
                0x08000954                BusFault_Handler
                0x08000954                OTG_FS_IRQHandler
                0x08000954                WAKEUP_PIN_IRQHandler
                0x08000954                OTG_FS_EP1_IN_IRQHandler
                0x08000954                I2C1_ER_IRQHandler
                0x08000954                FMC_IRQHandler
                0x08000954                FDCAN_CAL_IRQHandler
                0x08000954                SWPMI1_IRQHandler
                0x08000954                COMP1_IRQHandler
                0x08000954                LPTIM1_IRQHandler
                0x08000954                I2C4_ER_IRQHandler
                0x08000954                DMA2_Stream6_IRQHandler
                0x08000954                SAI1_IRQHandler
 .text.Reset_Handler
                0x08000958       0x44 build/startup_stm32h750xx.o
                0x08000958                Reset_Handler
 .text._ZN5daisy8patch_sm12DaisyPatchSMD2Ev
                0x0800099c        0x4 build/Intonate.o
                0x0800099c                daisy::patch_sm::DaisyPatchSM::~DaisyPatchSM()
                0x0800099c                daisy::patch_sm::DaisyPatchSM::~DaisyPatchSM()
 .text._ZN7daisysp12PitchShifterD2Ev
                0x080009a0        0x4 build/Intonate.o
                0x080009a0                daisysp::PitchShifter::~PitchShifter()
                0x080009a0                daisysp::PitchShifter::~PitchShifter()
 .text._ZN7daisysp12PitchShifter7ProcessERf
                0x080009a4      0x2c8 build/Intonate.o
                0x080009a4                daisysp::PitchShifter::Process(float&)
 .text._Z13AudioCallbackPKPKfPPfj
                0x08000c6c      0x29c build/Intonate.o
                0x08000c6c                AudioCallback(float const* const*, float**, unsigned int)
 .text.startup.main
                0x08000f08      0x1b8 build/Intonate.o
                0x08000f08                main
 .text.startup._GLOBAL__sub_I_hw
                0x080010c0       0x38 build/Intonate.o
 .text._ZN5daisy8patch_sm12DaisyPatchSM4Impl19InternalDacCallbackEPPtj
                0x080010f8       0xa8 ../../libDaisy//build\libdaisy.a(daisy_patch_sm.o)
                0x080010f8                daisy::patch_sm::DaisyPatchSM::Impl::InternalDacCallback(unsigned short**, unsigned int)
 .text._ZN5daisy8patch_sm12DaisyPatchSM4InitEv
                0x080011a0      0x27c ../../libDaisy//build\libdaisy.a(daisy_patch_sm.o)
                0x080011a0                daisy::patch_sm::DaisyPatchSM::Init()
 .text._ZN5daisy8patch_sm12DaisyPatchSM10StartAudioEPFvPKPKfPPfjE
                0x0800141c        0x8 ../../libDaisy//build\libdaisy.a(daisy_patch_sm.o)
                0x0800141c                daisy::patch_sm::DaisyPatchSM::StartAudio(void (*)(float const* const*, float**, unsigned int))
 .text._ZN5daisy8patch_sm12DaisyPatchSM17SetAudioBlockSizeEj
                0x08001424       0x38 ../../libDaisy//build\libdaisy.a(daisy_patch_sm.o)
                0x08001424                daisy::patch_sm::DaisyPatchSM::SetAudioBlockSize(unsigned int)
 .text._ZN5daisy8patch_sm12DaisyPatchSM18SetAudioSampleRateENS_9SaiHandle6Config10SampleRateE
                0x0800145c       0x38 ../../libDaisy//build\libdaisy.a(daisy_patch_sm.o)
                0x0800145c                daisy::patch_sm::DaisyPatchSM::SetAudioSampleRate(daisy::SaiHandle::Config::SampleRate)
 .text._ZN5daisy8patch_sm12DaisyPatchSM15AudioSampleRateEv
                0x08001494        0x8 ../../libDaisy//build\libdaisy.a(daisy_patch_sm.o)
                0x08001494                daisy::patch_sm::DaisyPatchSM::AudioSampleRate()
 .text._ZN5daisy8patch_sm12DaisyPatchSM21ProcessAnalogControlsEv
                0x0800149c       0x18 ../../libDaisy//build\libdaisy.a(daisy_patch_sm.o)
                0x0800149c                daisy::patch_sm::DaisyPatchSM::ProcessAnalogControls()
 .text._ZN5daisy8patch_sm12DaisyPatchSM22ProcessDigitalControlsEv
                0x080014b4        0x4 ../../libDaisy//build\libdaisy.a(daisy_patch_sm.o)
                0x080014b4                daisy::patch_sm::DaisyPatchSM::ProcessDigitalControls()
 .text._ZN5daisy8patch_sm12DaisyPatchSM11GetAdcValueEi
                0x080014b8        0xc ../../libDaisy//build\libdaisy.a(daisy_patch_sm.o)
                0x080014b8                daisy::patch_sm::DaisyPatchSM::GetAdcValue(int)
 .text.startup._GLOBAL__sub_I__ZN5daisy8patch_sm12DaisyPatchSM2A1E
                0x080014c4       0x28 ../../libDaisy//build\libdaisy.a(daisy_patch_sm.o)
 .text._ZN5daisy7Pcm30604InitENS_9I2CHandleE
                0x080014ec      0x16c ../../libDaisy//build\libdaisy.a(codec_pcm3060.o)
                0x080014ec                daisy::Pcm3060::Init(daisy::I2CHandle)
 .text._ZN11SdramHandle10DeviceInitEv
                0x08001658       0x98 ../../libDaisy//build\libdaisy.a(sdram.o)
                0x08001658                SdramHandle::DeviceInit()
 .text._ZN11SdramHandle4InitEv
                0x080016f0       0x7c ../../libDaisy//build\libdaisy.a(sdram.o)
                0x080016f0                SdramHandle::Init()
 .text.HAL_SDRAM_MspInit
                0x0800176c      0x1a8 ../../libDaisy//build\libdaisy.a(sdram.o)
                0x0800176c                HAL_SDRAM_MspInit
 .text._ZN5daisy11AudioHandle4Impl16InternalCallbackEPlS2_j
                0x08001914      0xbbc ../../libDaisy//build\libdaisy.a(audio.o)
                0x08001914                daisy::AudioHandle::Impl::InternalCallback(long*, long*, unsigned int)
 .text._ZN5daisy11AudioHandle4InitERKNS0_6ConfigENS_9SaiHandleE
                0x080024d0       0x70 ../../libDaisy//build\libdaisy.a(audio.o)
                0x080024d0                daisy::AudioHandle::Init(daisy::AudioHandle::Config const&, daisy::SaiHandle)
 .text._ZNK5daisy11AudioHandle9GetConfigEv
                0x08002540        0x8 ../../libDaisy//build\libdaisy.a(audio.o)
                0x08002540                daisy::AudioHandle::GetConfig() const
 .text._ZN5daisy11AudioHandle12SetBlockSizeEj
                0x08002548       0x1c ../../libDaisy//build\libdaisy.a(audio.o)
                0x08002548                daisy::AudioHandle::SetBlockSize(unsigned int)
 .text._ZN5daisy11AudioHandle13GetSampleRateEv
                0x08002564        0x8 ../../libDaisy//build\libdaisy.a(audio.o)
                0x08002564                daisy::AudioHandle::GetSampleRate()
 .text._ZN5daisy11AudioHandle13SetSampleRateENS_9SaiHandle6Config10SampleRateE
                0x0800256c       0x88 ../../libDaisy//build\libdaisy.a(audio.o)
                0x0800256c                daisy::AudioHandle::SetSampleRate(daisy::SaiHandle::Config::SampleRate)
 .text._ZN5daisy11AudioHandle5StartEPFvPKPKfPPfjE
                0x080025f4       0x44 ../../libDaisy//build\libdaisy.a(audio.o)
                0x080025f4                daisy::AudioHandle::Start(void (*)(float const* const*, float**, unsigned int))
 .text.startup._GLOBAL__sub_I__ZN5daisy11AudioHandle4Impl4InitENS0_6ConfigENS_9SaiHandleE
                0x08002638       0x24 ../../libDaisy//build\libdaisy.a(audio.o)
 .text._ZN5daisy13AnalogControl4InitEPtfbbf
                0x0800265c       0x64 ../../libDaisy//build\libdaisy.a(ctrl.o)
                0x0800265c                daisy::AnalogControl::Init(unsigned short*, float, bool, bool, float)
 .text._ZN5daisy13AnalogControl13InitBipolarCvEPtf
                0x080026c0       0x6c ../../libDaisy//build\libdaisy.a(ctrl.o)
                0x080026c0                daisy::AnalogControl::InitBipolarCv(unsigned short*, float)
 .text._ZN5daisy13AnalogControl7ProcessEv
                0x0800272c       0x48 ../../libDaisy//build\libdaisy.a(ctrl.o)
                0x0800272c                daisy::AnalogControl::Process()
 .text._ZN5daisy6GateIn4InitEP12dsy_gpio_pinb
                0x08002774       0x14 ../../libDaisy//build\libdaisy.a(gatein.o)
                0x08002774                daisy::GateIn::Init(dsy_gpio_pin*, bool)
 .text._ZN5daisy16AdcChannelConfig10InitSingleE12dsy_gpio_pin
                0x08002788       0x1c ../../libDaisy//build\libdaisy.a(adc.o)
                0x08002788                daisy::AdcChannelConfig::InitSingle(dsy_gpio_pin)
 .text._ZN5daisy9AdcHandle4InitEPNS_16AdcChannelConfigEjNS0_12OverSamplingE
                0x080027a4      0x3c8 ../../libDaisy//build\libdaisy.a(adc.o)
                0x080027a4                daisy::AdcHandle::Init(daisy::AdcChannelConfig*, unsigned int, daisy::AdcHandle::OverSampling)
 .text._ZN5daisy9AdcHandle5StartEv
                0x08002b6c       0x2c ../../libDaisy//build\libdaisy.a(adc.o)
                0x08002b6c                daisy::AdcHandle::Start()
 .text._ZNK5daisy9AdcHandle6GetPtrEh
                0x08002b98       0x14 ../../libDaisy//build\libdaisy.a(adc.o)
                0x08002b98                daisy::AdcHandle::GetPtr(unsigned char) const
 .text.HAL_ADC_MspInit
                0x08002bac       0x98 ../../libDaisy//build\libdaisy.a(adc.o)
                0x08002bac                HAL_ADC_MspInit
 .text.DMA1_Stream2_IRQHandler
                0x08002c44        0xc ../../libDaisy//build\libdaisy.a(adc.o)
                0x08002c44                DMA1_Stream2_IRQHandler
 .text.HAL_ADC_ConvCpltCallback
                0x08002c50      0x148 ../../libDaisy//build\libdaisy.a(adc.o)
                0x08002c50                HAL_ADC_ConvCpltCallback
 .text.HAL_ADC_ErrorCallback
                0x08002d98        0x4 ../../libDaisy//build\libdaisy.a(adc.o)
                0x08002d98                HAL_ADC_ErrorCallback
 .text.HAL_DAC_MspInit
                0x08002d9c      0x15c ../../libDaisy//build\libdaisy.a(dac.o)
                0x08002d9c                HAL_DAC_MspInit
 .text.DMA2_Stream0_IRQHandler
                0x08002ef8        0xc ../../libDaisy//build\libdaisy.a(dac.o)
                0x08002ef8                DMA2_Stream0_IRQHandler
 .text.DMA2_Stream1_IRQHandler
                0x08002f04        0xc ../../libDaisy//build\libdaisy.a(dac.o)
                0x08002f04                DMA2_Stream1_IRQHandler
 .text.TIM6_DAC_IRQHandler
                0x08002f10       0x1c ../../libDaisy//build\libdaisy.a(dac.o)
                0x08002f10                TIM6_DAC_IRQHandler
 .text.HAL_DAC_ConvCpltCallbackCh1
                0x08002f2c       0x60 ../../libDaisy//build\libdaisy.a(dac.o)
                0x08002f2c                HAL_DAC_ConvCpltCallbackCh1
 .text.HAL_DAC_ConvHalfCpltCallbackCh1
                0x08002f8c       0x54 ../../libDaisy//build\libdaisy.a(dac.o)
                0x08002f8c                HAL_DAC_ConvHalfCpltCallbackCh1
 .text.HAL_DACEx_ConvHalfCpltCallbackCh2
                0x08002fe0       0x2c ../../libDaisy//build\libdaisy.a(dac.o)
                0x08002fe0                HAL_DACEx_ConvHalfCpltCallbackCh2
 .text.HAL_DACEx_ConvCpltCallbackCh2
                0x0800300c       0x34 ../../libDaisy//build\libdaisy.a(dac.o)
                0x0800300c                HAL_DACEx_ConvCpltCallbackCh2
 .text._ZN5daisy9DacHandle4InitERKNS0_6ConfigE
                0x08003040       0xfc ../../libDaisy//build\libdaisy.a(dac.o)
                0x08003040                daisy::DacHandle::Init(daisy::DacHandle::Config const&)
 .text._ZN5daisy9DacHandle5StartEPtS1_jPFvPS1_jE
                0x0800313c       0x6c ../../libDaisy//build\libdaisy.a(dac.o)
                0x0800313c                daisy::DacHandle::Start(unsigned short*, unsigned short*, unsigned int, void (*)(unsigned short**, unsigned int))
 .text._ZN5daisy9DacHandle4StopEv
                0x080031a8       0x40 ../../libDaisy//build\libdaisy.a(dac.o)
                0x080031a8                daisy::DacHandle::Stop()
 .text.dsy_gpio_init
                0x080031e8      0x1b8 ../../libDaisy//build\libdaisy.a(gpio.o)
                0x080031e8                dsy_gpio_init
 .text.dsy_gpio_write
                0x080033a0       0x24 ../../libDaisy//build\libdaisy.a(gpio.o)
                0x080033a0                dsy_gpio_write
 .text._ZN5daisy9I2CHandle4Impl8InitPinsEv
                0x080033c4       0x58 ../../libDaisy//build\libdaisy.a(i2c.o)
                0x080033c4                daisy::I2CHandle::Impl::InitPins()
 .text.HAL_I2C_MspInit
                0x0800341c      0x1b4 ../../libDaisy//build\libdaisy.a(i2c.o)
                0x0800341c                HAL_I2C_MspInit
 .text.dsy_i2c_global_init
                0x080035d0       0x78 ../../libDaisy//build\libdaisy.a(i2c.o)
                0x080035d0                dsy_i2c_global_init
 .text.DMA1_Stream6_IRQHandler
                0x08003648       0x34 ../../libDaisy//build\libdaisy.a(i2c.o)
                0x08003648                DMA1_Stream6_IRQHandler
 .text.I2C1_EV_IRQHandler
                0x0800367c        0xc ../../libDaisy//build\libdaisy.a(i2c.o)
                0x0800367c                I2C1_EV_IRQHandler
 .text.I2C2_EV_IRQHandler
                0x08003688        0xc ../../libDaisy//build\libdaisy.a(i2c.o)
                0x08003688                I2C2_EV_IRQHandler
 .text.I2C3_EV_IRQHandler
                0x08003694        0xc ../../libDaisy//build\libdaisy.a(i2c.o)
                0x08003694                I2C3_EV_IRQHandler
 .text._ZN5daisy9I2CHandle4InitERKNS0_6ConfigE
                0x080036a0      0x12c ../../libDaisy//build\libdaisy.a(i2c.o)
                0x080036a0                daisy::I2CHandle::Init(daisy::I2CHandle::Config const&)
 .text._ZN5daisy9I2CHandle17ReadDataAtAddressEtttPhtm
                0x080037cc       0x4c ../../libDaisy//build\libdaisy.a(i2c.o)
                0x080037cc                daisy::I2CHandle::ReadDataAtAddress(unsigned short, unsigned short, unsigned short, unsigned char*, unsigned short, unsigned long)
 .text._ZN5daisy9I2CHandle18WriteDataAtAddressEtttPhtm
                0x08003818       0x4c ../../libDaisy//build\libdaisy.a(i2c.o)
                0x08003818                daisy::I2CHandle::WriteDataAtAddress(unsigned short, unsigned short, unsigned short, unsigned char*, unsigned short, unsigned long)
 .text.startup._GLOBAL__sub_I__ZN5daisy9I2CHandle4Impl10GlobalInitEv
                0x08003864       0x18 ../../libDaisy//build\libdaisy.a(i2c.o)
 .text._ZN5daisy10QSPIHandle4Impl11WriteEnableEv
                0x0800387c       0x8c ../../libDaisy//build\libdaisy.a(qspi.o)
                0x0800387c                daisy::QSPIHandle::Impl::WriteEnable()
 .text._ZN5daisy10QSPIHandle4Impl17DummyCyclesConfigENS0_6Config6DeviceE
                0x08003908      0x118 ../../libDaisy//build\libdaisy.a(qspi.o)
                0x08003908                daisy::QSPIHandle::Impl::DummyCyclesConfig(daisy::QSPIHandle::Config::Device)
 .text._ZN5daisy10QSPIHandle4Impl10QuadEnableEv
                0x08003a20      0x158 ../../libDaisy//build\libdaisy.a(qspi.o)
                0x08003a20                daisy::QSPIHandle::Impl::QuadEnable()
 .text._ZN5daisy10QSPIHandle4InitERKNS0_6ConfigE
                0x08003b78      0x198 ../../libDaisy//build\libdaisy.a(qspi.o)
                0x08003b78                daisy::QSPIHandle::Init(daisy::QSPIHandle::Config const&)
 .text.HAL_QSPI_MspInit
                0x08003d10      0x11c ../../libDaisy//build\libdaisy.a(qspi.o)
                0x08003d10                HAL_QSPI_MspInit
 .text.HAL_QSPI_MspDeInit
                0x08003e2c       0x54 ../../libDaisy//build\libdaisy.a(qspi.o)
                0x08003e2c                HAL_QSPI_MspDeInit
 .text.QUADSPI_IRQHandler
                0x08003e80        0xc ../../libDaisy//build\libdaisy.a(qspi.o)
                0x08003e80                QUADSPI_IRQHandler
 .text.startup._GLOBAL__sub_I__ZN5daisy10QSPIHandle4Impl4InitERKNS0_6ConfigE
                0x08003e8c       0x28 ../../libDaisy//build\libdaisy.a(qspi.o)
 .text._ZN5daisy9SaiHandle4Impl7InitDmaENS1_15PeripheralBlockE
                0x08003eb4       0xa0 ../../libDaisy//build\libdaisy.a(sai.o)
                0x08003eb4                daisy::SaiHandle::Impl::InitDma(daisy::SaiHandle::Impl::PeripheralBlock)
 .text._ZN5daisy9SaiHandle4Impl8InitPinsEv
                0x08003f54       0xa8 ../../libDaisy//build\libdaisy.a(sai.o)
                0x08003f54                daisy::SaiHandle::Impl::InitPins()
 .text.HAL_SAI_MspInit
                0x08003ffc      0x164 ../../libDaisy//build\libdaisy.a(sai.o)
                0x08003ffc                HAL_SAI_MspInit
 .text.DMA1_Stream0_IRQHandler
                0x08004160        0xc ../../libDaisy//build\libdaisy.a(sai.o)
                0x08004160                DMA1_Stream0_IRQHandler
 .text.DMA1_Stream1_IRQHandler
                0x0800416c        0xc ../../libDaisy//build\libdaisy.a(sai.o)
                0x0800416c                DMA1_Stream1_IRQHandler
 .text.DMA1_Stream3_IRQHandler
                0x08004178        0xc ../../libDaisy//build\libdaisy.a(sai.o)
                0x08004178                DMA1_Stream3_IRQHandler
 .text.DMA1_Stream4_IRQHandler
                0x08004184        0xc ../../libDaisy//build\libdaisy.a(sai.o)
                0x08004184                DMA1_Stream4_IRQHandler
 .text.HAL_SAI_RxHalfCpltCallback
                0x08004190       0x78 ../../libDaisy//build\libdaisy.a(sai.o)
                0x08004190                HAL_SAI_RxHalfCpltCallback
 .text.HAL_SAI_RxCpltCallback
                0x08004208       0x70 ../../libDaisy//build\libdaisy.a(sai.o)
                0x08004208                HAL_SAI_RxCpltCallback
 .text._ZN5daisy9SaiHandle4InitERKNS0_6ConfigE
                0x08004278      0x1f0 ../../libDaisy//build\libdaisy.a(sai.o)
                0x08004278                daisy::SaiHandle::Init(daisy::SaiHandle::Config const&)
 .text._ZNK5daisy9SaiHandle9GetConfigEv
                0x08004468        0x4 ../../libDaisy//build\libdaisy.a(sai.o)
                0x08004468                daisy::SaiHandle::GetConfig() const
 .text._ZN5daisy9SaiHandle8StartDmaEPlS1_jPFvS1_S1_jE
                0x0800446c       0xbc ../../libDaisy//build\libdaisy.a(sai.o)
                0x0800446c                daisy::SaiHandle::StartDma(long*, long*, unsigned int, void (*)(long*, long*, unsigned int))
 .text._ZN5daisy9SaiHandle13GetSampleRateEv
                0x08004528       0x24 ../../libDaisy//build\libdaisy.a(sai.o)
                0x08004528                daisy::SaiHandle::GetSampleRate()
 .text._ZNK5daisy9SaiHandle9GetOffsetEv
                0x0800454c        0x8 ../../libDaisy//build\libdaisy.a(sai.o)
                0x0800454c                daisy::SaiHandle::GetOffset() const
 .text._ZN5daisy11TimerHandleD2Ev
                0x08004554        0x4 ../../libDaisy//build\libdaisy.a(system.o)
                0x08004554                daisy::TimerHandle::~TimerHandle()
                0x08004554                daisy::TimerHandle::~TimerHandle()
 .text.SysTick_Handler
                0x08004558       0x10 ../../libDaisy//build\libdaisy.a(system.o)
                0x08004558                SysTick_Handler
 .text.OTG_HS_EP1_OUT_IRQHandler
                0x08004568       0x24 ../../libDaisy//build\libdaisy.a(system.o)
                0x08004568                OTG_HS_EP1_OUT_IRQHandler
 .text.OTG_HS_EP1_IN_IRQHandler
                0x0800458c       0x24 ../../libDaisy//build\libdaisy.a(system.o)
                0x0800458c                OTG_HS_EP1_IN_IRQHandler
 .text.OTG_HS_IRQHandler
                0x080045b0       0x24 ../../libDaisy//build\libdaisy.a(system.o)
                0x080045b0                OTG_HS_IRQHandler
 .text.HardFault_Handler
                0x080045d4       0xe0 ../../libDaisy//build\libdaisy.a(system.o)
                0x080045d4                HardFault_Handler
 .text._ZN5daisy6System5DelayEm
                0x080046b4        0x4 ../../libDaisy//build\libdaisy.a(system.o)
                0x080046b4                daisy::System::Delay(unsigned long)
 .text._ZN5daisy6System15ConfigureClocksEv
                0x080046b8      0x194 ../../libDaisy//build\libdaisy.a(system.o)
                0x080046b8                daisy::System::ConfigureClocks()
 .text._ZN5daisy6System4InitERKNS0_6ConfigE
                0x0800484c      0x140 ../../libDaisy//build\libdaisy.a(system.o)
                0x0800484c                daisy::System::Init(daisy::System::Config const&)
 .text._ZN5daisy6System12GetPClk1FreqEv
                0x0800498c        0x4 ../../libDaisy//build\libdaisy.a(system.o)
                0x0800498c                daisy::System::GetPClk1Freq()
 .text._ZN5daisy6System12GetPClk2FreqEv
                0x08004990        0x4 ../../libDaisy//build\libdaisy.a(system.o)
                0x08004990                daisy::System::GetPClk2Freq()
 .text._ZN5daisy6System22GetProgramMemoryRegionEv
                0x08004994       0x78 ../../libDaisy//build\libdaisy.a(system.o)
                0x08004994                daisy::System::GetProgramMemoryRegion()
 .text.startup._GLOBAL__sub_I_SysTick_Handler
                0x08004a0c       0x1c ../../libDaisy//build\libdaisy.a(system.o)
 .text.SystemInit
                0x08004a28       0x9c ../../libDaisy//build\libdaisy.a(system_stm32h7xx.o)
                0x08004a28                SystemInit
 .text.HAL_PCD_SetupStageCallback
                0x08004ac4        0xc ../../libDaisy//build\libdaisy.a(usbd_conf.o)
                0x08004ac4                HAL_PCD_SetupStageCallback
 .text.HAL_PCD_DataOutStageCallback
                0x08004ad0       0x14 ../../libDaisy//build\libdaisy.a(usbd_conf.o)
                0x08004ad0                HAL_PCD_DataOutStageCallback
 .text.HAL_PCD_DataInStageCallback
                0x08004ae4       0x14 ../../libDaisy//build\libdaisy.a(usbd_conf.o)
                0x08004ae4                HAL_PCD_DataInStageCallback
 .text.HAL_PCD_SOFCallback
                0x08004af8        0x8 ../../libDaisy//build\libdaisy.a(usbd_conf.o)
                0x08004af8                HAL_PCD_SOFCallback
 .text.HAL_PCD_ResetCallback
                0x08004b00       0x24 ../../libDaisy//build\libdaisy.a(usbd_conf.o)
                0x08004b00                HAL_PCD_ResetCallback
 .text.HAL_PCD_SuspendCallback
                0x08004b24       0x30 ../../libDaisy//build\libdaisy.a(usbd_conf.o)
                0x08004b24                HAL_PCD_SuspendCallback
 .text.HAL_PCD_ResumeCallback
                0x08004b54        0x8 ../../libDaisy//build\libdaisy.a(usbd_conf.o)
                0x08004b54                HAL_PCD_ResumeCallback
 .text.HAL_PCD_ISOOUTIncompleteCallback
                0x08004b5c        0x8 ../../libDaisy//build\libdaisy.a(usbd_conf.o)
                0x08004b5c                HAL_PCD_ISOOUTIncompleteCallback
 .text.HAL_PCD_ISOINIncompleteCallback
                0x08004b64        0x8 ../../libDaisy//build\libdaisy.a(usbd_conf.o)
                0x08004b64                HAL_PCD_ISOINIncompleteCallback
 .text.HAL_PCD_ConnectCallback
                0x08004b6c        0x8 ../../libDaisy//build\libdaisy.a(usbd_conf.o)
                0x08004b6c                HAL_PCD_ConnectCallback
 .text.HAL_PCD_DisconnectCallback
                0x08004b74        0x8 ../../libDaisy//build\libdaisy.a(usbd_conf.o)
                0x08004b74                HAL_PCD_DisconnectCallback
 .text.USBD_LL_OpenEP
                0x08004b7c       0x24 ../../libDaisy//build\libdaisy.a(usbd_conf.o)
                0x08004b7c                USBD_LL_OpenEP
 .text.USBD_LL_StallEP
                0x08004ba0       0x1c ../../libDaisy//build\libdaisy.a(usbd_conf.o)
                0x08004ba0                USBD_LL_StallEP
 .text.USBD_LL_ClearStallEP
                0x08004bbc       0x1c ../../libDaisy//build\libdaisy.a(usbd_conf.o)
                0x08004bbc                USBD_LL_ClearStallEP
 .text.USBD_LL_IsStallEP
                0x08004bd8       0x28 ../../libDaisy//build\libdaisy.a(usbd_conf.o)
                0x08004bd8                USBD_LL_IsStallEP
 .text.USBD_LL_SetUSBAddress
                0x08004c00       0x1c ../../libDaisy//build\libdaisy.a(usbd_conf.o)
                0x08004c00                USBD_LL_SetUSBAddress
 .text.USBD_LL_Transmit
                0x08004c1c       0x1c ../../libDaisy//build\libdaisy.a(usbd_conf.o)
                0x08004c1c                USBD_LL_Transmit
 .text.USBD_LL_PrepareReceive
                0x08004c38       0x1c ../../libDaisy//build\libdaisy.a(usbd_conf.o)
                0x08004c38                USBD_LL_PrepareReceive
 .text.HAL_HCD_SOF_Callback
                0x08004c54        0x8 ../../libDaisy//build\libdaisy.a(usbh_conf.o)
                0x08004c54                HAL_HCD_SOF_Callback
 .text.HAL_HCD_Connect_Callback
                0x08004c5c        0x8 ../../libDaisy//build\libdaisy.a(usbh_conf.o)
                0x08004c5c                HAL_HCD_Connect_Callback
 .text.HAL_HCD_Disconnect_Callback
                0x08004c64        0x8 ../../libDaisy//build\libdaisy.a(usbh_conf.o)
                0x08004c64                HAL_HCD_Disconnect_Callback
 .text.HAL_HCD_HC_NotifyURBChange_Callback
                0x08004c6c        0x4 ../../libDaisy//build\libdaisy.a(usbh_conf.o)
                0x08004c6c                HAL_HCD_HC_NotifyURBChange_Callback
 .text.HAL_HCD_PortEnabled_Callback
                0x08004c70        0x8 ../../libDaisy//build\libdaisy.a(usbh_conf.o)
                0x08004c70                HAL_HCD_PortEnabled_Callback
 .text.HAL_HCD_PortDisabled_Callback
                0x08004c78        0x8 ../../libDaisy//build\libdaisy.a(usbh_conf.o)
                0x08004c78                HAL_HCD_PortDisabled_Callback
 .text.USBH_LL_Stop
                0x08004c80       0x1c ../../libDaisy//build\libdaisy.a(usbh_conf.o)
                0x08004c80                USBH_LL_Stop
 .text.dsy_hal_map_get_port
                0x08004c9c       0x10 ../../libDaisy//build\libdaisy.a(hal_map.o)
                0x08004c9c                dsy_hal_map_get_port
 .text.dsy_hal_map_get_pin
                0x08004cac       0x10 ../../libDaisy//build\libdaisy.a(hal_map.o)
                0x08004cac                dsy_hal_map_get_pin
 .text.dsy_hal_map_gpio_clk_enable
                0x08004cbc      0x150 ../../libDaisy//build\libdaisy.a(hal_map.o)
                0x08004cbc                dsy_hal_map_gpio_clk_enable
 .text.HAL_MspInit
                0x08004e0c        0x4 ../../libDaisy//build\libdaisy.a(stm32h7xx_hal.o)
                0x08004e0c                HAL_MspInit
 .text.HAL_InitTick
                0x08004e10       0x4c ../../libDaisy//build\libdaisy.a(stm32h7xx_hal.o)
                0x08004e10                HAL_InitTick
 .text.HAL_Init
                0x08004e5c       0x60 ../../libDaisy//build\libdaisy.a(stm32h7xx_hal.o)
                0x08004e5c                HAL_Init
 .text.HAL_IncTick
                0x08004ebc       0x18 ../../libDaisy//build\libdaisy.a(stm32h7xx_hal.o)
                0x08004ebc                HAL_IncTick
 .text.HAL_GetTick
                0x08004ed4        0xc ../../libDaisy//build\libdaisy.a(stm32h7xx_hal.o)
                0x08004ed4                HAL_GetTick
 .text.HAL_Delay
                0x08004ee0       0x24 ../../libDaisy//build\libdaisy.a(stm32h7xx_hal.o)
                0x08004ee0                HAL_Delay
 .text.HAL_GetREVID
                0x08004f04        0xc ../../libDaisy//build\libdaisy.a(stm32h7xx_hal.o)
                0x08004f04                HAL_GetREVID
 .text.HAL_ADC_ConvHalfCpltCallback
                0x08004f10        0x4 ../../libDaisy//build\libdaisy.a(stm32h7xx_hal_adc.o)
                0x08004f10                HAL_ADC_ConvHalfCpltCallback
 .text.ADC_DMAHalfConvCplt
                0x08004f14        0xc ../../libDaisy//build\libdaisy.a(stm32h7xx_hal_adc.o)
                0x08004f14                ADC_DMAHalfConvCplt
 .text.ADC_DMAConvCplt
                0x08004f20       0x6c ../../libDaisy//build\libdaisy.a(stm32h7xx_hal_adc.o)
                0x08004f20                ADC_DMAConvCplt
 .text.ADC_DMAError
                0x08004f8c       0x1c ../../libDaisy//build\libdaisy.a(stm32h7xx_hal_adc.o)
                0x08004f8c                ADC_DMAError
 .text.HAL_ADC_ConfigChannel
                0x08004fa8      0x3fc ../../libDaisy//build\libdaisy.a(stm32h7xx_hal_adc.o)
                0x08004fa8                HAL_ADC_ConfigChannel
 .text.ADC_Enable
                0x080053a4       0xac ../../libDaisy//build\libdaisy.a(stm32h7xx_hal_adc.o)
                0x080053a4                ADC_Enable
 .text.HAL_ADC_Start_DMA
                0x08005450      0x114 ../../libDaisy//build\libdaisy.a(stm32h7xx_hal_adc.o)
                0x08005450                HAL_ADC_Start_DMA
 .text.ADC_Disable
                0x08005564       0x68 ../../libDaisy//build\libdaisy.a(stm32h7xx_hal_adc.o)
                0x08005564                ADC_Disable
 .text.ADC_ConfigureBoostMode
                0x080055cc      0x184 ../../libDaisy//build\libdaisy.a(stm32h7xx_hal_adc.o)
                0x080055cc                ADC_ConfigureBoostMode
 .text.HAL_ADC_Init
                0x08005750      0x218 ../../libDaisy//build\libdaisy.a(stm32h7xx_hal_adc.o)
                0x08005750                HAL_ADC_Init
 .text.HAL_ADCEx_Calibration_Start
                0x08005968       0xa4 ../../libDaisy//build\libdaisy.a(stm32h7xx_hal_adc_ex.o)
                0x08005968                HAL_ADCEx_Calibration_Start
 .text.HAL_ADCEx_MultiModeConfigChannel
                0x08005a0c       0xc4 ../../libDaisy//build\libdaisy.a(stm32h7xx_hal_adc_ex.o)
                0x08005a0c                HAL_ADCEx_MultiModeConfigChannel
 .text.HAL_NVIC_SetPriorityGrouping
                0x08005ad0       0x24 ../../libDaisy//build\libdaisy.a(stm32h7xx_hal_cortex.o)
                0x08005ad0                HAL_NVIC_SetPriorityGrouping
 .text.HAL_NVIC_SetPriority
                0x08005af4       0x7c ../../libDaisy//build\libdaisy.a(stm32h7xx_hal_cortex.o)
                0x08005af4                HAL_NVIC_SetPriority
 .text.HAL_NVIC_EnableIRQ
                0x08005b70       0x1c ../../libDaisy//build\libdaisy.a(stm32h7xx_hal_cortex.o)
                0x08005b70                HAL_NVIC_EnableIRQ
 .text.HAL_NVIC_DisableIRQ
                0x08005b8c       0x28 ../../libDaisy//build\libdaisy.a(stm32h7xx_hal_cortex.o)
                0x08005b8c                HAL_NVIC_DisableIRQ
 .text.HAL_SYSTICK_Config
                0x08005bb4       0x2c ../../libDaisy//build\libdaisy.a(stm32h7xx_hal_cortex.o)
                0x08005bb4                HAL_SYSTICK_Config
 .text.HAL_MPU_Disable
                0x08005be0       0x1c ../../libDaisy//build\libdaisy.a(stm32h7xx_hal_cortex.o)
                0x08005be0                HAL_MPU_Disable
 .text.HAL_MPU_Enable
                0x08005bfc       0x20 ../../libDaisy//build\libdaisy.a(stm32h7xx_hal_cortex.o)
                0x08005bfc                HAL_MPU_Enable
 .text.HAL_MPU_ConfigRegion
                0x08005c1c       0x64 ../../libDaisy//build\libdaisy.a(stm32h7xx_hal_cortex.o)
                0x08005c1c                HAL_MPU_ConfigRegion
 .text.HAL_SYSTICK_Callback
                0x08005c80        0x4 ../../libDaisy//build\libdaisy.a(stm32h7xx_hal_cortex.o)
                0x08005c80                HAL_SYSTICK_Callback
 .text.HAL_SYSTICK_IRQHandler
                0x08005c84        0x8 ../../libDaisy//build\libdaisy.a(stm32h7xx_hal_cortex.o)
                0x08005c84                HAL_SYSTICK_IRQHandler
 .text.HAL_DAC_Init
                0x08005c8c       0x2c ../../libDaisy//build\libdaisy.a(stm32h7xx_hal_dac.o)
                0x08005c8c                HAL_DAC_Init
 .text.HAL_DAC_Start_DMA
                0x08005cb8      0x118 ../../libDaisy//build\libdaisy.a(stm32h7xx_hal_dac.o)
                0x08005cb8                HAL_DAC_Start_DMA
 .text.HAL_DAC_Stop_DMA
                0x08005dd0       0x5c ../../libDaisy//build\libdaisy.a(stm32h7xx_hal_dac.o)
                0x08005dd0                HAL_DAC_Stop_DMA
 .text.DAC_DMAConvCpltCh1
                0x08005e2c       0x10 ../../libDaisy//build\libdaisy.a(stm32h7xx_hal_dac.o)
 .text.DAC_DMAHalfConvCpltCh1
                0x08005e3c        0xc ../../libDaisy//build\libdaisy.a(stm32h7xx_hal_dac.o)
 .text.HAL_DAC_ErrorCallbackCh1
                0x08005e48        0x4 ../../libDaisy//build\libdaisy.a(stm32h7xx_hal_dac.o)
                0x08005e48                HAL_DAC_ErrorCallbackCh1
 .text.DAC_DMAErrorCh1
                0x08005e4c       0x18 ../../libDaisy//build\libdaisy.a(stm32h7xx_hal_dac.o)
 .text.HAL_DAC_DMAUnderrunCallbackCh1
                0x08005e64        0x4 ../../libDaisy//build\libdaisy.a(stm32h7xx_hal_dac.o)
                0x08005e64                HAL_DAC_DMAUnderrunCallbackCh1
 .text.HAL_DAC_IRQHandler
                0x08005e68       0x68 ../../libDaisy//build\libdaisy.a(stm32h7xx_hal_dac.o)
                0x08005e68                HAL_DAC_IRQHandler
 .text.HAL_DAC_ConfigChannel
                0x08005ed0      0x130 ../../libDaisy//build\libdaisy.a(stm32h7xx_hal_dac.o)
                0x08005ed0                HAL_DAC_ConfigChannel
 .text.HAL_DACEx_ErrorCallbackCh2
                0x08006000        0x4 ../../libDaisy//build\libdaisy.a(stm32h7xx_hal_dac_ex.o)
                0x08006000                HAL_DACEx_ErrorCallbackCh2
 .text.HAL_DACEx_DMAUnderrunCallbackCh2
                0x08006004        0x4 ../../libDaisy//build\libdaisy.a(stm32h7xx_hal_dac_ex.o)
                0x08006004                HAL_DACEx_DMAUnderrunCallbackCh2
 .text.DAC_DMAConvCpltCh2
                0x08006008       0x10 ../../libDaisy//build\libdaisy.a(stm32h7xx_hal_dac_ex.o)
                0x08006008                DAC_DMAConvCpltCh2
 .text.DAC_DMAHalfConvCpltCh2
                0x08006018        0xc ../../libDaisy//build\libdaisy.a(stm32h7xx_hal_dac_ex.o)
                0x08006018                DAC_DMAHalfConvCpltCh2
 .text.DAC_DMAErrorCh2
                0x08006024       0x18 ../../libDaisy//build\libdaisy.a(stm32h7xx_hal_dac_ex.o)
                0x08006024                DAC_DMAErrorCh2
 .text.DMA_CalcBaseAndBitshift
                0x0800603c       0xf4 ../../libDaisy//build\libdaisy.a(stm32h7xx_hal_dma.o)
 .text.DMA_CalcDMAMUXChannelBaseAndMask
                0x08006130       0xd8 ../../libDaisy//build\libdaisy.a(stm32h7xx_hal_dma.o)
 .text.HAL_DMA_Init
                0x08006208      0x37c ../../libDaisy//build\libdaisy.a(stm32h7xx_hal_dma.o)
                0x08006208                HAL_DMA_Init
 .text.HAL_DMA_Start_IT
                0x08006584      0x240 ../../libDaisy//build\libdaisy.a(stm32h7xx_hal_dma.o)
                0x08006584                HAL_DMA_Start_IT
 .text.HAL_DMA_Abort
                0x080067c4      0x21c ../../libDaisy//build\libdaisy.a(stm32h7xx_hal_dma.o)
                0x080067c4                HAL_DMA_Abort
 .text.HAL_DMA_Abort_IT
                0x080069e0      0x134 ../../libDaisy//build\libdaisy.a(stm32h7xx_hal_dma.o)
                0x080069e0                HAL_DMA_Abort_IT
 .text.HAL_DMA_IRQHandler
                0x08006b14      0x6a0 ../../libDaisy//build\libdaisy.a(stm32h7xx_hal_dma.o)
                0x08006b14                HAL_DMA_IRQHandler
 .text.HAL_DMA_GetError
                0x080071b4        0x4 ../../libDaisy//build\libdaisy.a(stm32h7xx_hal_dma.o)
                0x080071b4                HAL_DMA_GetError
 .text.HAL_GPIO_Init
                0x080071b8      0x280 ../../libDaisy//build\libdaisy.a(stm32h7xx_hal_gpio.o)
                0x080071b8                HAL_GPIO_Init
 .text.HAL_GPIO_DeInit
                0x08007438      0x190 ../../libDaisy//build\libdaisy.a(stm32h7xx_hal_gpio.o)
                0x08007438                HAL_GPIO_DeInit
 .text.HAL_GPIO_WritePin
                0x080075c8        0x8 ../../libDaisy//build\libdaisy.a(stm32h7xx_hal_gpio.o)
                0x080075c8                HAL_GPIO_WritePin
 .text.HAL_HCD_IRQHandler
                0x080075d0      0x780 ../../libDaisy//build\libdaisy.a(stm32h7xx_hal_hcd.o)
                0x080075d0                HAL_HCD_IRQHandler
 .text.HAL_HCD_Stop
                0x08007d50       0x28 ../../libDaisy//build\libdaisy.a(stm32h7xx_hal_hcd.o)
                0x08007d50                HAL_HCD_Stop
 .text.I2C_WaitOnTXISFlagUntilTimeout
                0x08007d78       0xb8 ../../libDaisy//build\libdaisy.a(stm32h7xx_hal_i2c.o)
 .text.I2C_WaitOnSTOPFlagUntilTimeout
                0x08007e30       0xac ../../libDaisy//build\libdaisy.a(stm32h7xx_hal_i2c.o)
 .text.HAL_I2C_Init
                0x08007edc       0xac ../../libDaisy//build\libdaisy.a(stm32h7xx_hal_i2c.o)
                0x08007edc                HAL_I2C_Init
 .text.HAL_I2C_Mem_Write
                0x08007f88      0x254 ../../libDaisy//build\libdaisy.a(stm32h7xx_hal_i2c.o)
                0x08007f88                HAL_I2C_Mem_Write
 .text.HAL_I2C_Mem_Read
                0x080081dc      0x29c ../../libDaisy//build\libdaisy.a(stm32h7xx_hal_i2c.o)
                0x080081dc                HAL_I2C_Mem_Read
 .text.HAL_I2C_EV_IRQHandler
                0x08008478       0x10 ../../libDaisy//build\libdaisy.a(stm32h7xx_hal_i2c.o)
                0x08008478                HAL_I2C_EV_IRQHandler
 .text.HAL_I2C_GetState
                0x08008488        0x8 ../../libDaisy//build\libdaisy.a(stm32h7xx_hal_i2c.o)
                0x08008488                HAL_I2C_GetState
 .text.HAL_I2CEx_ConfigAnalogFilter
                0x08008490       0x54 ../../libDaisy//build\libdaisy.a(stm32h7xx_hal_i2c_ex.o)
                0x08008490                HAL_I2CEx_ConfigAnalogFilter
 .text.HAL_I2CEx_ConfigDigitalFilter
                0x080084e4       0x58 ../../libDaisy//build\libdaisy.a(stm32h7xx_hal_i2c_ex.o)
                0x080084e4                HAL_I2CEx_ConfigDigitalFilter
 .text.HAL_PCD_IRQHandler
                0x0800853c      0x69c ../../libDaisy//build\libdaisy.a(stm32h7xx_hal_pcd.o)
                0x0800853c                HAL_PCD_IRQHandler
 .text.HAL_PCD_SetAddress
                0x08008bd8       0x2c ../../libDaisy//build\libdaisy.a(stm32h7xx_hal_pcd.o)
                0x08008bd8                HAL_PCD_SetAddress
 .text.HAL_PCD_EP_Open
                0x08008c04       0x7c ../../libDaisy//build\libdaisy.a(stm32h7xx_hal_pcd.o)
                0x08008c04                HAL_PCD_EP_Open
 .text.HAL_PCD_EP_Receive
                0x08008c80       0x50 ../../libDaisy//build\libdaisy.a(stm32h7xx_hal_pcd.o)
                0x08008c80                HAL_PCD_EP_Receive
 .text.HAL_PCD_EP_Transmit
                0x08008cd0       0x50 ../../libDaisy//build\libdaisy.a(stm32h7xx_hal_pcd.o)
                0x08008cd0                HAL_PCD_EP_Transmit
 .text.HAL_PCD_EP_SetStall
                0x08008d20       0x88 ../../libDaisy//build\libdaisy.a(stm32h7xx_hal_pcd.o)
                0x08008d20                HAL_PCD_EP_SetStall
 .text.HAL_PCD_EP_ClrStall
                0x08008da8       0x78 ../../libDaisy//build\libdaisy.a(stm32h7xx_hal_pcd.o)
                0x08008da8                HAL_PCD_EP_ClrStall
 .text.HAL_PCDEx_LPM_Callback
                0x08008e20        0x4 ../../libDaisy//build\libdaisy.a(stm32h7xx_hal_pcd_ex.o)
                0x08008e20                HAL_PCDEx_LPM_Callback
 .text.HAL_PWREx_ConfigSupply
                0x08008e24       0x4c ../../libDaisy//build\libdaisy.a(stm32h7xx_hal_pwr_ex.o)
                0x08008e24                HAL_PWREx_ConfigSupply
 .text.HAL_PWREx_EnableUSBVoltageDetector
                0x08008e70       0x10 ../../libDaisy//build\libdaisy.a(stm32h7xx_hal_pwr_ex.o)
                0x08008e70                HAL_PWREx_EnableUSBVoltageDetector
 .text.QSPI_Config
                0x08008e80      0x174 ../../libDaisy//build\libdaisy.a(stm32h7xx_hal_qspi.o)
 .text.HAL_QSPI_Init
                0x08008ff4       0xd8 ../../libDaisy//build\libdaisy.a(stm32h7xx_hal_qspi.o)
                0x08008ff4                HAL_QSPI_Init
 .text.HAL_QSPI_DeInit
                0x080090cc       0x3c ../../libDaisy//build\libdaisy.a(stm32h7xx_hal_qspi.o)
                0x080090cc                HAL_QSPI_DeInit
 .text.HAL_QSPI_Command
                0x08009108       0xd4 ../../libDaisy//build\libdaisy.a(stm32h7xx_hal_qspi.o)
                0x08009108                HAL_QSPI_Command
 .text.HAL_QSPI_Transmit
                0x080091dc       0xfc ../../libDaisy//build\libdaisy.a(stm32h7xx_hal_qspi.o)
                0x080091dc                HAL_QSPI_Transmit
 .text.HAL_QSPI_Receive
                0x080092d8      0x108 ../../libDaisy//build\libdaisy.a(stm32h7xx_hal_qspi.o)
                0x080092d8                HAL_QSPI_Receive
 .text.HAL_QSPI_AutoPolling
                0x080093e0       0xf0 ../../libDaisy//build\libdaisy.a(stm32h7xx_hal_qspi.o)
                0x080093e0                HAL_QSPI_AutoPolling
 .text.HAL_QSPI_MemoryMapped
                0x080094d0       0xc0 ../../libDaisy//build\libdaisy.a(stm32h7xx_hal_qspi.o)
                0x080094d0                HAL_QSPI_MemoryMapped
 .text.HAL_QSPI_ErrorCallback
                0x08009590        0x4 ../../libDaisy//build\libdaisy.a(stm32h7xx_hal_qspi.o)
                0x08009590                HAL_QSPI_ErrorCallback
 .text.QSPI_DMAAbortCplt
                0x08009594       0x38 ../../libDaisy//build\libdaisy.a(stm32h7xx_hal_qspi.o)
 .text.HAL_QSPI_AbortCpltCallback
                0x080095cc        0x4 ../../libDaisy//build\libdaisy.a(stm32h7xx_hal_qspi.o)
                0x080095cc                HAL_QSPI_AbortCpltCallback
 .text.HAL_QSPI_CmdCpltCallback
                0x080095d0        0x4 ../../libDaisy//build\libdaisy.a(stm32h7xx_hal_qspi.o)
                0x080095d0                HAL_QSPI_CmdCpltCallback
 .text.HAL_QSPI_RxCpltCallback
                0x080095d4        0x4 ../../libDaisy//build\libdaisy.a(stm32h7xx_hal_qspi.o)
                0x080095d4                HAL_QSPI_RxCpltCallback
 .text.HAL_QSPI_TxCpltCallback
                0x080095d8        0x4 ../../libDaisy//build\libdaisy.a(stm32h7xx_hal_qspi.o)
                0x080095d8                HAL_QSPI_TxCpltCallback
 .text.HAL_QSPI_FifoThresholdCallback
                0x080095dc        0x4 ../../libDaisy//build\libdaisy.a(stm32h7xx_hal_qspi.o)
                0x080095dc                HAL_QSPI_FifoThresholdCallback
 .text.HAL_QSPI_StatusMatchCallback
                0x080095e0        0x4 ../../libDaisy//build\libdaisy.a(stm32h7xx_hal_qspi.o)
                0x080095e0                HAL_QSPI_StatusMatchCallback
 .text.HAL_QSPI_TimeOutCallback
                0x080095e4        0x4 ../../libDaisy//build\libdaisy.a(stm32h7xx_hal_qspi.o)
                0x080095e4                HAL_QSPI_TimeOutCallback
 .text.HAL_QSPI_IRQHandler
                0x080095e8      0x210 ../../libDaisy//build\libdaisy.a(stm32h7xx_hal_qspi.o)
                0x080095e8                HAL_QSPI_IRQHandler
 .text.HAL_RCC_OscConfig
                0x080097f8      0x51c ../../libDaisy//build\libdaisy.a(stm32h7xx_hal_rcc.o)
                0x080097f8                HAL_RCC_OscConfig
 .text.HAL_RCC_GetSysClockFreq
                0x08009d14      0x140 ../../libDaisy//build\libdaisy.a(stm32h7xx_hal_rcc.o)
                0x08009d14                HAL_RCC_GetSysClockFreq
 .text.HAL_RCC_ClockConfig
                0x08009e54      0x234 ../../libDaisy//build\libdaisy.a(stm32h7xx_hal_rcc.o)
                0x08009e54                HAL_RCC_ClockConfig
 .text.HAL_RCC_GetHCLKFreq
                0x0800a088       0x2c ../../libDaisy//build\libdaisy.a(stm32h7xx_hal_rcc.o)
                0x0800a088                HAL_RCC_GetHCLKFreq
 .text.HAL_RCC_GetPCLK1Freq
                0x0800a0b4       0x38 ../../libDaisy//build\libdaisy.a(stm32h7xx_hal_rcc.o)
                0x0800a0b4                HAL_RCC_GetPCLK1Freq
 .text.HAL_RCC_GetPCLK2Freq
                0x0800a0ec       0x38 ../../libDaisy//build\libdaisy.a(stm32h7xx_hal_rcc.o)
                0x0800a0ec                HAL_RCC_GetPCLK2Freq
 .text.RCCEx_PLL2_Config
                0x0800a124       0xf4 ../../libDaisy//build\libdaisy.a(stm32h7xx_hal_rcc_ex.o)
 .text.RCCEx_PLL3_Config
                0x0800a218       0xf4 ../../libDaisy//build\libdaisy.a(stm32h7xx_hal_rcc_ex.o)
 .text.HAL_RCCEx_PeriphCLKConfig
                0x0800a30c      0xa7c ../../libDaisy//build\libdaisy.a(stm32h7xx_hal_rcc_ex.o)
                0x0800a30c                HAL_RCCEx_PeriphCLKConfig
 .text.HAL_RCCEx_GetD3PCLK1Freq
                0x0800ad88       0x24 ../../libDaisy//build\libdaisy.a(stm32h7xx_hal_rcc_ex.o)
                0x0800ad88                HAL_RCCEx_GetD3PCLK1Freq
 .text.HAL_RCCEx_GetPLL2ClockFreq
                0x0800adac      0x17c ../../libDaisy//build\libdaisy.a(stm32h7xx_hal_rcc_ex.o)
                0x0800adac                HAL_RCCEx_GetPLL2ClockFreq
 .text.HAL_RCCEx_GetPLL3ClockFreq
                0x0800af28      0x17c ../../libDaisy//build\libdaisy.a(stm32h7xx_hal_rcc_ex.o)
                0x0800af28                HAL_RCCEx_GetPLL3ClockFreq
 .text.HAL_RCCEx_GetPLL1ClockFreq
                0x0800b0a4      0x17c ../../libDaisy//build\libdaisy.a(stm32h7xx_hal_rcc_ex.o)
                0x0800b0a4                HAL_RCCEx_GetPLL1ClockFreq
 .text.HAL_RCCEx_GetPeriphCLKFreq
                0x0800b220      0x198 ../../libDaisy//build\libdaisy.a(stm32h7xx_hal_rcc_ex.o)
                0x0800b220                HAL_RCCEx_GetPeriphCLKFreq
 .text.HAL_RCCEx_GetD1SysClockFreq
                0x0800b3b8       0x2c ../../libDaisy//build\libdaisy.a(stm32h7xx_hal_rcc_ex.o)
                0x0800b3b8                HAL_RCCEx_GetD1SysClockFreq
 .text.HAL_SAI_Init.part.0
                0x0800b3e4      0x348 ../../libDaisy//build\libdaisy.a(stm32h7xx_hal_sai.o)
 .text.HAL_SAI_InitProtocol
                0x0800b72c      0x178 ../../libDaisy//build\libdaisy.a(stm32h7xx_hal_sai.o)
                0x0800b72c                HAL_SAI_InitProtocol
 .text.HAL_SAI_Transmit_DMA
                0x0800b8a4      0x124 ../../libDaisy//build\libdaisy.a(stm32h7xx_hal_sai.o)
                0x0800b8a4                HAL_SAI_Transmit_DMA
 .text.HAL_SAI_Receive_DMA
                0x0800b9c8       0xd0 ../../libDaisy//build\libdaisy.a(stm32h7xx_hal_sai.o)
                0x0800b9c8                HAL_SAI_Receive_DMA
 .text.HAL_SAI_TxCpltCallback
                0x0800ba98        0x4 ../../libDaisy//build\libdaisy.a(stm32h7xx_hal_sai.o)
                0x0800ba98                HAL_SAI_TxCpltCallback
 .text.SAI_DMATxCplt
                0x0800ba9c       0x64 ../../libDaisy//build\libdaisy.a(stm32h7xx_hal_sai.o)
 .text.HAL_SAI_TxHalfCpltCallback
                0x0800bb00        0x4 ../../libDaisy//build\libdaisy.a(stm32h7xx_hal_sai.o)
                0x0800bb00                HAL_SAI_TxHalfCpltCallback
 .text.SAI_DMATxHalfCplt
                0x0800bb04        0xc ../../libDaisy//build\libdaisy.a(stm32h7xx_hal_sai.o)
 .text.SAI_DMARxCplt
                0x0800bb10       0x64 ../../libDaisy//build\libdaisy.a(stm32h7xx_hal_sai.o)
 .text.SAI_DMARxHalfCplt
                0x0800bb74        0xc ../../libDaisy//build\libdaisy.a(stm32h7xx_hal_sai.o)
 .text.HAL_SAI_ErrorCallback
                0x0800bb80        0x4 ../../libDaisy//build\libdaisy.a(stm32h7xx_hal_sai.o)
                0x0800bb80                HAL_SAI_ErrorCallback
 .text.SAI_DMAError
                0x0800bb84       0x6c ../../libDaisy//build\libdaisy.a(stm32h7xx_hal_sai.o)
 .text.HAL_SDRAM_Init
                0x0800bbf0       0x54 ../../libDaisy//build\libdaisy.a(stm32h7xx_hal_sdram.o)
                0x0800bbf0                HAL_SDRAM_Init
 .text.HAL_SDRAM_SendCommand
                0x0800bc44       0x40 ../../libDaisy//build\libdaisy.a(stm32h7xx_hal_sdram.o)
                0x0800bc44                HAL_SDRAM_SendCommand
 .text.HAL_SDRAM_ProgramRefreshRate
                0x0800bc84       0x30 ../../libDaisy//build\libdaisy.a(stm32h7xx_hal_sdram.o)
                0x0800bc84                HAL_SDRAM_ProgramRefreshRate
 .text.HAL_TIM_Base_Init
                0x0800bcb4      0x140 ../../libDaisy//build\libdaisy.a(stm32h7xx_hal_tim.o)
                0x0800bcb4                HAL_TIM_Base_Init
 .text.HAL_TIM_Base_Start
                0x0800bdf4       0x34 ../../libDaisy//build\libdaisy.a(stm32h7xx_hal_tim.o)
                0x0800bdf4                HAL_TIM_Base_Start
 .text.HAL_TIM_Base_Start_IT
                0x0800be28       0x2c ../../libDaisy//build\libdaisy.a(stm32h7xx_hal_tim.o)
                0x0800be28                HAL_TIM_Base_Start_IT
 .text.HAL_TIM_ConfigClockSource
                0x0800be54      0x17c ../../libDaisy//build\libdaisy.a(stm32h7xx_hal_tim.o)
                0x0800be54                HAL_TIM_ConfigClockSource
 .text.HAL_TIM_OC_DelayElapsedCallback
                0x0800bfd0        0x4 ../../libDaisy//build\libdaisy.a(stm32h7xx_hal_tim.o)
                0x0800bfd0                HAL_TIM_OC_DelayElapsedCallback
 .text.HAL_TIM_IC_CaptureCallback
                0x0800bfd4        0x4 ../../libDaisy//build\libdaisy.a(stm32h7xx_hal_tim.o)
                0x0800bfd4                HAL_TIM_IC_CaptureCallback
 .text.HAL_TIM_PWM_PulseFinishedCallback
                0x0800bfd8        0x4 ../../libDaisy//build\libdaisy.a(stm32h7xx_hal_tim.o)
                0x0800bfd8                HAL_TIM_PWM_PulseFinishedCallback
 .text.HAL_TIM_TriggerCallback
                0x0800bfdc        0x4 ../../libDaisy//build\libdaisy.a(stm32h7xx_hal_tim.o)
                0x0800bfdc                HAL_TIM_TriggerCallback
 .text.HAL_TIM_IRQHandler
                0x0800bfe0      0x170 ../../libDaisy//build\libdaisy.a(stm32h7xx_hal_tim.o)
                0x0800bfe0                HAL_TIM_IRQHandler
 .text.HAL_TIMEx_MasterConfigSynchronization
                0x0800c150       0x64 ../../libDaisy//build\libdaisy.a(stm32h7xx_hal_tim_ex.o)
                0x0800c150                HAL_TIMEx_MasterConfigSynchronization
 .text.HAL_TIMEx_CommutCallback
                0x0800c1b4        0x4 ../../libDaisy//build\libdaisy.a(stm32h7xx_hal_tim_ex.o)
                0x0800c1b4                HAL_TIMEx_CommutCallback
 .text.HAL_TIMEx_BreakCallback
                0x0800c1b8        0x4 ../../libDaisy//build\libdaisy.a(stm32h7xx_hal_tim_ex.o)
                0x0800c1b8                HAL_TIMEx_BreakCallback
 .text.HAL_TIMEx_Break2Callback
                0x0800c1bc        0x4 ../../libDaisy//build\libdaisy.a(stm32h7xx_hal_tim_ex.o)
                0x0800c1bc                HAL_TIMEx_Break2Callback
 .text.FMC_SDRAM_Init
                0x0800c1c0       0x7c ../../libDaisy//build\libdaisy.a(stm32h7xx_ll_fmc.o)
                0x0800c1c0                FMC_SDRAM_Init
 .text.FMC_SDRAM_Timing_Init
                0x0800c23c       0x98 ../../libDaisy//build\libdaisy.a(stm32h7xx_ll_fmc.o)
                0x0800c23c                FMC_SDRAM_Timing_Init
 .text.FMC_SDRAM_SendCommand
                0x0800c2d4       0x28 ../../libDaisy//build\libdaisy.a(stm32h7xx_ll_fmc.o)
                0x0800c2d4                FMC_SDRAM_SendCommand
 .text.FMC_SDRAM_ProgramRefreshRate
                0x0800c2fc       0x1c ../../libDaisy//build\libdaisy.a(stm32h7xx_ll_fmc.o)
                0x0800c2fc                FMC_SDRAM_ProgramRefreshRate
 .text.USB_SetTurnaroundTime
                0x0800c318      0x104 ../../libDaisy//build\libdaisy.a(stm32h7xx_ll_usb.o)
                0x0800c318                USB_SetTurnaroundTime
 .text.USB_FlushTxFifo
                0x0800c41c       0x34 ../../libDaisy//build\libdaisy.a(stm32h7xx_ll_usb.o)
                0x0800c41c                USB_FlushTxFifo
 .text.USB_GetDevSpeed
                0x0800c450       0x24 ../../libDaisy//build\libdaisy.a(stm32h7xx_ll_usb.o)
                0x0800c450                USB_GetDevSpeed
 .text.USB_ActivateEndpoint
                0x0800c474       0x90 ../../libDaisy//build\libdaisy.a(stm32h7xx_ll_usb.o)
                0x0800c474                USB_ActivateEndpoint
 .text.USB_EPStartXfer
                0x0800c504      0x230 ../../libDaisy//build\libdaisy.a(stm32h7xx_ll_usb.o)
                0x0800c504                USB_EPStartXfer
 .text.USB_EP0StartXfer
                0x0800c734      0x174 ../../libDaisy//build\libdaisy.a(stm32h7xx_ll_usb.o)
                0x0800c734                USB_EP0StartXfer
 .text.USB_WritePacket
                0x0800c8a8       0x2c ../../libDaisy//build\libdaisy.a(stm32h7xx_ll_usb.o)
                0x0800c8a8                USB_WritePacket
 .text.USB_ReadPacket
                0x0800c8d4       0x20 ../../libDaisy//build\libdaisy.a(stm32h7xx_ll_usb.o)
                0x0800c8d4                USB_ReadPacket
 .text.USB_EPSetStall
                0x0800c8f4       0x68 ../../libDaisy//build\libdaisy.a(stm32h7xx_ll_usb.o)
                0x0800c8f4                USB_EPSetStall
 .text.USB_EPClearStall
                0x0800c95c       0x58 ../../libDaisy//build\libdaisy.a(stm32h7xx_ll_usb.o)
                0x0800c95c                USB_EPClearStall
 .text.USB_SetDevAddress
                0x0800c9b4       0x24 ../../libDaisy//build\libdaisy.a(stm32h7xx_ll_usb.o)
                0x0800c9b4                USB_SetDevAddress
 .text.USB_ReadInterrupts
                0x0800c9d8       0x14 ../../libDaisy//build\libdaisy.a(stm32h7xx_ll_usb.o)
                0x0800c9d8                USB_ReadInterrupts
 .text.USB_ReadDevAllOutEpInterrupt
                0x0800c9ec       0x1c ../../libDaisy//build\libdaisy.a(stm32h7xx_ll_usb.o)
                0x0800c9ec                USB_ReadDevAllOutEpInterrupt
 .text.USB_ReadDevAllInEpInterrupt
                0x0800ca08       0x1c ../../libDaisy//build\libdaisy.a(stm32h7xx_ll_usb.o)
                0x0800ca08                USB_ReadDevAllInEpInterrupt
 .text.USB_ReadDevOutEPInterrupt
                0x0800ca24       0x1c ../../libDaisy//build\libdaisy.a(stm32h7xx_ll_usb.o)
                0x0800ca24                USB_ReadDevOutEPInterrupt
 .text.USB_ReadDevInEPInterrupt
                0x0800ca40       0x38 ../../libDaisy//build\libdaisy.a(stm32h7xx_ll_usb.o)
                0x0800ca40                USB_ReadDevInEPInterrupt
 .text.USB_GetMode
                0x0800ca78        0x8 ../../libDaisy//build\libdaisy.a(stm32h7xx_ll_usb.o)
                0x0800ca78                USB_GetMode
 .text.USB_ActivateSetup
                0x0800ca80       0x38 ../../libDaisy//build\libdaisy.a(stm32h7xx_ll_usb.o)
                0x0800ca80                USB_ActivateSetup
 .text.USB_EP0_OutStart
                0x0800cab8       0x58 ../../libDaisy//build\libdaisy.a(stm32h7xx_ll_usb.o)
                0x0800cab8                USB_EP0_OutStart
 .text.USB_InitFSLSPClkSel
                0x0800cb10       0x44 ../../libDaisy//build\libdaisy.a(stm32h7xx_ll_usb.o)
                0x0800cb10                USB_InitFSLSPClkSel
 .text.USB_HC_ReadInterrupt
                0x0800cb54        0x8 ../../libDaisy//build\libdaisy.a(stm32h7xx_ll_usb.o)
                0x0800cb54                USB_HC_ReadInterrupt
 .text.USB_HC_Halt
                0x0800cb5c       0xc0 ../../libDaisy//build\libdaisy.a(stm32h7xx_ll_usb.o)
                0x0800cb5c                USB_HC_Halt
 .text.USB_StopHost
                0x0800cc1c      0x2ec ../../libDaisy//build\libdaisy.a(stm32h7xx_ll_usb.o)
                0x0800cc1c                USB_StopHost
 .text.USBD_SetClassConfig
                0x0800cf08       0x14 ../../libDaisy//build\libdaisy.a(usbd_core.o)
                0x0800cf08                USBD_SetClassConfig
 .text.USBD_ClrClassConfig
                0x0800cf1c       0x10 ../../libDaisy//build\libdaisy.a(usbd_core.o)
                0x0800cf1c                USBD_ClrClassConfig
 .text.USBD_LL_SetupStage
                0x0800cf2c       0x5c ../../libDaisy//build\libdaisy.a(usbd_core.o)
                0x0800cf2c                USBD_LL_SetupStage
 .text.USBD_LL_DataOutStage
                0x0800cf88       0x7c ../../libDaisy//build\libdaisy.a(usbd_core.o)
                0x0800cf88                USBD_LL_DataOutStage
 .text.USBD_LL_DataInStage
                0x0800d004       0xcc ../../libDaisy//build\libdaisy.a(usbd_core.o)
                0x0800d004                USBD_LL_DataInStage
 .text.USBD_LL_Reset
                0x0800d0d0       0x50 ../../libDaisy//build\libdaisy.a(usbd_core.o)
                0x0800d0d0                USBD_LL_Reset
 .text.USBD_LL_SetSpeed
                0x0800d120        0x8 ../../libDaisy//build\libdaisy.a(usbd_core.o)
                0x0800d120                USBD_LL_SetSpeed
 .text.USBD_LL_Suspend
                0x0800d128       0x14 ../../libDaisy//build\libdaisy.a(usbd_core.o)
                0x0800d128                USBD_LL_Suspend
 .text.USBD_LL_Resume
                0x0800d13c       0x10 ../../libDaisy//build\libdaisy.a(usbd_core.o)
                0x0800d13c                USBD_LL_Resume
 .text.USBD_LL_SOF
                0x0800d14c       0x1c ../../libDaisy//build\libdaisy.a(usbd_core.o)
                0x0800d14c                USBD_LL_SOF
 .text.USBD_LL_IsoINIncomplete
                0x0800d168        0x4 ../../libDaisy//build\libdaisy.a(usbd_core.o)
                0x0800d168                USBD_LL_IsoINIncomplete
 .text.USBD_LL_IsoOUTIncomplete
                0x0800d16c        0x4 ../../libDaisy//build\libdaisy.a(usbd_core.o)
                0x0800d16c                USBD_LL_IsoOUTIncomplete
 .text.USBD_LL_DevConnected
                0x0800d170        0x4 ../../libDaisy//build\libdaisy.a(usbd_core.o)
                0x0800d170                USBD_LL_DevConnected
 .text.USBD_LL_DevDisconnected
                0x0800d174       0x18 ../../libDaisy//build\libdaisy.a(usbd_core.o)
                0x0800d174                USBD_LL_DevDisconnected
 .text.USBD_StdDevReq
                0x0800d18c      0x304 ../../libDaisy//build\libdaisy.a(usbd_ctlreq.o)
                0x0800d18c                USBD_StdDevReq
 .text.USBD_StdItfReq
                0x0800d490       0x68 ../../libDaisy//build\libdaisy.a(usbd_ctlreq.o)
                0x0800d490                USBD_StdItfReq
 .text.USBD_StdEPReq
                0x0800d4f8      0x13c ../../libDaisy//build\libdaisy.a(usbd_ctlreq.o)
                0x0800d4f8                USBD_StdEPReq
 .text.USBD_ParseSetupRequest
                0x0800d634       0x28 ../../libDaisy//build\libdaisy.a(usbd_ctlreq.o)
                0x0800d634                USBD_ParseSetupRequest
 .text.USBD_CtlSendData
                0x0800d65c       0x1c ../../libDaisy//build\libdaisy.a(usbd_ioreq.o)
                0x0800d65c                USBD_CtlSendData
 .text.USBD_CtlContinueSendData
                0x0800d678       0x14 ../../libDaisy//build\libdaisy.a(usbd_ioreq.o)
                0x0800d678                USBD_CtlContinueSendData
 .text.USBD_CtlContinueRx
                0x0800d68c       0x14 ../../libDaisy//build\libdaisy.a(usbd_ioreq.o)
                0x0800d68c                USBD_CtlContinueRx
 .text.USBD_CtlSendStatus
                0x0800d6a0       0x18 ../../libDaisy//build\libdaisy.a(usbd_ioreq.o)
                0x0800d6a0                USBD_CtlSendStatus
 .text.USBD_CtlReceiveStatus
                0x0800d6b8       0x18 ../../libDaisy//build\libdaisy.a(usbd_ioreq.o)
                0x0800d6b8                USBD_CtlReceiveStatus
 .text.USBH_LL_IncTimer
                0x0800d6d0       0x20 ../../libDaisy//build\libdaisy.a(usbh_core.o)
                0x0800d6d0                USBH_LL_IncTimer
 .text.USBH_LL_PortEnabled
                0x0800d6f0        0x8 ../../libDaisy//build\libdaisy.a(usbh_core.o)
                0x0800d6f0                USBH_LL_PortEnabled
 .text.USBH_LL_PortDisabled
                0x0800d6f8        0x8 ../../libDaisy//build\libdaisy.a(usbh_core.o)
                0x0800d6f8                USBH_LL_PortDisabled
 .text.USBH_LL_Connect
                0x0800d700       0x18 ../../libDaisy//build\libdaisy.a(usbh_core.o)
                0x0800d700                USBH_LL_Connect
 .text.USBH_LL_Disconnect
                0x0800d718       0x2c ../../libDaisy//build\libdaisy.a(usbh_core.o)
                0x0800d718                USBH_LL_Disconnect
 .text.USBH_FreePipe
                0x0800d744       0x18 ../../libDaisy//build\libdaisy.a(usbh_pipes.o)
                0x0800d744                USBH_FreePipe
 .text._ZN5daisy6Random4InitEv
                0x0800d75c       0x3c ../../libDaisy//build\libdaisy.a(rng.o)
                0x0800d75c                daisy::Random::Init()
 .text._ZN5daisy9SpiHandle4Impl7InitDmaEv
                0x0800d798       0xec ../../libDaisy//build\libdaisy.a(spi.o)
                0x0800d798                daisy::SpiHandle::Impl::InitDma()
 .text._ZN5daisy9SpiHandle4Impl10StartDmaTxEPhjPFvPvEPFvS3_NS0_6ResultEES3_
                0x0800d884       0xc8 ../../libDaisy//build\libdaisy.a(spi.o)
                0x0800d884                daisy::SpiHandle::Impl::StartDmaTx(unsigned char*, unsigned int, void (*)(void*), void (*)(void*, daisy::SpiHandle::Result), void*)
 .text._ZN5daisy9SpiHandle4Impl10StartDmaRxEPhjPFvPvEPFvS3_NS0_6ResultEES3_
                0x0800d94c       0xc8 ../../libDaisy//build\libdaisy.a(spi.o)
                0x0800d94c                daisy::SpiHandle::Impl::StartDmaRx(unsigned char*, unsigned int, void (*)(void*), void (*)(void*, daisy::SpiHandle::Result), void*)
 .text._ZN5daisy9SpiHandle4Impl12StartDmaRxTxEPhS2_jPFvPvEPFvS3_NS0_6ResultEES3_
                0x0800da14       0xcc ../../libDaisy//build\libdaisy.a(spi.o)
                0x0800da14                daisy::SpiHandle::Impl::StartDmaRxTx(unsigned char*, unsigned char*, unsigned int, void (*)(void*), void (*)(void*, daisy::SpiHandle::Result), void*)
 .text._ZN5daisy9SpiHandle4Impl8InitPinsEv
                0x0800dae0      0x274 ../../libDaisy//build\libdaisy.a(spi.o)
                0x0800dae0                daisy::SpiHandle::Impl::InitPins()
 .text.HAL_SPI_MspInit
                0x0800dd54      0x1a8 ../../libDaisy//build\libdaisy.a(spi.o)
                0x0800dd54                HAL_SPI_MspInit
 .text.dsy_spi_global_init
                0x0800defc       0x80 ../../libDaisy//build\libdaisy.a(spi.o)
                0x0800defc                dsy_spi_global_init
 .text.SPI1_IRQHandler
                0x0800df7c        0xc ../../libDaisy//build\libdaisy.a(spi.o)
                0x0800df7c                SPI1_IRQHandler
 .text.SPI2_IRQHandler
                0x0800df88        0xc ../../libDaisy//build\libdaisy.a(spi.o)
                0x0800df88                SPI2_IRQHandler
 .text.SPI3_IRQHandler
                0x0800df94        0xc ../../libDaisy//build\libdaisy.a(spi.o)
                0x0800df94                SPI3_IRQHandler
 .text.SPI4_IRQHandler
                0x0800dfa0        0xc ../../libDaisy//build\libdaisy.a(spi.o)
                0x0800dfa0                SPI4_IRQHandler
 .text.SPI5_IRQHandler
                0x0800dfac        0xc ../../libDaisy//build\libdaisy.a(spi.o)
                0x0800dfac                SPI5_IRQHandler
 .text.DMA2_Stream2_IRQHandler
                0x0800dfb8       0x34 ../../libDaisy//build\libdaisy.a(spi.o)
                0x0800dfb8                DMA2_Stream2_IRQHandler
 .text.DMA2_Stream3_IRQHandler
                0x0800dfec       0x38 ../../libDaisy//build\libdaisy.a(spi.o)
                0x0800dfec                DMA2_Stream3_IRQHandler
 .text.HAL_SPI_TxCpltCallback
                0x0800e024       0xc4 ../../libDaisy//build\libdaisy.a(spi.o)
                0x0800e024                HAL_SPI_TxCpltCallback
 .text.HAL_SPI_RxCpltCallback
                0x0800e0e8       0xc4 ../../libDaisy//build\libdaisy.a(spi.o)
                0x0800e0e8                HAL_SPI_RxCpltCallback
 .text.HAL_SPI_TxRxCpltCallback
                0x0800e1ac       0xc4 ../../libDaisy//build\libdaisy.a(spi.o)
                0x0800e1ac                HAL_SPI_TxRxCpltCallback
 .text.HAL_SPI_ErrorCallback
                0x0800e270       0xc8 ../../libDaisy//build\libdaisy.a(spi.o)
                0x0800e270                HAL_SPI_ErrorCallback
 .text.startup._GLOBAL__sub_I__Z19MapInstanceToHandleP11SPI_TypeDef
                0x0800e338      0x1b0 ../../libDaisy//build\libdaisy.a(spi.o)
 .text.HAL_TIM_Base_MspInit
                0x0800e4e8      0x1e0 ../../libDaisy//build\libdaisy.a(tim.o)
                0x0800e4e8                HAL_TIM_Base_MspInit
 .text.HAL_TIM_PeriodElapsedCallback
                0x0800e6c8       0x44 ../../libDaisy//build\libdaisy.a(tim.o)
                0x0800e6c8                HAL_TIM_PeriodElapsedCallback
 .text.TIM2_IRQHandler
                0x0800e70c        0xc ../../libDaisy//build\libdaisy.a(tim.o)
                0x0800e70c                TIM2_IRQHandler
 .text.TIM3_IRQHandler
                0x0800e718        0xc ../../libDaisy//build\libdaisy.a(tim.o)
                0x0800e718                TIM3_IRQHandler
 .text.TIM4_IRQHandler
                0x0800e724        0xc ../../libDaisy//build\libdaisy.a(tim.o)
                0x0800e724                TIM4_IRQHandler
 .text.TIM5_IRQHandler
                0x0800e730        0xc ../../libDaisy//build\libdaisy.a(tim.o)
                0x0800e730                TIM5_IRQHandler
 .text._ZN5daisy11TimerHandle4InitERKNS0_6ConfigE
                0x0800e73c       0xd0 ../../libDaisy//build\libdaisy.a(tim.o)
                0x0800e73c                daisy::TimerHandle::Init(daisy::TimerHandle::Config const&)
 .text._ZN5daisy11TimerHandle5StartEv
                0x0800e80c       0x24 ../../libDaisy//build\libdaisy.a(tim.o)
                0x0800e80c                daisy::TimerHandle::Start()
 .text.startup._GLOBAL__sub_I__ZN5daisy11TimerHandle4Impl4InitERKNS0_6ConfigE
                0x0800e830       0x38 ../../libDaisy//build\libdaisy.a(tim.o)
 .text._ZN5daisy11UartHandler4Impl7InitDmaEbb
                0x0800e868      0x164 ../../libDaisy//build\libdaisy.a(uart.o)
                0x0800e868                daisy::UartHandler::Impl::InitDma(bool, bool)
 .text._ZN5daisy11UartHandler4Impl10HandleFifoEv
                0x0800e9cc       0xec ../../libDaisy//build\libdaisy.a(uart.o)
                0x0800e9cc                daisy::UartHandler::Impl::HandleFifo()
 .text._ZN5daisy11UartHandler4Impl10StartDmaTxEPhjPFvPvEPFvS3_NS0_6ResultEES3_
                0x0800eab8       0xcc ../../libDaisy//build\libdaisy.a(uart.o)
                0x0800eab8                daisy::UartHandler::Impl::StartDmaTx(unsigned char*, unsigned int, void (*)(void*), void (*)(void*, daisy::UartHandler::Result), void*)
 .text._ZN5daisy11UartHandler4Impl10StartDmaRxEPhjPFvPvEPFvS3_NS0_6ResultEES3_
                0x0800eb84       0xcc ../../libDaisy//build\libdaisy.a(uart.o)
                0x0800eb84                daisy::UartHandler::Impl::StartDmaRx(unsigned char*, unsigned int, void (*)(void*), void (*)(void*, daisy::UartHandler::Result), void*)
 .text._ZN5daisy11UartHandler4Impl19DmaTransferFinishedEP20__UART_HandleTypeDefNS0_6ResultE
                0x0800ec50       0xc0 ../../libDaisy//build\libdaisy.a(uart.o)
                0x0800ec50                daisy::UartHandler::Impl::DmaTransferFinished(__UART_HandleTypeDef*, daisy::UartHandler::Result)
 .text._ZN5daisy11UartHandler4Impl8InitPinsEv
                0x0800ed10      0x150 ../../libDaisy//build\libdaisy.a(uart.o)
                0x0800ed10                daisy::UartHandler::Impl::InitPins()
 .text.HAL_UART_MspInit
                0x0800ee60      0x210 ../../libDaisy//build\libdaisy.a(uart.o)
                0x0800ee60                HAL_UART_MspInit
 .text.dsy_uart_global_init
                0x0800f070      0x110 ../../libDaisy//build\libdaisy.a(uart.o)
                0x0800f070                dsy_uart_global_init
 .text.USART1_IRQHandler
                0x0800f180       0x30 ../../libDaisy//build\libdaisy.a(uart.o)
                0x0800f180                USART1_IRQHandler
 .text.USART2_IRQHandler
                0x0800f1b0       0x34 ../../libDaisy//build\libdaisy.a(uart.o)
                0x0800f1b0                USART2_IRQHandler
 .text.USART3_IRQHandler
                0x0800f1e4       0x34 ../../libDaisy//build\libdaisy.a(uart.o)
                0x0800f1e4                USART3_IRQHandler
 .text.UART4_IRQHandler
                0x0800f218       0x34 ../../libDaisy//build\libdaisy.a(uart.o)
                0x0800f218                UART4_IRQHandler
 .text.UART5_IRQHandler
                0x0800f24c       0x34 ../../libDaisy//build\libdaisy.a(uart.o)
                0x0800f24c                UART5_IRQHandler
 .text.USART6_IRQHandler
                0x0800f280       0x34 ../../libDaisy//build\libdaisy.a(uart.o)
                0x0800f280                USART6_IRQHandler
 .text.UART7_IRQHandler
                0x0800f2b4       0x30 ../../libDaisy//build\libdaisy.a(uart.o)
                0x0800f2b4                UART7_IRQHandler
 .text.UART8_IRQHandler
                0x0800f2e4       0x34 ../../libDaisy//build\libdaisy.a(uart.o)
                0x0800f2e4                UART8_IRQHandler
 .text.LPUART1_IRQHandler
                0x0800f318       0x34 ../../libDaisy//build\libdaisy.a(uart.o)
                0x0800f318                LPUART1_IRQHandler
 .text.DMA1_Stream5_IRQHandler
                0x0800f34c       0x34 ../../libDaisy//build\libdaisy.a(uart.o)
                0x0800f34c                DMA1_Stream5_IRQHandler
 .text.DMA2_Stream4_IRQHandler
                0x0800f380       0x34 ../../libDaisy//build\libdaisy.a(uart.o)
                0x0800f380                DMA2_Stream4_IRQHandler
 .text.HAL_UART_TxCpltCallback
                0x0800f3b4        0x8 ../../libDaisy//build\libdaisy.a(uart.o)
                0x0800f3b4                HAL_UART_TxCpltCallback
 .text.HAL_UART_RxCpltCallback
                0x0800f3bc        0x8 ../../libDaisy//build\libdaisy.a(uart.o)
                0x0800f3bc                HAL_UART_RxCpltCallback
 .text.HAL_UART_ErrorCallback
                0x0800f3c4        0x8 ../../libDaisy//build\libdaisy.a(uart.o)
                0x0800f3c4                HAL_UART_ErrorCallback
 .text.startup._GLOBAL__sub_I__Z19MapInstanceToHandleP13USART_TypeDef
                0x0800f3cc      0x190 ../../libDaisy//build\libdaisy.a(uart.o)
 .text.dsy_dma_init
                0x0800f55c      0x100 ../../libDaisy//build\libdaisy.a(dma.o)
                0x0800f55c                dsy_dma_init
 .text.HAL_MDMA_Abort_IT
                0x0800f65c       0x2c ../../libDaisy//build\libdaisy.a(stm32h7xx_hal_mdma.o)
                0x0800f65c                HAL_MDMA_Abort_IT
 .text.SPI_CloseTransfer
                0x0800f688       0xb8 ../../libDaisy//build\libdaisy.a(stm32h7xx_hal_spi.o)
 .text.HAL_SPI_Init
                0x0800f740      0x15c ../../libDaisy//build\libdaisy.a(stm32h7xx_hal_spi.o)
                0x0800f740                HAL_SPI_Init
 .text.HAL_SPI_Transmit_DMA
                0x0800f89c      0x170 ../../libDaisy//build\libdaisy.a(stm32h7xx_hal_spi.o)
                0x0800f89c                HAL_SPI_Transmit_DMA
 .text.HAL_SPI_TransmitReceive_DMA
                0x0800fa0c      0x218 ../../libDaisy//build\libdaisy.a(stm32h7xx_hal_spi.o)
                0x0800fa0c                HAL_SPI_TransmitReceive_DMA
 .text.HAL_SPI_Receive_DMA
                0x0800fc24      0x1b4 ../../libDaisy//build\libdaisy.a(stm32h7xx_hal_spi.o)
                0x0800fc24                HAL_SPI_Receive_DMA
 .text.SPI_DMATransmitCplt
                0x0800fdd8       0x28 ../../libDaisy//build\libdaisy.a(stm32h7xx_hal_spi.o)
 .text.SPI_DMAReceiveCplt
                0x0800fe00       0x28 ../../libDaisy//build\libdaisy.a(stm32h7xx_hal_spi.o)
 .text.SPI_DMATransmitReceiveCplt
                0x0800fe28       0x28 ../../libDaisy//build\libdaisy.a(stm32h7xx_hal_spi.o)
 .text.HAL_SPI_TxHalfCpltCallback
                0x0800fe50        0x4 ../../libDaisy//build\libdaisy.a(stm32h7xx_hal_spi.o)
                0x0800fe50                HAL_SPI_TxHalfCpltCallback
 .text.SPI_DMAHalfTransmitCplt
                0x0800fe54        0xc ../../libDaisy//build\libdaisy.a(stm32h7xx_hal_spi.o)
 .text.HAL_SPI_RxHalfCpltCallback
                0x0800fe60        0x4 ../../libDaisy//build\libdaisy.a(stm32h7xx_hal_spi.o)
                0x0800fe60                HAL_SPI_RxHalfCpltCallback
 .text.SPI_DMAHalfReceiveCplt
                0x0800fe64        0xc ../../libDaisy//build\libdaisy.a(stm32h7xx_hal_spi.o)
 .text.HAL_SPI_TxRxHalfCpltCallback
                0x0800fe70        0x4 ../../libDaisy//build\libdaisy.a(stm32h7xx_hal_spi.o)
                0x0800fe70                HAL_SPI_TxRxHalfCpltCallback
 .text.SPI_DMAHalfTransmitReceiveCplt
                0x0800fe74        0xc ../../libDaisy//build\libdaisy.a(stm32h7xx_hal_spi.o)
 .text.SPI_DMAError
                0x0800fe80       0xd8 ../../libDaisy//build\libdaisy.a(stm32h7xx_hal_spi.o)
 .text.HAL_SPI_IRQHandler
                0x0800ff58      0x23c ../../libDaisy//build\libdaisy.a(stm32h7xx_hal_spi.o)
                0x0800ff58                HAL_SPI_IRQHandler
 .text.SPI_DMAAbortOnError
                0x08010194       0x1c ../../libDaisy//build\libdaisy.a(stm32h7xx_hal_spi.o)
 .text.HAL_SPI_GetState
                0x080101b0        0x8 ../../libDaisy//build\libdaisy.a(stm32h7xx_hal_spi.o)
                0x080101b0                HAL_SPI_GetState
 .text.HAL_UART_Transmit_DMA
                0x080101b8       0xa4 ../../libDaisy//build\libdaisy.a(stm32h7xx_hal_uart.o)
                0x080101b8                HAL_UART_Transmit_DMA
 .text.HAL_UART_Receive_DMA
                0x0801025c       0xac ../../libDaisy//build\libdaisy.a(stm32h7xx_hal_uart.o)
                0x0801025c                HAL_UART_Receive_DMA
 .text.UART_DMATransmitCplt
                0x08010308       0x2c ../../libDaisy//build\libdaisy.a(stm32h7xx_hal_uart.o)
 .text.HAL_UART_TxHalfCpltCallback
                0x08010334        0x4 ../../libDaisy//build\libdaisy.a(stm32h7xx_hal_uart.o)
                0x08010334                HAL_UART_TxHalfCpltCallback
 .text.UART_DMATxHalfCplt
                0x08010338        0xc ../../libDaisy//build\libdaisy.a(stm32h7xx_hal_uart.o)
 .text.UART_DMAReceiveCplt
                0x08010344       0x38 ../../libDaisy//build\libdaisy.a(stm32h7xx_hal_uart.o)
 .text.HAL_UART_RxHalfCpltCallback
                0x0801037c        0x4 ../../libDaisy//build\libdaisy.a(stm32h7xx_hal_uart.o)
                0x0801037c                HAL_UART_RxHalfCpltCallback
 .text.UART_DMARxHalfCplt
                0x08010380        0xc ../../libDaisy//build\libdaisy.a(stm32h7xx_hal_uart.o)
 .text.UART_DMAError
                0x0801038c       0x78 ../../libDaisy//build\libdaisy.a(stm32h7xx_hal_uart.o)
 .text.HAL_UART_IRQHandler
                0x08010404      0x1d0 ../../libDaisy//build\libdaisy.a(stm32h7xx_hal_uart.o)
                0x08010404                HAL_UART_IRQHandler
 .text.UART_DMAAbortOnError
                0x080105d4       0x14 ../../libDaisy//build\libdaisy.a(stm32h7xx_hal_uart.o)
 .text.HAL_UART_GetState
                0x080105e8        0xc ../../libDaisy//build\libdaisy.a(stm32h7xx_hal_uart.o)
                0x080105e8                HAL_UART_GetState
 .text.UART_SetConfig
                0x080105f4     0x14b8 ../../libDaisy//build\libdaisy.a(stm32h7xx_hal_uart.o)
                0x080105f4                UART_SetConfig
 .text.UART_AdvFeatureConfig
                0x08011aac       0xb0 ../../libDaisy//build\libdaisy.a(stm32h7xx_hal_uart.o)
                0x08011aac                UART_AdvFeatureConfig
 .text.UART_CheckIdleState
                0x08011b5c       0x84 ../../libDaisy//build\libdaisy.a(stm32h7xx_hal_uart.o)
                0x08011b5c                UART_CheckIdleState
 .text.HAL_UART_Init
                0x08011be0       0x68 ../../libDaisy//build\libdaisy.a(stm32h7xx_hal_uart.o)
                0x08011be0                HAL_UART_Init
 .text.HAL_UARTEx_WakeupCallback
                0x08011c48        0x4 ../../libDaisy//build\libdaisy.a(stm32h7xx_hal_uart_ex.o)
                0x08011c48                HAL_UARTEx_WakeupCallback
 .text.HAL_UARTEx_RxFifoFullCallback
                0x08011c4c        0x4 ../../libDaisy//build\libdaisy.a(stm32h7xx_hal_uart_ex.o)
                0x08011c4c                HAL_UARTEx_RxFifoFullCallback
 .text.HAL_UARTEx_TxFifoEmptyCallback
                0x08011c50        0x4 ../../libDaisy//build\libdaisy.a(stm32h7xx_hal_uart_ex.o)
                0x08011c50                HAL_UARTEx_TxFifoEmptyCallback
 .text._ZN7daisysp6Phasor7SetFreqEf
                0x08011c54       0x20 ../../DaisySP//build\libdaisysp.a(phasor.o)
                0x08011c54                daisysp::Phasor::SetFreq(float)
 .text._ZN7daisysp6Phasor7ProcessEv
                0x08011c74       0x3c ../../DaisySP//build\libdaisysp.a(phasor.o)
                0x08011c74                daisysp::Phasor::Process()
 .text.__aeabi_atexit
                0x08011cb0        0xa c:/programdata/chocolatey/lib/gcc-arm-embedded/tools/gcc-arm-none-eabi-10-2020-q4-major/bin/../lib/gcc/arm-none-eabi/10.2.1/../../../../arm-none-eabi/lib/thumb/v7e-m+dp/hard\libstdc++_nano.a(atexit_arm.o)
                0x08011cb0                __aeabi_atexit
 *fill*         0x08011cba        0x6 
 .text.powf     0x08011cc0      0x328 c:/programdata/chocolatey/lib/gcc-arm-embedded/tools/gcc-arm-none-eabi-10-2020-q4-major/bin/../lib/gcc/arm-none-eabi/10.2.1/../../../../arm-none-eabi/lib/thumb/v7e-m+dp/hard\libm.a(lib_a-sf_pow.o)
                0x08011cc0                powf
 .text.sinf     0x08011fe8      0x20c c:/programdata/chocolatey/lib/gcc-arm-embedded/tools/gcc-arm-none-eabi-10-2020-q4-major/bin/../lib/gcc/arm-none-eabi/10.2.1/../../../../arm-none-eabi/lib/thumb/v7e-m+dp/hard\libm.a(lib_a-sinf.o)
                0x08011fe8                sinf
 .text.with_errnof
                0x080121f4       0x18 c:/programdata/chocolatey/lib/gcc-arm-embedded/tools/gcc-arm-none-eabi-10-2020-q4-major/bin/../lib/gcc/arm-none-eabi/10.2.1/../../../../arm-none-eabi/lib/thumb/v7e-m+dp/hard\libm.a(lib_a-math_errf.o)
 .text.xflowf   0x0801220c       0x20 c:/programdata/chocolatey/lib/gcc-arm-embedded/tools/gcc-arm-none-eabi-10-2020-q4-major/bin/../lib/gcc/arm-none-eabi/10.2.1/../../../../arm-none-eabi/lib/thumb/v7e-m+dp/hard\libm.a(lib_a-math_errf.o)
 .text.__math_uflowf
                0x0801222c        0xc c:/programdata/chocolatey/lib/gcc-arm-embedded/tools/gcc-arm-none-eabi-10-2020-q4-major/bin/../lib/gcc/arm-none-eabi/10.2.1/../../../../arm-none-eabi/lib/thumb/v7e-m+dp/hard\libm.a(lib_a-math_errf.o)
                0x0801222c                __math_uflowf
 .text.__math_may_uflowf
                0x08012238        0xc c:/programdata/chocolatey/lib/gcc-arm-embedded/tools/gcc-arm-none-eabi-10-2020-q4-major/bin/../lib/gcc/arm-none-eabi/10.2.1/../../../../arm-none-eabi/lib/thumb/v7e-m+dp/hard\libm.a(lib_a-math_errf.o)
                0x08012238                __math_may_uflowf
 .text.__math_oflowf
                0x08012244        0xc c:/programdata/chocolatey/lib/gcc-arm-embedded/tools/gcc-arm-none-eabi-10-2020-q4-major/bin/../lib/gcc/arm-none-eabi/10.2.1/../../../../arm-none-eabi/lib/thumb/v7e-m+dp/hard\libm.a(lib_a-math_errf.o)
                0x08012244                __math_oflowf
 .text.__math_divzerof
                0x08012250       0x24 c:/programdata/chocolatey/lib/gcc-arm-embedded/tools/gcc-arm-none-eabi-10-2020-q4-major/bin/../lib/gcc/arm-none-eabi/10.2.1/../../../../arm-none-eabi/lib/thumb/v7e-m+dp/hard\libm.a(lib_a-math_errf.o)
                0x08012250                __math_divzerof
 .text.__math_invalidf
                0x08012274       0x20 c:/programdata/chocolatey/lib/gcc-arm-embedded/tools/gcc-arm-none-eabi-10-2020-q4-major/bin/../lib/gcc/arm-none-eabi/10.2.1/../../../../arm-none-eabi/lib/thumb/v7e-m+dp/hard\libm.a(lib_a-math_errf.o)
                0x08012274                __math_invalidf
 .text.__cxa_atexit
                0x08012294       0x1c c:/programdata/chocolatey/lib/gcc-arm-embedded/tools/gcc-arm-none-eabi-10-2020-q4-major/bin/../lib/gcc/arm-none-eabi/10.2.1/../../../../arm-none-eabi/lib/thumb/v7e-m+dp/hard\libc_nano.a(lib_a-cxa_atexit.o)
                0x08012294                __cxa_atexit
 .text.__errno  0x080122b0        0xc c:/programdata/chocolatey/lib/gcc-arm-embedded/tools/gcc-arm-none-eabi-10-2020-q4-major/bin/../lib/gcc/arm-none-eabi/10.2.1/../../../../arm-none-eabi/lib/thumb/v7e-m+dp/hard\libc_nano.a(lib_a-errno.o)
                0x080122b0                __errno
 .text.__libc_init_array
                0x080122bc       0x48 c:/programdata/chocolatey/lib/gcc-arm-embedded/tools/gcc-arm-none-eabi-10-2020-q4-major/bin/../lib/gcc/arm-none-eabi/10.2.1/../../../../arm-none-eabi/lib/thumb/v7e-m+dp/hard\libc_nano.a(lib_a-init.o)
                0x080122bc                __libc_init_array
 .text.memcpy   0x08012304       0x1c c:/programdata/chocolatey/lib/gcc-arm-embedded/tools/gcc-arm-none-eabi-10-2020-q4-major/bin/../lib/gcc/arm-none-eabi/10.2.1/../../../../arm-none-eabi/lib/thumb/v7e-m+dp/hard\libc_nano.a(lib_a-memcpy-stub.o)
                0x08012304                memcpy
 .text.memset   0x08012320       0x10 c:/programdata/chocolatey/lib/gcc-arm-embedded/tools/gcc-arm-none-eabi-10-2020-q4-major/bin/../lib/gcc/arm-none-eabi/10.2.1/../../../../arm-none-eabi/lib/thumb/v7e-m+dp/hard\libc_nano.a(lib_a-memset.o)
                0x08012320                memset
 *(.rodata)
 .rodata        0x08012330       0x18 ../../libDaisy//build\libdaisy.a(daisy_patch_sm.o)
 .rodata        0x08012348       0x10 ../../libDaisy//build\libdaisy.a(i2c.o)
 .rodata        0x08012358       0x10 ../../libDaisy//build\libdaisy.a(tim.o)
 .rodata        0x08012368       0x12 ../../libDaisy//build\libdaisy.a(uart.o)
 *(.rodata*)
 *fill*         0x0801237a        0x2 
 .rodata._ZN5daisy8patch_sm12DaisyPatchSM2B5E
                0x0801237c        0x2 ../../libDaisy//build\libdaisy.a(daisy_patch_sm.o)
                0x0801237c                daisy::patch_sm::DaisyPatchSM::B5
 *fill*         0x0801237e        0x2 
 .rodata._ZN5daisy8patch_sm12DaisyPatchSM2B6E
                0x08012380        0x2 ../../libDaisy//build\libdaisy.a(daisy_patch_sm.o)
                0x08012380                daisy::patch_sm::DaisyPatchSM::B6
 *fill*         0x08012382        0x2 
 .rodata._ZN5daisy8patch_sm12DaisyPatchSM2B9E
                0x08012384        0x2 ../../libDaisy//build\libdaisy.a(daisy_patch_sm.o)
                0x08012384                daisy::patch_sm::DaisyPatchSM::B9
 *fill*         0x08012386        0x2 
 .rodata._ZN5daisy8patch_sm12DaisyPatchSM3B10E
                0x08012388        0x2 ../../libDaisy//build\libdaisy.a(daisy_patch_sm.o)
                0x08012388                daisy::patch_sm::DaisyPatchSM::B10
 *fill*         0x0801238a        0x2 