Archive member included to satisfy reference by file (symbol)

../../libDaisy/build\libdaisy.a(daisy_patch_sm.o)
                              build/torus.o (daisy::patch_sm::DaisyPatchSM::Init())
../../libDaisy/build\libdaisy.a(codec_pcm3060.o)
                              ../../libDaisy/build\libdaisy.a(daisy_patch_sm.o) (daisy::Pcm3060::Init(daisy::I2CHandle))
../../libDaisy/build\libdaisy.a(sdram.o)
                              ../../libDaisy/build\libdaisy.a(daisy_patch_sm.o) (SdramHandle::Init())
../../libDaisy/build\libdaisy.a(audio.o)
                              ../../libDaisy/build\libdaisy.a(daisy_patch_sm.o) (daisy::AudioHandle::Init(daisy::AudioHandle::Config const&, daisy::SaiHandle))
../../libDaisy/build\libdaisy.a(ctrl.o)
                              ../../libDaisy/build\libdaisy.a(daisy_patch_sm.o) (daisy::AnalogControl::Init(unsigned short*, float, bool, bool, float))
../../libDaisy/build\libdaisy.a(encoder.o)
                              build/torus.o (daisy::Encoder::Init(dsy_gpio_pin, dsy_gpio_pin, dsy_gpio_pin, float))
../../libDaisy/build\libdaisy.a(gatein.o)
                              ../../libDaisy/build\libdaisy.a(daisy_patch_sm.o) (daisy::GateIn::Init(dsy_gpio_pin*, bool))
../../libDaisy/build\libdaisy.a(switch.o)
                              ../../libDaisy/build\libdaisy.a(encoder.o) (daisy::Switch::Init(dsy_gpio_pin, float))
../../libDaisy/build\libdaisy.a(adc.o)
                              ../../libDaisy/build\libdaisy.a(daisy_patch_sm.o) (daisy::AdcChannelConfig::InitSingle(dsy_gpio_pin))
../../libDaisy/build\libdaisy.a(dac.o)
                              ../../libDaisy/build\libdaisy.a(daisy_patch_sm.o) (daisy::DacHandle::Init(daisy::DacHandle::Config const&))
../../libDaisy/build\libdaisy.a(gpio.o)
                              ../../libDaisy/build\libdaisy.a(daisy_patch_sm.o) (dsy_gpio_init)
../../libDaisy/build\libdaisy.a(i2c.o)
                              ../../libDaisy/build\libdaisy.a(daisy_patch_sm.o) (daisy::I2CHandle::Init(daisy::I2CHandle::Config const&))
../../libDaisy/build\libdaisy.a(qspi.o)
                              ../../libDaisy/build\libdaisy.a(daisy_patch_sm.o) (daisy::QSPIHandle::Init(daisy::QSPIHandle::Config const&))
../../libDaisy/build\libdaisy.a(sai.o)
                              ../../libDaisy/build\libdaisy.a(daisy_patch_sm.o) (daisy::SaiHandle::Init(daisy::SaiHandle::Config const&))
../../libDaisy/build\libdaisy.a(spi.o)
                              build/torus.o (daisy::SpiHandle::BlockingTransmit(unsigned char*, unsigned int, unsigned long))
../../libDaisy/build\libdaisy.a(system.o)
                              ../../libDaisy/build\libdaisy.a(encoder.o) (daisy::System::GetNow())
../../libDaisy/build\libdaisy.a(system_stm32h7xx.o)
                              build/startup_stm32h750xx.o (SystemInit)
../../libDaisy/build\libdaisy.a(FullScreenItemMenu.o)
                              build/torus.o (daisy::FullScreenItemMenu::Init(daisy::AbstractMenu::ItemConfig const*, unsigned short, daisy::AbstractMenu::Orientation, bool))
../../libDaisy/build\libdaisy.a(UI.o)
                              build/torus.o (daisy::UI::UI())
../../libDaisy/build\libdaisy.a(usbd_conf.o)
                              ../../libDaisy/build\libdaisy.a(system.o) (hpcd_USB_OTG_HS)
../../libDaisy/build\libdaisy.a(usbh_conf.o)
                              ../../libDaisy/build\libdaisy.a(system.o) (hhcd_USB_OTG_HS)
../../libDaisy/build\libdaisy.a(MappedValue.o)
                              build/torus.o (daisy::MappedStringListValue::MappedStringListValue(char const**, unsigned short, unsigned long))
../../libDaisy/build\libdaisy.a(hal_map.o)
                              ../../libDaisy/build\libdaisy.a(gpio.o) (dsy_hal_map_get_port)
../../libDaisy/build\libdaisy.a(oled_fonts.o)
                              ../../libDaisy/build\libdaisy.a(FullScreenItemMenu.o) (Font_11x18)
../../libDaisy/build\libdaisy.a(stm32h7xx_hal.o)
                              ../../libDaisy/build\libdaisy.a(system.o) (HAL_Init)
../../libDaisy/build\libdaisy.a(stm32h7xx_hal_adc.o)
                              ../../libDaisy/build\libdaisy.a(adc.o) (HAL_ADC_ConfigChannel)
../../libDaisy/build\libdaisy.a(stm32h7xx_hal_adc_ex.o)
                              ../../libDaisy/build\libdaisy.a(adc.o) (HAL_ADCEx_Calibration_Start)
../../libDaisy/build\libdaisy.a(stm32h7xx_hal_cortex.o)
                              ../../libDaisy/build\libdaisy.a(stm32h7xx_hal.o) (HAL_NVIC_SetPriorityGrouping)
../../libDaisy/build\libdaisy.a(stm32h7xx_hal_dac.o)
                              ../../libDaisy/build\libdaisy.a(dac.o) (HAL_DAC_Init)
../../libDaisy/build\libdaisy.a(stm32h7xx_hal_dac_ex.o)
                              ../../libDaisy/build\libdaisy.a(stm32h7xx_hal_dac.o) (HAL_DACEx_DMAUnderrunCallbackCh2)
../../libDaisy/build\libdaisy.a(stm32h7xx_hal_dma.o)
                              ../../libDaisy/build\libdaisy.a(adc.o) (HAL_DMA_Init)
../../libDaisy/build\libdaisy.a(stm32h7xx_hal_gpio.o)
[...]
Memory Configuration

Name             Origin             Length             Attributes
FLASH            0x08000000         0x00020000         xr
DTCMRAM          0x20000000         0x00020000         xrw
SRAM             0x24000000         0x00080000         xrw
RAM_D2           0x30000000         0x00048000         xrw
RAM_D3           0x38000000         0x00010000         xrw
ITCMRAM          0x00000000         0x00010000         xrw
SDRAM            0xc0000000         0x04000000         xrw
QSPIFLASH        0x90000000         0x00800000         xr
*default*        0x00000000         0xffffffff

Linker script and memory map

LOAD c:/programdata/chocolatey/lib/gcc-arm-embedded/tools/gcc-arm-none-eabi-10-2020-q4-major/bin/../lib/gcc/arm-none-eabi/10.2.1/thumb/v7e-m+dp/hard/crti.o
LOAD c:/programdata/chocolatey/lib/gcc-arm-embedded/tools/gcc-arm-none-eabi-10-2020-q4-major/bin/../lib/gcc/arm-none-eabi/10.2.1/thumb/v7e-m+dp/hard/crtbegin.o
LOAD c:/programdata/chocolatey/lib/gcc-arm-embedded/tools/gcc-arm-none-eabi-10-2020-q4-major/bin/../lib/gcc/arm-none-eabi/10.2.1/../../../../arm-none-eabi/lib/thumb/v7e-m+dp/hard/crt0.o
LOAD build/startup_stm32h750xx.o
LOAD build/torus.o
LOAD build/fm_voice.o
LOAD build/part.o
LOAD build/resonator.o
LOAD build/string.o
LOAD build/string_synth_part.o
LOAD build/resources.o
LOAD build/units.o
LOAD build/random.o
LOAD build/cv_scaler.o
LOAD ../../libDaisy/build\libdaisy.a
LOAD c:/programdata/chocolatey/lib/gcc-arm-embedded/tools/gcc-arm-none-eabi-10-2020-q4-major/bin/../lib/gcc/arm-none-eabi/10.2.1/../../../../arm-none-eabi/lib/thumb/v7e-m+dp/hard\libnosys.a
LOAD c:/programdata/chocolatey/lib/gcc-arm-embedded/tools/gcc-arm-none-eabi-10-2020-q4-major/bin/../lib/gcc/arm-none-eabi/10.2.1/../../../../arm-none-eabi/lib/thumb/v7e-m+dp/hard\libstdc++_nano.a
LOAD c:/programdata/chocolatey/lib/gcc-arm-embedded/tools/gcc-arm-none-eabi-10-2020-q4-major/bin/../lib/gcc/arm-none-eabi/10.2.1/../../../../arm-none-eabi/lib/thumb/v7e-m+dp/hard\libm.a
LOAD c:/programdata/chocolatey/lib/gcc-arm-embedded/tools/gcc-arm-none-eabi-10-2020-q4-major/bin/../lib/gcc/arm-none-eabi/10.2.1/../../../../arm-none-eabi/lib/thumb/v7e-m+dp/hard\libc_nano.a
START GROUP
LOAD c:/programdata/chocolatey/lib/gcc-arm-embedded/tools/gcc-arm-none-eabi-10-2020-q4-major/bin/../lib/gcc/arm-none-eabi/10.2.1/thumb/v7e-m+dp/hard\libgcc.a
LOAD c:/programdata/chocolatey/lib/gcc-arm-embedded/tools/gcc-arm-none-eabi-10-2020-q4-major/bin/../lib/gcc/arm-none-eabi/10.2.1/../../../../arm-none-eabi/lib/thumb/v7e-m+dp/hard\libc_nano.a
END GROUP
START GROUP
LOAD c:/programdata/chocolatey/lib/gcc-arm-embedded/tools/gcc-arm-none-eabi-10-2020-q4-major/bin/../lib/gcc/arm-none-eabi/10.2.1/thumb/v7e-m+dp/hard\libgcc.a
LOAD c:/programdata/chocolatey/lib/gcc-arm-embedded/tools/gcc-arm-none-eabi-10-2020-q4-major/bin/../lib/gcc/arm-none-eabi/10.2.1/../../../../arm-none-eabi/lib/thumb/v7e-m+dp/hard\libc_nano.a
LOAD c:/programdata/chocolatey/lib/gcc-arm-embedded/tools/gcc-arm-none-eabi-10-2020-q4-major/bin/../lib/gcc/arm-none-eabi/10.2.1/../../../../arm-none-eabi/lib/thumb/v7e-m+dp/hard\libnosys.a
END GROUP
START GROUP
LOAD c:/programdata/chocolatey/lib/gcc-arm-embedded/tools/gcc-arm-none-eabi-10-2020-q4-major/bin/../lib/gcc/arm-none-eabi/10.2.1/thumb/v7e-m+dp/hard\libgcc.a
LOAD c:/programdata/chocolatey/lib/gcc-arm-embedded/tools/gcc-arm-none-eabi-10-2020-q4-major/bin/../lib/gcc/arm-none-eabi/10.2.1/../../../../arm-none-eabi/lib/thumb/v7e-m+dp/hard\libc_nano.a
LOAD c:/programdata/chocolatey/lib/gcc-arm-embedded/tools/gcc-arm-none-eabi-10-2020-q4-major/bin/../lib/gcc/arm-none-eabi/10.2.1/../../../../arm-none-eabi/lib/thumb/v7e-m+dp/hard\libnosys.a
END GROUP
LOAD c:/programdata/chocolatey/lib/gcc-arm-embedded/tools/gcc-arm-none-eabi-10-2020-q4-major/bin/../lib/gcc/arm-none-eabi/10.2.1/thumb/v7e-m+dp/hard/crtend.o
LOAD c:/programdata/chocolatey/lib/gcc-arm-embedded/tools/gcc-arm-none-eabi-10-2020-q4-major/bin/../lib/gcc/arm-none-eabi/10.2.1/thumb/v7e-m+dp/hard/crtn.o
                0x20020000                _estack = 0x20020000

.isr_vector     0x08000000      0x298
                0x08000000                . = ALIGN (0x4)
 *(.isr_vector)
 .isr_vector    0x08000000      0x298 build/startup_stm32h750xx.o
                0x08000000                g_pfnVectors
                0x08000298                . = ALIGN (0x4)

.text           0x08000298    0x1d438
                0x08000298                . = ALIGN (0x4)
                0x08000298                _stext = .
 *(.text)
 .text          0x08000298       0x40 c:/programdata/chocolatey/lib/gcc-arm-embedded/tools/gcc-arm-none-eabi-10-2020-q4-major/bin/../lib/gcc/arm-none-eabi/10.2.1/thumb/v7e-m+dp/hard/crtbegin.o
 .text          0x080002d8      0x378 c:/programdata/chocolatey/lib/gcc-arm-embedded/tools/gcc-arm-none-eabi-10-2020-q4-major/bin/../lib/gcc/arm-none-eabi/10.2.1/thumb/v7e-m+dp/hard\libgcc.a(_arm_addsubdf3.o)
                0x080002d8                __aeabi_drsub
                0x080002e0                __aeabi_dsub
                0x080002e0                __subdf3
                0x080002e4                __aeabi_dadd
                0x080002e4                __adddf3
                0x0800055c                __floatunsidf
                0x0800055c                __aeabi_ui2d
                0x0800057c                __floatsidf
                0x0800057c                __aeabi_i2d
                0x080005a0                __aeabi_f2d
                0x080005a0                __extendsfdf2
                0x080005e4                __floatundidf
                0x080005e4                __aeabi_ul2d
                0x080005f4                __floatdidf
                0x080005f4                __aeabi_l2d
 .text          0x08000650       0x30 c:/programdata/chocolatey/lib/gcc-arm-embedded/tools/gcc-arm-none-eabi-10-2020-q4-major/bin/../lib/gcc/arm-none-eabi/10.2.1/thumb/v7e-m+dp/hard\libgcc.a(_aeabi_uldivmod.o)
                0x08000650                __aeabi_uldivmod
 .text          0x08000680      0x2d0 c:/programdata/chocolatey/lib/gcc-arm-embedded/tools/gcc-arm-none-eabi-10-2020-q4-major/bin/../lib/gcc/arm-none-eabi/10.2.1/thumb/v7e-m+dp/hard\libgcc.a(_udivmoddi4.o)
                0x08000680                __udivmoddi4
 .text          0x08000950        0x4 c:/programdata/chocolatey/lib/gcc-arm-embedded/tools/gcc-arm-none-eabi-10-2020-q4-major/bin/../lib/gcc/arm-none-eabi/10.2.1/thumb/v7e-m+dp/hard\libgcc.a(_dvmd_tls.o)
                0x08000950                __aeabi_idiv0
                0x08000950                __aeabi_ldiv0
 *(.text*)
 .text.Default_Handler
                0x08000954        0x2 build/startup_stm32h750xx.o
                0x08000954                RTC_Alarm_IRQHandler
                0x08000954                HASH_RNG_IRQHandler
                0x08000954                EXTI2_IRQHandler
                0x08000954                TIM8_CC_IRQHandler
                0x08000954                HRTIM1_Master_IRQHandler
                0x08000954                DebugMon_Handler
                0x08000954                TIM1_CC_IRQHandler
                0x08000954                BDMA_Channel6_IRQHandler
                0x08000954                DMA2_Stream5_IRQHandler
                0x08000954                HRTIM1_FLT_IRQHandler
                0x08000954                JPEG_IRQHandler
                0x08000954                BDMA_Channel1_IRQHandler
                0x08000954                HRTIM1_TIMD_IRQHandler
                0x08000954                TAMP_STAMP_IRQHandler
                0x08000954                PendSV_Handler
                0x08000954                NMI_Handler
                0x08000954                EXTI3_IRQHandler
                0x08000954                LPTIM4_IRQHandler
                0x08000954                TIM8_TRG_COM_TIM14_IRQHandler
                0x08000954                LPTIM2_IRQHandler
                0x08000954                DFSDM1_FLT1_IRQHandler
                0x08000954                DMAMUX2_OVR_IRQHandler
                0x08000954                TIM8_UP_TIM13_IRQHandler
                0x08000954                I2C3_ER_IRQHandler
                0x08000954                DFSDM1_FLT2_IRQHandler
                0x08000954                MDMA_IRQHandler
                0x08000954                LPTIM3_IRQHandler
                0x08000954                HSEM1_IRQHandler
                0x08000954                EXTI0_IRQHandler
                0x08000954                FPU_IRQHandler
                0x08000954                OTG_HS_WKUP_IRQHandler
                0x08000954                FDCAN1_IT1_IRQHandler
                0x08000954                UsageFault_Handler
                0x08000954                LTDC_ER_IRQHandler
                0x08000954                HRTIM1_TIME_IRQHandler
                0x08000954                DCMI_IRQHandler
                0x08000954                HRTIM1_TIMC_IRQHandler
                0x08000954                SAI2_IRQHandler
                0x08000954                DFSDM1_FLT3_IRQHandler
                0x08000954                TIM17_IRQHandler
                0x08000954                CRYP_IRQHandler
                0x08000954                BDMA_Channel7_IRQHandler
                0x08000954                LPTIM5_IRQHandler
                0x08000954                ADC3_IRQHandler
                0x08000954                BDMA_Channel2_IRQHandler
                0x08000954                DMAMUX1_OVR_IRQHandler
                0x08000954                TIM16_IRQHandler
                0x08000954                BDMA_Channel5_IRQHandler
                0x08000954                RCC_IRQHandler
                0x08000954                TIM8_BRK_TIM12_IRQHandler
                0x08000954                TIM1_TRG_COM_IRQHandler
                0x08000954                Default_Handler
                0x08000954                ECC_IRQHandler
                0x08000954                CEC_IRQHandler
                0x08000954                EXTI15_10_IRQHandler
                0x08000954                BDMA_Channel0_IRQHandler
                0x08000954                ADC_IRQHandler
                0x08000954                DMA1_Stream7_IRQHandler
                0x08000954                HRTIM1_TIMA_IRQHandler
                0x08000954                TIM7_IRQHandler
                0x08000954                SDMMC1_IRQHandler
                0x08000954                DMA2_Stream7_IRQHandler
                0x08000954                TIM15_IRQHandler
                0x08000954                PVD_AVD_IRQHandler
                0x08000954                EXTI9_5_IRQHandler
                0x08000954                RTC_WKUP_IRQHandler
                0x08000954                LTDC_IRQHandler
                0x08000954                SAI3_IRQHandler
                0x08000954                ETH_WKUP_IRQHandler
                0x08000954                SPDIF_RX_IRQHandler
                0x08000954                MemManage_Handler
                0x08000954                SVC_Handler
                0x08000954                CRS_IRQHandler
                0x08000954                EXTI4_IRQHandler
                0x08000954                HRTIM1_TIMB_IRQHandler
                0x08000954                FDCAN2_IT1_IRQHandler
                0x08000954                ETH_IRQHandler
                0x08000954                TIM1_UP_IRQHandler
                0x08000954                BDMA_Channel4_IRQHandler
                0x08000954                WWDG_IRQHandler
                0x08000954                SPI6_IRQHandler
                0x08000954                I2C4_EV_IRQHandler
                0x08000954                MDIOS_IRQHandler
                0x08000954                FDCAN2_IT0_IRQHandler
                0x08000954                FDCAN1_IT0_IRQHandler
                0x08000954                OTG_FS_WKUP_IRQHandler
                0x08000954                DMA2D_IRQHandler
                0x08000954                TIM1_BRK_IRQHandler
                0x08000954                EXTI1_IRQHandler
                0x08000954                SDMMC2_IRQHandler
                0x08000954                OTG_FS_EP1_OUT_IRQHandler
                0x08000954                BDMA_Channel3_IRQHandler
                0x08000954                MDIOS_WKUP_IRQHandler
                0x08000954                DFSDM1_FLT0_IRQHandler
                0x08000954                SAI4_IRQHandler
                0x08000954                I2C2_ER_IRQHandler
                0x08000954                FLASH_IRQHandler
                0x08000954                BusFault_Handler
                0x08000954                OTG_FS_IRQHandler
                0x08000954                WAKEUP_PIN_IRQHandler
                0x08000954                OTG_FS_EP1_IN_IRQHandler
                0x08000954                I2C1_ER_IRQHandler
                0x08000954                FMC_IRQHandler
                0x08000954                FDCAN_CAL_IRQHandler
                0x08000954                SWPMI1_IRQHandler
                0x08000954                COMP1_IRQHandler
                0x08000954                LPTIM1_IRQHandler
                0x08000954                I2C4_ER_IRQHandler
                0x08000954                DMA2_Stream6_IRQHandler
                0x08000954                SAI1_IRQHandler
 *fill*         0x08000956        0x2 
 .text.Reset_Handler
                0x08000958       0x3c build/startup_stm32h750xx.o
                0x08000958                Reset_Handler
 .text._ZN5torus4PartD2Ev
                0x08000994        0x2 build/torus.o
                0x08000994                torus::Part::~Part()
                0x08000994                torus::Part::~Part()
 .text._ZN5torus8StrummerD2Ev
                0x08000996        0x2 build/torus.o
                0x08000996                torus::Strummer::~Strummer()
                0x08000996                torus::Strummer::~Strummer()
 .text._ZN5torus15StringSynthPartD2Ev
                0x08000998        0x2 build/torus.o
                0x08000998                torus::StringSynthPart::~StringSynthPart()
                0x08000998                torus::StringSynthPart::~StringSynthPart()
 .text._ZN5torus8CvScalerD2Ev
                0x0800099a        0x2 build/torus.o
                0x0800099a                torus::CvScaler::~CvScaler()
                0x0800099a                torus::CvScaler::~CvScaler()
 .text._ZN5daisy7EncoderD2Ev
                0x0800099c        0x2 build/torus.o
                0x0800099c                daisy::Encoder::~Encoder()
                0x0800099c                daisy::Encoder::~Encoder()
 .text._ZN5daisy12UiEventQueueD2Ev
                0x0800099e        0x2 build/torus.o
                0x0800099e                daisy::UiEventQueue::~UiEventQueue()
                0x0800099e                daisy::UiEventQueue::~UiEventQueue()
 .text._ZN5daisy21MappedStringListValueD2Ev
                0x080009a0        0x2 build/torus.o
                0x080009a0                daisy::MappedStringListValue::~MappedStringListValue()
                0x080009a0                daisy::MappedStringListValue::~MappedStringListValue()
 .text._ZN5daisy8patch_sm12DaisyPatchSMD2Ev
                0x080009a2        0x2 build/torus.o
                0x080009a2                daisy::patch_sm::DaisyPatchSM::~DaisyPatchSM()
                0x080009a2                daisy::patch_sm::DaisyPatchSM::~DaisyPatchSM()
 .text._ZN5daisy11OledDisplayINS_13SSD130xDriverILj128ELj64ENS_24SSD130x4WireSpiTransportEEEE4FillEb
                0x080009a4       0x14 build/torus.o
                0x080009a4                daisy::OledDisplay<daisy::SSD130xDriver<128u, 64u, daisy::SSD130x4WireSpiTransport> >::Fill(bool)
 .text._ZN5daisy18FullScreenItemMenuD2Ev
                0x080009b8        0x2 build/torus.o
                0x080009b8                daisy::FullScreenItemMenu::~FullScreenItemMenu()
                0x080009b8                daisy::FullScreenItemMenu::~FullScreenItemMenu()
 .text._ZN5daisy11OledDisplayINS_13SSD130xDriverILj128ELj64ENS_24SSD130x4WireSpiTransportEEEED2Ev
                0x080009ba        0x2 build/torus.o
                0x080009ba                daisy::OledDisplay<daisy::SSD130xDriver<128u, 64u, daisy::SSD130x4WireSpiTransport> >::~OledDisplay()
                0x080009ba                daisy::OledDisplay<daisy::SSD130xDriver<128u, 64u, daisy::SSD130x4WireSpiTransport> >::~OledDisplay()
 .text._ZNK5daisy11OledDisplayINS_13SSD130xDriverILj128ELj64ENS_24SSD130x4WireSpiTransportEEEE6HeightEv
                0x080009bc        0x4 build/torus.o
                0x080009bc                daisy::OledDisplay<daisy::SSD130xDriver<128u, 64u, daisy::SSD130x4WireSpiTransport> >::Height() const
 .text._ZNK5daisy11OledDisplayINS_13SSD130xDriverILj128ELj64ENS_24SSD130x4WireSpiTransportEEEE5WidthEv
                0x080009c0        0x4 build/torus.o
                0x080009c0                daisy::OledDisplay<daisy::SSD130xDriver<128u, 64u, daisy::SSD130x4WireSpiTransport> >::Width() const
 .text._ZN5daisy11OledDisplayINS_13SSD130xDriverILj128ELj64ENS_24SSD130x4WireSpiTransportEEEED0Ev
                0x080009c4       0x10 build/torus.o
                0x080009c4                daisy::OledDisplay<daisy::SSD130xDriver<128u, 64u, daisy::SSD130x4WireSpiTransport> >::~OledDisplay()
 .text._Z11ClearCanvasRKN5daisy18UiCanvasDescriptorE
                0x080009d4        0xe build/torus.o
                0x080009d4                ClearCanvas(daisy::UiCanvasDescriptor const&)
 .text._Z11FlushCanvasRKN5daisy18UiCanvasDescriptorE
                0x080009e2        0xe build/torus.o
                0x080009e2                FlushCanvas(daisy::UiCanvasDescriptor const&)
 .text._ZN5daisy8FIFOBaseINS_12UiEventQueue5EventEE8PushBackERKS2_.isra.0
                0x080009f0       0x3a build/torus.o
 .text._ZN6stmlib8NaiveSvf5SplitEPKfPfS3_j
                0x08000a2a       0x40 build/torus.o
                0x08000a2a                stmlib::NaiveSvf::Split(float const*, float*, float*, unsigned int)
 *fill*         0x08000a6a        0x2 
 .text._ZN5torus13OnsetDetector7ProcessEPKfj
                0x08000a6c      0x1b4 build/torus.o
                0x08000a6c                torus::OnsetDetector::Process(float const*, unsigned int)
 .text._ZN5torus8Strummer7ProcessEPKfjPNS_16PerformanceStateE
                0x08000c20       0x70 build/torus.o
                0x08000c20                torus::Strummer::Process(float const*, unsigned int, torus::PerformanceState*)
 .text._ZN5daisy21OneBitGraphicsDisplay9SetCursorEtt
                0x08000c90       0x3c build/torus.o
                0x08000c90                daisy::OneBitGraphicsDisplay::SetCursor(unsigned short, unsigned short)
 .text._ZN5daisy21MappedStringListValueD0Ev
                0x08000ccc        0xe build/torus.o
                0x08000ccc                daisy::MappedStringListValue::~MappedStringListValue()
 .text._ZN5daisy24SSD130x4WireSpiTransport11SendCommandEh
                0x08000cda       0x22 build/torus.o
                0x08000cda                daisy::SSD130x4WireSpiTransport::SendCommand(unsigned char)
 .text._ZN5daisy11OledDisplayINS_13SSD130xDriverILj128ELj64ENS_24SSD130x4WireSpiTransportEEEE6UpdateEv
                0x08000cfc       0x48 build/torus.o
                0x08000cfc                daisy::OledDisplay<daisy::SSD130xDriver<128u, 64u, daisy::SSD130x4WireSpiTransport> >::Update()
 .text._ZN5daisy18FullScreenItemMenuC2Ev
                0x08000d44       0x28 build/torus.o
                0x08000d44                daisy::FullScreenItemMenu::FullScreenItemMenu()
                0x08000d44                daisy::FullScreenItemMenu::FullScreenItemMenu()
 .text._Z6InitUiv
                0x08000d6c       0xb0 build/torus.o
                0x08000d6c                InitUi()
 .text._Z11InitUiPagesv
                0x08000e1c      0x184 build/torus.o
                0x08000e1c                InitUiPages()
 .text._Z16GenerateUiEventsv
                0x08000fa0       0xb4 build/torus.o
                0x08000fa0                GenerateUiEvents()
 .text._Z15ProcessControlsPN5torus5PatchEPNS_16PerformanceStateE
                0x08001054      0x168 build/torus.o
                0x08001054                ProcessControls(torus::Patch*, torus::PerformanceState*)
 .text._Z13AudioCallbackPKPKfPPfj
                0x080011bc      0x150 build/torus.o
                0x080011bc                AudioCallback(float const* const*, float**, unsigned int)
 .text.startup.main
                0x0800130c      0x144 build/torus.o
                0x0800130c                main
 .text._ZN5daisy18FullScreenItemMenuD0Ev
                0x08001450        0xe build/torus.o
                0x08001450                daisy::FullScreenItemMenu::~FullScreenItemMenu()
 .text._ZN5daisy13SSD130xDriverILj128ELj64ENS_24SSD130x4WireSpiTransportEE9DrawPixelEjjb
                0x0800145e       0x30 build/torus.o
                0x0800145e                daisy::SSD130xDriver<128u, 64u, daisy::SSD130x4WireSpiTransport>::DrawPixel(unsigned int, unsigned int, bool)
 .text._ZN5daisy11OledDisplayINS_13SSD130xDriverILj128ELj64ENS_24SSD130x4WireSpiTransportEEEE9DrawPixelEjjb
                0x0800148e        0xa build/torus.o
                0x0800148e                daisy::OledDisplay<daisy::SSD130xDriver<128u, 64u, daisy::SSD130x4WireSpiTransport> >::DrawPixel(unsigned int, unsigned int, bool)
 .text._ZN5daisy25OneBitGraphicsDisplayImplINS_11OledDisplayINS_13SSD130xDriverILj128ELj64ENS_24SSD130x4WireSpiTransportEEEEEE9WriteCharEc7FontDefb
                0x08001498       0xa8 build/torus.o
                0x08001498                daisy::OneBitGraphicsDisplayImpl<daisy::OledDisplay<daisy::SSD130xDriver<128u, 64u, daisy::SSD130x4WireSpiTransport> > >::WriteChar(char, FontDef, bool)
 .text._ZN5daisy25OneBitGraphicsDisplayImplINS_11OledDisplayINS_13SSD130xDriverILj128ELj64ENS_24SSD130x4WireSpiTransportEEEEEE11WriteStringEPKc7FontDefb
                0x08001540       0x30 build/torus.o
                0x08001540                daisy::OneBitGraphicsDisplayImpl<daisy::OledDisplay<daisy::SSD130xDriver<128u, 64u, daisy::SSD130x4WireSpiTransport> > >::WriteString(char const*, FontDef, bool)
 .text._ZN5daisy25OneBitGraphicsDisplayImplINS_11OledDisplayINS_13SSD130xDriverILj128ELj64ENS_24SSD130x4WireSpiTransportEEEEEE18WriteStringAlignedEPKcRK7FontDefNS_9RectangleENS_9AlignmentEb
                0x08001570      0x132 build/torus.o
                0x08001570                daisy::OneBitGraphicsDisplayImpl<daisy::OledDisplay<daisy::SSD130xDriver<128u, 64u, daisy::SSD130x4WireSpiTransport> > >::WriteStringAligned(char const*, FontDef const&, daisy::Rectangle, daisy::Alignment, bool)
 *fill*         0x080016a2        0x6 
 .text._ZN5daisy25OneBitGraphicsDisplayImplINS_11OledDisplayINS_13SSD130xDriverILj128ELj64ENS_24SSD130x4WireSpiTransportEEEEEE7DrawArcEjjjiib
                0x080016a8      0x300 build/torus.o
                0x080016a8                daisy::OneBitGraphicsDisplayImpl<daisy::OledDisplay<daisy::SSD130xDriver<128u, 64u, daisy::SSD130x4WireSpiTransport> > >::DrawArc(unsigned int, unsigned int, unsigned int, int, int, bool)
 .text._ZN5daisy25OneBitGraphicsDisplayImplINS_11OledDisplayINS_13SSD130xDriverILj128ELj64ENS_24SSD130x4WireSpiTransportEEEEEE8DrawLineEjjjjb
                0x080019a8       0x9a build/torus.o
                0x080019a8                daisy::OneBitGraphicsDisplayImpl<daisy::OledDisplay<daisy::SSD130xDriver<128u, 64u, daisy::SSD130x4WireSpiTransport> > >::DrawLine(unsigned int, unsigned int, unsigned int, unsigned int, bool)
 .text._ZN5daisy25OneBitGraphicsDisplayImplINS_11OledDisplayINS_13SSD130xDriverILj128ELj64ENS_24SSD130x4WireSpiTransportEEEEEE8DrawRectEjjjjbb
                0x08001a42       0x7e build/torus.o
                0x08001a42                daisy::OneBitGraphicsDisplayImpl<daisy::OledDisplay<daisy::SSD130xDriver<128u, 64u, daisy::SSD130x4WireSpiTransport> > >::DrawRect(unsigned int, unsigned int, unsigned int, unsigned int, bool, bool)
 .text.startup._GLOBAL__sub_I__Z11FlushCanvasRKN5daisy18UiCanvasDescriptorE
                0x08001ac0      0x268 build/torus.o
 .text._ZNK5torus7FMVoice6SineFmEmf.isra.0
                0x08001d28       0x58 build/fm_voice.o
 .text._ZN6stmlib16SemitonesToRatioEf
                0x08001d80       0x48 build/fm_voice.o
                0x08001d80                stmlib::SemitonesToRatio(float)
 .text._ZN5torus7FMVoice4InitEv
                0x08001dc8       0xa0 build/fm_voice.o
                0x08001dc8                torus::FMVoice::Init()
 .text._ZN5torus7FMVoice7ProcessEPKfPfS3_j
                0x08001e68      0x40c build/fm_voice.o
                0x08001e68                torus::FMVoice::Process(float const*, float*, float*, unsigned int)
 .text._ZSt13__adjust_heapIPfifN9__gnu_cxx5__ops15_Iter_less_iterEEvT_T0_S5_T1_T2_.isra.0
                0x08002274       0x98 build/part.o
 .text._ZSt4copyIPKfPfET0_T_S4_S3_.isra.0
                0x0800230c       0x12 build/part.o
 .text._ZSt16__introsort_loopIPfiN9__gnu_cxx5__ops15_Iter_less_iterEEvT_S4_T0_T1_.isra.0
                0x0800231e       0xf4 build/part.o
 .text._ZSt16__insertion_sortIPfN9__gnu_cxx5__ops15_Iter_less_iterEEvT_S4_T0_.isra.0
                0x08002412       0x60 build/part.o
 *fill*         0x08002472        0x2 
 .text._ZN5torus6Reverb7ProcessEPfS1_j
                0x08002474      0x3e0 build/part.o
                0x08002474                torus::Reverb::Process(float*, float*, unsigned int)
 .text._ZN5torus4Part30ComputeSympatheticStringsNotesEfffPfj
                0x08002854      0x180 build/part.o
                0x08002854                torus::Part::ComputeSympatheticStringsNotes(float, float, float, float*, unsigned int)
 .text._ZN5torus4Part13RenderFMVoiceElRKNS_16PerformanceStateERKNS_5PatchEffj
                0x080029d4       0x7e build/part.o
                0x080029d4                torus::Part::RenderFMVoice(long, torus::PerformanceState const&, torus::Patch const&, float, float, unsigned int)
 *fill*         0x08002a52        0x2 
 .text._ZN6stmlib3Svf7set_f_qILNS_22FrequencyApproximationE3EEEvff
                0x08002a54       0x44 build/part.o
                0x08002a54                void stmlib::Svf::set_f_q<(stmlib::FrequencyApproximation)3>(float, float)
 .text._ZN5torus7Plucker4InitEv
                0x08002a98       0x40 build/part.o
                0x08002a98                torus::Plucker::Init()
 .text._ZN6stmlib3Svf7ProcessILNS_10FilterModeE0EEEvPKfPfj
                0x08002ad8       0x58 build/part.o
                0x08002ad8                void stmlib::Svf::Process<(stmlib::FilterMode)0>(float const*, float*, unsigned int)
 .text._ZN5torus4Part16RenderModalVoiceElRKNS_16PerformanceStateERKNS_5PatchEffj
                0x08002b30       0xba build/part.o
                0x08002b30                torus::Part::RenderModalVoice(long, torus::PerformanceState const&, torus::Patch const&, float, float, unsigned int)
 *fill*         0x08002bea        0x2 
 .text._ZN5torus7Plucker7ProcessEPfj
                0x08002bec       0xe4 build/part.o
                0x08002bec                torus::Plucker::Process(float*, unsigned int)
 .text._ZN5torus4Part17RenderStringVoiceElRKNS_16PerformanceStateERKNS_5PatchEffj
                0x08002cd0      0x4a0 build/part.o
                0x08002cd0                torus::Part::RenderStringVoice(long, torus::PerformanceState const&, torus::Patch const&, float, float, unsigned int)
 .text._ZN6stmlib16CosineOscillator4InitILNS_20CosineOscillatorModeE0EEEvf
                0x08003170       0x5e build/part.o
                0x08003170                void stmlib::CosineOscillator::Init<(stmlib::CosineOscillatorMode)0>(float)
 *fill*         0x080031ce        0x2 
 .text._ZN5torus4Part19ConfigureResonatorsEv
                0x080031d0      0x11c build/part.o
                0x080031d0                torus::Part::ConfigureResonators()
 .text._ZN5torus4Part7ProcessERKNS_16PerformanceStateERKNS_5PatchEPKfPfS9_j
                0x080032ec      0x6a8 build/part.o
                0x080032ec                torus::Part::Process(torus::PerformanceState const&, torus::Patch const&, float const*, float*, float*, unsigned int)
 .text._ZN5torus4Part4InitEPt
                0x08003994      0x13c build/part.o
                0x08003994                torus::Part::Init(unsigned short*)
 .text._ZN6stmlib11InterpolateEPKfff
                0x08003ad0       0x2a build/resonator.o
                0x08003ad0                stmlib::Interpolate(float const*, float, float)
 *fill*         0x08003afa        0x2 
 .text._ZN5torus9Resonator4InitEv
                0x08003afc       0x58 build/resonator.o
                0x08003afc                torus::Resonator::Init()
 .text._ZN5torus9Resonator14ComputeFiltersEv
                0x08003b54      0x170 build/resonator.o
                0x08003b54                torus::Resonator::ComputeFilters()
 .text._ZN6stmlib3Svf7ProcessILNS_10FilterModeE1EEEff
                0x08003cc4       0x42 build/resonator.o
                0x08003cc4                float stmlib::Svf::Process<(stmlib::FilterMode)1>(float)
 *fill*         0x08003d06        0x2 
 .text._ZN5torus9Resonator7ProcessEPKfPfS3_j
                0x08003d08       0xfc build/resonator.o
                0x08003d08                torus::Resonator::Process(float const*, float*, float*, unsigned int)
 .text._ZN5torus13DampingFilter7ProcessEf
                0x08003e04       0x5e build/string.o
                0x08003e04                torus::DampingFilter::Process(float)
 *fill*         0x08003e62        0x2 
 .text._ZN5torus6String4InitEb
                0x08003e64       0xb4 build/string.o
                0x08003e64                torus::String::Init(bool)
 .text._ZN6stmlib3Svf7set_f_qILNS_22FrequencyApproximationE1EEEvff
                0x08003f18       0x74 build/string.o
                0x08003f18                void stmlib::Svf::set_f_q<(stmlib::FrequencyApproximation)1>(float, float)
 .text._ZNK6stmlib9DelayLineIfLj2048EE11ReadHermiteEf
                0x08003f8c       0x88 build/string.o
                0x08003f8c                stmlib::DelayLine<float, 2048u>::ReadHermite(float) const
 .text._ZN6stmlib3Svf7ProcessILNS_10FilterModeE0EEEff
                0x08004014       0x4a build/string.o
                0x08004014                float stmlib::Svf::Process<(stmlib::FilterMode)0>(float)
 .text._ZNK6stmlib9DelayLineIfLj2048EE4ReadEf
                0x0800405e       0x3c build/string.o
                0x0800405e                stmlib::DelayLine<float, 2048u>::Read(float) const
 *fill*         0x0800409a        0x2 
 .text._ZN5torus6String15ProcessInternalILb0EEEvPKfPfS4_j
                0x0800409c      0x31c build/string.o
                0x0800409c                void torus::String::ProcessInternal<false>(float const*, float*, float*, unsigned int)
 .text._ZN5torus6String15ProcessInternalILb1EEEvPKfPfS4_j
                0x080043b8      0x51c build/string.o
                0x080043b8                void torus::String::ProcessInternal<true>(float const*, float*, float*, unsigned int)
 .text._ZN5torus6String7ProcessEPKfPfS3_j
                0x080048d4       0x1a build/string.o
                0x080048d4                torus::String::Process(float const*, float*, float*, unsigned int)
 .text._ZSt13__adjust_heapIPfifN9__gnu_cxx5__ops15_Iter_less_iterEEvT_T0_S5_T1_T2_.isra.0
                0x080048ee       0x98 build/string_synth_part.o
 *fill*         0x08004986        0x2 
 .text._ZN5torus8FxEngineILj4096ELNS_6FormatE1EE7Context11InterpolateINS2_9DelayLineINS2_7ReserveILl2047ENS6_ILl2047ENS2_5EmptyEEEEELl1EEEEEvRT_ff.isra.0
                0x08004988       0x6c build/string_synth_part.o
 .text._ZN5torus8FxEngineILj4096ELNS_6FormatE1EE7Context11InterpolateINS2_9DelayLineINS2_7ReserveILl2047ENS6_ILl2047ENS2_5EmptyEEEEELl0EEEEEvRT_ff.isra.0
                0x080049f4       0x64 build/string_synth_part.o
 .text._ZN5torus8FxEngineILj2048ELNS_6FormatE1EE7Context11InterpolateINS2_9DelayLineINS2_7ReserveILl2047ENS2_5EmptyEEELl0EEEEEvRT_ff.isra.0
                0x08004a58       0x64 build/string_synth_part.o
 .text._ZSt16__introsort_loopIPfiN9__gnu_cxx5__ops15_Iter_less_iterEEvT_S4_T0_T1_.isra.0
                0x08004abc       0xf4 build/string_synth_part.o
 .text._ZSt16__insertion_sortIPfN9__gnu_cxx5__ops15_Iter_less_iterEEvT_S4_T0_.isra.0
                0x08004bb0       0x60 build/string_synth_part.o
 .text._ZN6stmlib16CosineOscillator4NextEv
                0x08004c10       0x22 build/string_synth_part.o
                0x08004c10                stmlib::CosineOscillator::Next()
 *fill*         0x08004c32        0x2 
 .text._ZN5torus6Chorus7ProcessEPfS1_j
                0x08004c34      0x204 build/string_synth_part.o
                0x08004c34                torus::Chorus::Process(float*, float*, unsigned int)
 .text._ZN5torus8Ensemble7ProcessEPfS1_j
                0x08004e38      0x264 build/string_synth_part.o
                0x08004e38                torus::Ensemble::Process(float*, float*, unsigned int)
 .text._ZN5torus15StringSynthPart19ComputeRegistrationEffPf
                0x0800509c       0x68 build/string_synth_part.o
                0x0800509c                torus::StringSynthPart::ComputeRegistration(float, float, float*)
 .text._ZN5torus15StringSynthPart16ProcessEnvelopesEfPhPf
                0x08005104      0x1d8 build/string_synth_part.o
                0x08005104                torus::StringSynthPart::ProcessEnvelopes(float, unsigned char*, float*)
 .text._ZN5torus15StringSynthPart20ProcessFormantFilterEfffPfS1_j
                0x080052dc      0x1a0 build/string_synth_part.o
                0x080052dc                torus::StringSynthPart::ProcessFormantFilter(float, float, float, float*, float*, unsigned int)
 .text._ZN5torus8FxEngineILj32768ELNS_6FormatE1EE5ClearEv
                0x0800547c       0x16 build/string_synth_part.o
                0x0800547c                torus::FxEngine<32768u, (torus::Format)1>::Clear()
 *fill*         0x08005492        0x2 
 .text._ZN5torus15StringSynthPart4InitEPt
                0x08005494      0x1c8 build/string_synth_part.o
                0x08005494                torus::StringSynthPart::Init(unsigned short*)
 .text._ZN5torus21StringSynthOscillator6RenderILNS_15OscillatorShapeE2ELb1EEEvfffPfj
                0x0800565c      0x18c build/string_synth_part.o
                0x0800565c                void torus::StringSynthOscillator::Render<(torus::OscillatorShape)2, true>(float, float, float, float*, unsigned int)
 .text._ZN5torus21StringSynthOscillator6RenderILNS_15OscillatorShapeE0ELb0EEEvfffPfj
                0x080057e8      0x184 build/string_synth_part.o
                0x080057e8                void torus::StringSynthOscillator::Render<(torus::OscillatorShape)0, false>(float, float, float, float*, unsigned int)
 .text._ZN5torus15StringSynthPart7ProcessERKNS_16PerformanceStateERKNS_5PatchEPKfPfS9_j
                0x0800596c      0x71c build/string_synth_part.o
                0x0800596c                torus::StringSynthPart::Process(torus::PerformanceState const&, torus::Patch const&, float const*, float*, float*, unsigned int)
 .text._ZN5torus13InitResourcesEv
                0x08006088       0x34 build/resources.o
                0x08006088                torus::InitResources()
 .text._ZN5torus8CvScaler4InitEv
                0x080060bc       0x1a build/cv_scaler.o
                0x080060bc                torus::CvScaler::Init()
 *fill*         0x080060d6        0x2 
 .text._ZN5torus8CvScaler4ReadEPNS_5PatchEPNS_16PerformanceStateE
                0x080060d8      0x1dc build/cv_scaler.o
                0x080060d8                torus::CvScaler::Read(torus::Patch*, torus::PerformanceState*)
 .text.startup._GLOBAL__sub_I_hw1
                0x080062b4       0x20 build/cv_scaler.o
 .text._ZN5daisy8patch_sm12DaisyPatchSM4Impl19InternalDacCallbackEPPtj
                0x080062d4       0xa8 ../../libDaisy/build\libdaisy.a(daisy_patch_sm.o)
                0x080062d4                daisy::patch_sm::DaisyPatchSM::Impl::InternalDacCallback(unsigned short**, unsigned int)
 .text._ZN5daisy8patch_sm12DaisyPatchSM4InitEv
                0x0800637c      0x27c ../../libDaisy/build\libdaisy.a(daisy_patch_sm.o)
                0x0800637c                daisy::patch_sm::DaisyPatchSM::Init()
 .text._ZN5daisy8patch_sm12DaisyPatchSM10StartAudioEPFvPKPKfPPfjE
                0x080065f8        0x8 ../../libDaisy/build\libdaisy.a(daisy_patch_sm.o)
                0x080065f8                daisy::patch_sm::DaisyPatchSM::StartAudio(void (*)(float const* const*, float**, unsigned int))
 .text._ZN5daisy8patch_sm12DaisyPatchSM14AudioBlockSizeEv
                0x08006600        0xc ../../libDaisy/build\libdaisy.a(daisy_patch_sm.o)
                0x08006600                daisy::patch_sm::DaisyPatchSM::AudioBlockSize()
 .text._ZN5daisy8patch_sm12DaisyPatchSM15AudioSampleRateEv
                0x0800660c        0x8 ../../libDaisy/build\libdaisy.a(daisy_patch_sm.o)
                0x0800660c                daisy::patch_sm::DaisyPatchSM::AudioSampleRate()
 .text._ZN5daisy8patch_sm12DaisyPatchSM8StartAdcEv
                0x08006614        0x8 ../../libDaisy/build\libdaisy.a(daisy_patch_sm.o)
                0x08006614                daisy::patch_sm::DaisyPatchSM::StartAdc()
 .text._ZN5daisy8patch_sm12DaisyPatchSM21ProcessAnalogControlsEv
                0x0800661c       0x18 ../../libDaisy/build\libdaisy.a(daisy_patch_sm.o)
                0x0800661c                daisy::patch_sm::DaisyPatchSM::ProcessAnalogControls()
 .text._ZN5daisy8patch_sm12DaisyPatchSM22ProcessDigitalControlsEv
                0x08006634        0x4 ../../libDaisy/build\libdaisy.a(daisy_patch_sm.o)
                0x08006634                daisy::patch_sm::DaisyPatchSM::ProcessDigitalControls()
 .text.startup._GLOBAL__sub_I__ZN5daisy8patch_sm12DaisyPatchSM2A1E
                0x08006638       0x28 ../../libDaisy/build\libdaisy.a(daisy_patch_sm.o)
 .text._ZN5daisy7Pcm30604InitENS_9I2CHandleE
                0x08006660      0x16c ../../libDaisy/build\libdaisy.a(codec_pcm3060.o)
                0x08006660                daisy::Pcm3060::Init(daisy::I2CHandle)
 .text._ZN11SdramHandle10DeviceInitEv
                0x080067cc       0x98 ../../libDaisy/build\libdaisy.a(sdram.o)
                0x080067cc                SdramHandle::DeviceInit()
 .text._ZN11SdramHandle4InitEv
                0x08006864       0x7c ../../libDaisy/build\libdaisy.a(sdram.o)
                0x08006864                SdramHandle::Init()
 .text.HAL_SDRAM_MspInit
                0x080068e0      0x1a8 ../../libDaisy/build\libdaisy.a(sdram.o)
                0x080068e0                HAL_SDRAM_MspInit
 .text._ZN5daisy11AudioHandle4Impl16InternalCallbackEPlS2_j
                0x08006a88      0xbbc ../../libDaisy/build\libdaisy.a(audio.o)
                0x08006a88                daisy::AudioHandle::Impl::InternalCallback(long*, long*, unsigned int)
 .text._ZN5daisy11AudioHandle4InitERKNS0_6ConfigENS_9SaiHandleE
                0x08007644       0x70 ../../libDaisy/build\libdaisy.a(audio.o)
                0x08007644                daisy::AudioHandle::Init(daisy::AudioHandle::Config const&, daisy::SaiHandle)
 .text._ZNK5daisy11AudioHandle9GetConfigEv
                0x080076b4        0x8 ../../libDaisy/build\libdaisy.a(audio.o)
                0x080076b4                daisy::AudioHandle::GetConfig() const
 .text._ZN5daisy11AudioHandle13GetSampleRateEv
                0x080076bc        0x8 ../../libDaisy/build\libdaisy.a(audio.o)
                0x080076bc                daisy::AudioHandle::GetSampleRate()
 .text._ZN5daisy11AudioHandle5StartEPFvPKPKfPPfjE
                0x080076c4       0x44 ../../libDaisy/build\libdaisy.a(audio.o)
                0x080076c4                daisy::AudioHandle::Start(void (*)(float const* const*, float**, unsigned int))
 .text.startup._GLOBAL__sub_I__ZN5daisy11AudioHandle4Impl4InitENS0_6ConfigENS_9SaiHandleE
                0x08007708       0x24 ../../libDaisy/build\libdaisy.a(audio.o)
 .text._ZN5daisy13AnalogControl4InitEPtfbbf
                0x0800772c       0x64 ../../libDaisy/build\libdaisy.a(ctrl.o)
                0x0800772c                daisy::AnalogControl::Init(unsigned short*, float, bool, bool, float)
 .text._ZN5daisy13AnalogControl13InitBipolarCvEPtf
                0x08007790       0x6c ../../libDaisy/build\libdaisy.a(ctrl.o)
                0x08007790                daisy::AnalogControl::InitBipolarCv(unsigned short*, float)
 .text._ZN5daisy13AnalogControl7ProcessEv
                0x080077fc       0x48 ../../libDaisy/build\libdaisy.a(ctrl.o)
                0x080077fc                daisy::AnalogControl::Process()
 .text._ZN5daisy7Encoder4InitE12dsy_gpio_pinS1_S1_f
                0x08007844       0x60 ../../libDaisy/build\libdaisy.a(encoder.o)
                0x08007844                daisy::Encoder::Init(dsy_gpio_pin, dsy_gpio_pin, dsy_gpio_pin, float)
 .text._ZN5daisy6GateIn4InitEP12dsy_gpio_pinb
                0x080078a4       0x14 ../../libDaisy/build\libdaisy.a(gatein.o)
                0x080078a4                daisy::GateIn::Init(dsy_gpio_pin*, bool)
 .text._ZN5daisy6GateIn4TrigEv
                0x080078b8       0x2c ../../libDaisy/build\libdaisy.a(gatein.o)
                0x080078b8                daisy::GateIn::Trig()
 .text._ZN5daisy6Switch4InitE12dsy_gpio_pinf
                0x080078e4       0x34 ../../libDaisy/build\libdaisy.a(switch.o)
                0x080078e4                daisy::Switch::Init(dsy_gpio_pin, float)
 .text._ZN5daisy16AdcChannelConfig10InitSingleE12dsy_gpio_pin
                0x08007918       0x1c ../../libDaisy/build\libdaisy.a(adc.o)
                0x08007918                daisy::AdcChannelConfig::InitSingle(dsy_gpio_pin)
 .text._ZN5daisy9AdcHandle4InitEPNS_16AdcChannelConfigEjNS0_12OverSamplingE
                0x08007934      0x3c8 ../../libDaisy/build\libdaisy.a(adc.o)
                0x08007934                daisy::AdcHandle::Init(daisy::AdcChannelConfig*, unsigned int, daisy::AdcHandle::OverSampling)
 .text._ZN5daisy9AdcHandle5StartEv
                0x08007cfc       0x2c ../../libDaisy/build\libdaisy.a(adc.o)
                0x08007cfc                daisy::AdcHandle::Start()
 .text._ZNK5daisy9AdcHandle6GetPtrEh
                0x08007d28       0x14 ../../libDaisy/build\libdaisy.a(adc.o)
                0x08007d28                daisy::AdcHandle::GetPtr(unsigned char) const
 .text.HAL_ADC_MspInit
                0x08007d3c       0x98 ../../libDaisy/build\libdaisy.a(adc.o)
                0x08007d3c                HAL_ADC_MspInit
 .text.DMA1_Stream2_IRQHandler
                0x08007dd4        0xc ../../libDaisy/build\libdaisy.a(adc.o)
                0x08007dd4                DMA1_Stream2_IRQHandler
 .text.HAL_ADC_ConvCpltCallback
                0x08007de0      0x148 ../../libDaisy/build\libdaisy.a(adc.o)
                0x08007de0                HAL_ADC_ConvCpltCallback
 .text.HAL_ADC_ErrorCallback
                0x08007f28        0x4 ../../libDaisy/build\libdaisy.a(adc.o)
                0x08007f28                HAL_ADC_ErrorCallback
 .text.HAL_DAC_MspInit
                0x08007f2c      0x15c ../../libDaisy/build\libdaisy.a(dac.o)
                0x08007f2c                HAL_DAC_MspInit
 .text.DMA2_Stream0_IRQHandler
                0x08008088        0xc ../../libDaisy/build\libdaisy.a(dac.o)
                0x08008088                DMA2_Stream0_IRQHandler
 .text.DMA2_Stream1_IRQHandler
                0x08008094        0xc ../../libDaisy/build\libdaisy.a(dac.o)
                0x08008094                DMA2_Stream1_IRQHandler
 .text.TIM6_DAC_IRQHandler
                0x080080a0       0x1c ../../libDaisy/build\libdaisy.a(dac.o)
                0x080080a0                TIM6_DAC_IRQHandler
 .text.HAL_DAC_ConvCpltCallbackCh1
                0x080080bc       0x60 ../../libDaisy/build\libdaisy.a(dac.o)
                0x080080bc                HAL_DAC_ConvCpltCallbackCh1
 .text.HAL_DAC_ConvHalfCpltCallbackCh1
                0x0800811c       0x54 ../../libDaisy/build\libdaisy.a(dac.o)
                0x0800811c                HAL_DAC_ConvHalfCpltCallbackCh1
 .text.HAL_DACEx_ConvHalfCpltCallbackCh2
                0x08008170       0x2c ../../libDaisy/build\libdaisy.a(dac.o)
                0x08008170                HAL_DACEx_ConvHalfCpltCallbackCh2
 .text.HAL_DACEx_ConvCpltCallbackCh2
                0x0800819c       0x34 ../../libDaisy/build\libdaisy.a(dac.o)
                0x0800819c                HAL_DACEx_ConvCpltCallbackCh2
 .text._ZN5daisy9DacHandle4InitERKNS0_6ConfigE
                0x080081d0       0xfc ../../libDaisy/build\libdaisy.a(dac.o)
                0x080081d0                daisy::DacHandle::Init(daisy::DacHandle::Config const&)
 .text._ZN5daisy9DacHandle5StartEPtS1_jPFvPS1_jE
                0x080082cc       0x6c ../../libDaisy/build\libdaisy.a(dac.o)
                0x080082cc                daisy::DacHandle::Start(unsigned short*, unsigned short*, unsigned int, void (*)(unsigned short**, unsigned int))
 .text._ZN5daisy9DacHandle4StopEv
                0x08008338       0x40 ../../libDaisy/build\libdaisy.a(dac.o)
                0x08008338                daisy::DacHandle::Stop()
 .text.dsy_gpio_init
                0x08008378      0x1b8 ../../libDaisy/build\libdaisy.a(gpio.o)
                0x08008378                dsy_gpio_init
 .text.dsy_gpio_read
                0x08008530       0x1c ../../libDaisy/build\libdaisy.a(gpio.o)
                0x08008530                dsy_gpio_read
 .text.dsy_gpio_write
                0x0800854c       0x24 ../../libDaisy/build\libdaisy.a(gpio.o)
                0x0800854c                dsy_gpio_write
 .text._ZN5daisy9I2CHandle4Impl8InitPinsEv
                0x08008570       0x58 ../../libDaisy/build\libdaisy.a(i2c.o)
                0x08008570                daisy::I2CHandle::Impl::InitPins()
 .text.HAL_I2C_MspInit
                0x080085c8      0x1b4 ../../libDaisy/build\libdaisy.a(i2c.o)
                0x080085c8                HAL_I2C_MspInit
 .text.dsy_i2c_global_init
                0x0800877c       0x78 ../../libDaisy/build\libdaisy.a(i2c.o)
                0x0800877c                dsy_i2c_global_init
 .text.DMA1_Stream6_IRQHandler
                0x080087f4       0x34 ../../libDaisy/build\libdaisy.a(i2c.o)
                0x080087f4                DMA1_Stream6_IRQHandler
 .text.I2C1_EV_IRQHandler
                0x08008828        0xc ../../libDaisy/build\libdaisy.a(i2c.o)
                0x08008828                I2C1_EV_IRQHandler
 .text.I2C2_EV_IRQHandler
                0x08008834        0xc ../../libDaisy/build\libdaisy.a(i2c.o)
                0x08008834                I2C2_EV_IRQHandler
 .text.I2C3_EV_IRQHandler
                0x08008840        0xc ../../libDaisy/build\libdaisy.a(i2c.o)
                0x08008840                I2C3_EV_IRQHandler
 .text._ZN5daisy9I2CHandle4InitERKNS0_6ConfigE
                0x0800884c      0x12c ../../libDaisy/build\libdaisy.a(i2c.o)
                0x0800884c                daisy::I2CHandle::Init(daisy::I2CHandle::Config const&)
 .text._ZN5daisy9I2CHandle17ReadDataAtAddressEtttPhtm
                0x08008978       0x4c ../../libDaisy/build\libdaisy.a(i2c.o)
                0x08008978                daisy::I2CHandle::ReadDataAtAddress(unsigned short, unsigned short, unsigned short, unsigned char*, unsigned short, unsigned long)
 .text._ZN5daisy9I2CHandle18WriteDataAtAddressEtttPhtm
                0x080089c4       0x4c ../../libDaisy/build\libdaisy.a(i2c.o)
                0x080089c4                daisy::I2CHandle::WriteDataAtAddress(unsigned short, unsigned short, unsigned short, unsigned char*, unsigned short, unsigned long)
 .text.startup._GLOBAL__sub_I__ZN5daisy9I2CHandle4Impl10GlobalInitEv
                0x08008a10       0x18 ../../libDaisy/build\libdaisy.a(i2c.o)
 .text._ZN5daisy10QSPIHandle4Impl11WriteEnableEv
                0x08008a28       0x8c ../../libDaisy/build\libdaisy.a(qspi.o)
                0x08008a28                daisy::QSPIHandle::Impl::WriteEnable()
 *fill*         0x08008ab4        0x4 
 .text._ZN5daisy10QSPIHandle4Impl17DummyCyclesConfigENS0_6Config6DeviceE
                0x08008ab8      0x118 ../../libDaisy/build\libdaisy.a(qspi.o)
                0x08008ab8                daisy::QSPIHandle::Impl::DummyCyclesConfig(daisy::QSPIHandle::Config::Device)
 .text._ZN5daisy10QSPIHandle4Impl10QuadEnableEv
                0x08008bd0      0x158 ../../libDaisy/build\libdaisy.a(qspi.o)
                0x08008bd0                daisy::QSPIHandle::Impl::QuadEnable()
 .text._ZN5daisy10QSPIHandle4InitERKNS0_6ConfigE
                0x08008d28      0x198 ../../libDaisy/build\libdaisy.a(qspi.o)
                0x08008d28                daisy::QSPIHandle::Init(daisy::QSPIHandle::Config const&)
 .text.HAL_QSPI_MspInit
                0x08008ec0      0x11c ../../libDaisy/build\libdaisy.a(qspi.o)
                0x08008ec0                HAL_QSPI_MspInit
 .text.HAL_QSPI_MspDeInit
                0x08008fdc       0x54 ../../libDaisy/build\libdaisy.a(qspi.o)
                0x08008fdc                HAL_QSPI_MspDeInit
 .text.QUADSPI_IRQHandler
                0x08009030        0xc ../../libDaisy/build\libdaisy.a(qspi.o)
                0x08009030                QUADSPI_IRQHandler
 .text.startup._GLOBAL__sub_I__ZN5daisy10QSPIHandle4Impl4InitERKNS0_6ConfigE
                0x0800903c       0x28 ../../libDaisy/build\libdaisy.a(qspi.o)
 .text._ZN5daisy9SaiHandle4Impl7InitDmaENS1_15PeripheralBlockE
                0x08009064       0xa0 ../../libDaisy/build\libdaisy.a(sai.o)
                0x08009064                daisy::SaiHandle::Impl::InitDma(daisy::SaiHandle::Impl::PeripheralBlock)
 .text._ZN5daisy9SaiHandle4Impl8InitPinsEv
                0x08009104       0xa8 ../../libDaisy/build\libdaisy.a(sai.o)
                0x08009104                daisy::SaiHandle::Impl::InitPins()
 .text.HAL_SAI_MspInit
                0x080091ac      0x164 ../../libDaisy/build\libdaisy.a(sai.o)
                0x080091ac                HAL_SAI_MspInit
 .text.DMA1_Stream0_IRQHandler
                0x08009310        0xc ../../libDaisy/build\libdaisy.a(sai.o)
                0x08009310                DMA1_Stream0_IRQHandler
 .text.DMA1_Stream1_IRQHandler
                0x0800931c        0xc ../../libDaisy/build\libdaisy.a(sai.o)
                0x0800931c                DMA1_Stream1_IRQHandler
 .text.DMA1_Stream3_IRQHandler
                0x08009328        0xc ../../libDaisy/build\libdaisy.a(sai.o)
                0x08009328                DMA1_Stream3_IRQHandler
 .text.DMA1_Stream4_IRQHandler
                0x08009334        0xc ../../libDaisy/build\libdaisy.a(sai.o)
                0x08009334                DMA1_Stream4_IRQHandler
 .text.HAL_SAI_RxHalfCpltCallback
                0x08009340       0x78 ../../libDaisy/build\libdaisy.a(sai.o)
                0x08009340                HAL_SAI_RxHalfCpltCallback
 .text.HAL_SAI_RxCpltCallback
                0x080093b8       0x70 ../../libDaisy/build\libdaisy.a(sai.o)
                0x080093b8                HAL_SAI_RxCpltCallback
 .text._ZN5daisy9SaiHandle4InitERKNS0_6ConfigE
                0x08009428      0x1f0 ../../libDaisy/build\libdaisy.a(sai.o)
                0x08009428                daisy::SaiHandle::Init(daisy::SaiHandle::Config const&)
 .text._ZNK5daisy9SaiHandle9GetConfigEv
                0x08009618        0x4 ../../libDaisy/build\libdaisy.a(sai.o)
                0x08009618                daisy::SaiHandle::GetConfig() const
 .text._ZN5daisy9SaiHandle8StartDmaEPlS1_jPFvS1_S1_jE
                0x0800961c       0xbc ../../libDaisy/build\libdaisy.a(sai.o)
                0x0800961c                daisy::SaiHandle::StartDma(long*, long*, unsigned int, void (*)(long*, long*, unsigned int))
 .text._ZN5daisy9SaiHandle13GetSampleRateEv
                0x080096d8       0x24 ../../libDaisy/build\libdaisy.a(sai.o)
                0x080096d8                daisy::SaiHandle::GetSampleRate()
 .text._ZNK5daisy9SaiHandle9GetOffsetEv
                0x080096fc        0x8 ../../libDaisy/build\libdaisy.a(sai.o)
                0x080096fc                daisy::SaiHandle::GetOffset() const
 .text._ZN5daisy9SpiHandle4Impl7InitDmaEv
                0x08009704       0xec ../../libDaisy/build\libdaisy.a(spi.o)
                0x08009704                daisy::SpiHandle::Impl::InitDma()
 .text._ZN5daisy9SpiHandle4Impl10StartDmaTxEPhjPFvPvEPFvS3_NS0_6ResultEES3_
                0x080097f0       0xc8 ../../libDaisy/build\libdaisy.a(spi.o)
                0x080097f0                daisy::SpiHandle::Impl::StartDmaTx(unsigned char*, unsigned int, void (*)(void*), void (*)(void*, daisy::SpiHandle::Result), void*)
 .text._ZN5daisy9SpiHandle4Impl10StartDmaRxEPhjPFvPvEPFvS3_NS0_6ResultEES3_
                0x080098b8       0xc8 ../../libDaisy/build\libdaisy.a(spi.o)
                0x080098b8                daisy::SpiHandle::Impl::StartDmaRx(unsigned char*, unsigned int, void (*)(void*), void (*)(void*, daisy::SpiHandle::Result), void*)
 .text._ZN5daisy9SpiHandle4Impl12StartDmaRxTxEPhS2_jPFvPvEPFvS3_NS0_6ResultEES3_
                0x08009980       0xcc ../../libDaisy/build\libdaisy.a(spi.o)
                0x08009980                daisy::SpiHandle::Impl::StartDmaRxTx(unsigned char*, unsigned char*, unsigned int, void (*)(void*), void (*)(void*, daisy::SpiHandle::Result), void*)
 .text._ZN5daisy9SpiHandle4Impl8InitPinsEv
                0x08009a4c      0x274 ../../libDaisy/build\libdaisy.a(spi.o)
                0x08009a4c                daisy::SpiHandle::Impl::InitPins()
 .text.HAL_SPI_MspInit
                0x08009cc0      0x1a8 ../../libDaisy/build\libdaisy.a(spi.o)
                0x08009cc0                HAL_SPI_MspInit
 .text.dsy_spi_global_init
                0x08009e68       0x80 ../../libDaisy/build\libdaisy.a(spi.o)
                0x08009e68                dsy_spi_global_init
 .text.SPI1_IRQHandler
                0x08009ee8        0xc ../../libDaisy/build\libdaisy.a(spi.o)
                0x08009ee8                SPI1_IRQHandler
 .text.SPI2_IRQHandler
                0x08009ef4        0xc ../../libDaisy/build\libdaisy.a(spi.o)
                0x08009ef4                SPI2_IRQHandler
 .text.SPI3_IRQHandler
                0x08009f00        0xc ../../libDaisy/build\libdaisy.a(spi.o)
                0x08009f00                SPI3_IRQHandler
 .text.SPI4_IRQHandler
                0x08009f0c        0xc ../../libDaisy/build\libdaisy.a(spi.o)
                0x08009f0c                SPI4_IRQHandler
 .text.SPI5_IRQHandler
                0x08009f18        0xc ../../libDaisy/build\libdaisy.a(spi.o)
                0x08009f18                SPI5_IRQHandler
 .text.DMA2_Stream2_IRQHandler
                0x08009f24       0x34 ../../libDaisy/build\libdaisy.a(spi.o)
                0x08009f24                DMA2_Stream2_IRQHandler
 .text.DMA2_Stream3_IRQHandler
                0x08009f58       0x38 ../../libDaisy/build\libdaisy.a(spi.o)
                0x08009f58                DMA2_Stream3_IRQHandler
 .text.HAL_SPI_TxCpltCallback
                0x08009f90       0xc4 ../../libDaisy/build\libdaisy.a(spi.o)
                0x08009f90                HAL_SPI_TxCpltCallback
 .text.HAL_SPI_RxCpltCallback
                0x0800a054       0xc4 ../../libDaisy/build\libdaisy.a(spi.o)
                0x0800a054                HAL_SPI_RxCpltCallback
 .text.HAL_SPI_TxRxCpltCallback
                0x0800a118       0xc4 ../../libDaisy/build\libdaisy.a(spi.o)
                0x0800a118                HAL_SPI_TxRxCpltCallback
 .text.HAL_SPI_ErrorCallback
                0x0800a1dc       0xc8 ../../libDaisy/build\libdaisy.a(spi.o)
                0x0800a1dc                HAL_SPI_ErrorCallback
 .text._ZN5daisy9SpiHandle16BlockingTransmitEPhjm
                0x0800a2a4       0x14 ../../libDaisy/build\libdaisy.a(spi.o)
                0x0800a2a4                daisy::SpiHandle::BlockingTransmit(unsigned char*, unsigned int, unsigned long)
 .text.startup._GLOBAL__sub_I__Z19MapInstanceToHandleP11SPI_TypeDef
                0x0800a2b8      0x1b0 ../../libDaisy/build\libdaisy.a(spi.o)
 .text._ZN5daisy11TimerHandleD2Ev
                0x0800a468        0x4 ../../libDaisy/build\libdaisy.a(system.o)
                0x0800a468                daisy::TimerHandle::~TimerHandle()
                0x0800a468                daisy::TimerHandle::~TimerHandle()
 .text.SysTick_Handler
                0x0800a46c       0x10 ../../libDaisy/build\libdaisy.a(system.o)
                0x0800a46c                SysTick_Handler
 .text.OTG_HS_EP1_OUT_IRQHandler
                0x0800a47c       0x24 ../../libDaisy/build\libdaisy.a(system.o)
                0x0800a47c                OTG_HS_EP1_OUT_IRQHandler
 .text.OTG_HS_EP1_IN_IRQHandler
                0x0800a4a0       0x24 ../../libDaisy/build\libdaisy.a(system.o)
                0x0800a4a0                OTG_HS_EP1_IN_IRQHandler
 .text.OTG_HS_IRQHandler
                0x0800a4c4       0x24 ../../libDaisy/build\libdaisy.a(system.o)
                0x0800a4c4                OTG_HS_IRQHandler
 .text.HardFault_Handler
                0x0800a4e8       0xe0 ../../libDaisy/build\libdaisy.a(system.o)
                0x0800a4e8                HardFault_Handler
 .text._ZN5daisy6System6GetNowEv
                0x0800a5c8        0x4 ../../libDaisy/build\libdaisy.a(system.o)
                0x0800a5c8                daisy::System::GetNow()
 .text._ZN5daisy6System5DelayEm
                0x0800a5cc        0x4 ../../libDaisy/build\libdaisy.a(system.o)
                0x0800a5cc                daisy::System::Delay(unsigned long)
 .text._ZN5daisy6System15ConfigureClocksEv
                0x0800a5d0      0x194 ../../libDaisy/build\libdaisy.a(system.o)
                0x0800a5d0                daisy::System::ConfigureClocks()
 .text._ZN5daisy6System4InitERKNS0_6ConfigE
                0x0800a764      0x140 ../../libDaisy/build\libdaisy.a(system.o)
                0x0800a764                daisy::System::Init(daisy::System::Config const&)
 .text._ZN5daisy6System12GetPClk1FreqEv
                0x0800a8a4        0x4 ../../libDaisy/build\libdaisy.a(system.o)
                0x0800a8a4                daisy::System::GetPClk1Freq()
 .text._ZN5daisy6System12GetPClk2FreqEv
                0x0800a8a8        0x4 ../../libDaisy/build\libdaisy.a(system.o)
                0x0800a8a8                daisy::System::GetPClk2Freq()
 .text._ZN5daisy6System22GetProgramMemoryRegionEv
                0x0800a8ac       0x78 ../../libDaisy/build\libdaisy.a(system.o)
                0x0800a8ac                daisy::System::GetProgramMemoryRegion()
 .text.startup._GLOBAL__sub_I_SysTick_Handler
                0x0800a924       0x1c ../../libDaisy/build\libdaisy.a(system.o)
 .text.SystemInit
                0x0800a940       0x9c ../../libDaisy/build\libdaisy.a(system_stm32h7xx.o)
                0x0800a940                SystemInit
 .text._ZN5daisy6UiPage8IsOpaqueERKNS_18UiCanvasDescriptorE
                0x0800a9dc        0x4 ../../libDaisy/build\libdaisy.a(FullScreenItemMenu.o)
                0x0800a9dc                daisy::UiPage::IsOpaque(daisy::UiCanvasDescriptor const&)
 .text._ZN5daisy6UiPage17OnUserInteractionEv
                0x0800a9e0        0x4 ../../libDaisy/build\libdaisy.a(FullScreenItemMenu.o)
                0x0800a9e0                daisy::UiPage::OnUserInteraction()
 .text._ZN5daisy6UiPage8OnButtonEthb
                0x0800a9e4        0x4 ../../libDaisy/build\libdaisy.a(FullScreenItemMenu.o)
                0x0800a9e4                daisy::UiPage::OnButton(unsigned short, unsigned char, bool)
 .text._ZN5daisy6UiPage15OnEncoderTurnedEtst
                0x0800a9e8        0x4 ../../libDaisy/build\libdaisy.a(FullScreenItemMenu.o)
                0x0800a9e8                daisy::UiPage::OnEncoderTurned(unsigned short, short, unsigned short)
 .text._ZN5daisy6UiPage28OnMenuEncoderActivityChangedEb
                0x0800a9ec        0x4 ../../libDaisy/build\libdaisy.a(FullScreenItemMenu.o)
                0x0800a9ec                daisy::UiPage::OnMenuEncoderActivityChanged(bool)
 .text._ZN5daisy6UiPage29OnValueEncoderActivityChangedEb
                0x0800a9f0        0x4 ../../libDaisy/build\libdaisy.a(FullScreenItemMenu.o)
                0x0800a9f0                daisy::UiPage::OnValueEncoderActivityChanged(bool)
 .text._ZN5daisy6UiPage24OnEncoderActivityChangedEtb
                0x0800a9f4        0x4 ../../libDaisy/build\libdaisy.a(FullScreenItemMenu.o)
                0x0800a9f4                daisy::UiPage::OnEncoderActivityChanged(unsigned short, bool)
 .text._ZN5daisy6UiPage10OnPotMovedEtf
                0x0800a9f8        0x4 ../../libDaisy/build\libdaisy.a(FullScreenItemMenu.o)
                0x0800a9f8                daisy::UiPage::OnPotMoved(unsigned short, float)
 .text._ZN5daisy6UiPage25OnValuePotActivityChangedEb
                0x0800a9fc        0x4 ../../libDaisy/build\libdaisy.a(FullScreenItemMenu.o)
                0x0800a9fc                daisy::UiPage::OnValuePotActivityChanged(bool)
 .text._ZN5daisy6UiPage20OnPotActivityChangedEtb
                0x0800aa00        0x4 ../../libDaisy/build\libdaisy.a(FullScreenItemMenu.o)
                0x0800aa00                daisy::UiPage::OnPotActivityChanged(unsigned short, bool)
 .text._ZN5daisy6UiPage6OnHideEv
                0x0800aa04        0x4 ../../libDaisy/build\libdaisy.a(FullScreenItemMenu.o)
                0x0800aa04                daisy::UiPage::OnHide()
 .text._ZN5daisy6UiPage13OnFocusGainedEv
                0x0800aa08        0x4 ../../libDaisy/build\libdaisy.a(FullScreenItemMenu.o)
                0x0800aa08                daisy::UiPage::OnFocusGained()
 .text._ZN5daisy6UiPage11OnFocusLostEv
                0x0800aa0c        0x4 ../../libDaisy/build\libdaisy.a(FullScreenItemMenu.o)
                0x0800aa0c                daisy::UiPage::OnFocusLost()
 .text._ZN5daisy18FullScreenItemMenu4DrawERKNS_18UiCanvasDescriptorE
                0x0800aa10      0x120 ../../libDaisy/build\libdaisy.a(FullScreenItemMenu.o)
                0x0800aa10                daisy::FullScreenItemMenu::Draw(daisy::UiCanvasDescriptor const&)
 .text._ZNK5daisy18FullScreenItemMenu15GetTopRowHeightEi
                0x0800ab30        0xc ../../libDaisy/build\libdaisy.a(FullScreenItemMenu.o)
                0x0800ab30                daisy::FullScreenItemMenu::GetTopRowHeight(int) const
 .text._ZNK5daisy18FullScreenItemMenu25DrawUDArrowsAndGetRemRectERNS_21OneBitGraphicsDisplayENS_9RectangleEbb
                0x0800ab3c      0x1a0 ../../libDaisy/build\libdaisy.a(FullScreenItemMenu.o)
                0x0800ab3c                daisy::FullScreenItemMenu::DrawUDArrowsAndGetRemRect(daisy::OneBitGraphicsDisplay&, daisy::Rectangle, bool, bool) const
 .text._ZNK5daisy18FullScreenItemMenu25DrawLRArrowsAndGetRemRectERNS_21OneBitGraphicsDisplayENS_9RectangleEbb
                0x0800acdc      0x1a8 ../../libDaisy/build\libdaisy.a(FullScreenItemMenu.o)
                0x0800acdc                daisy::FullScreenItemMenu::DrawLRArrowsAndGetRemRect(daisy::OneBitGraphicsDisplay&, daisy::Rectangle, bool, bool) const
 .text._ZNK5daisy18FullScreenItemMenu12GetValueFontEPKcRKNS_9RectangleE
                0x0800ae84       0x38 ../../libDaisy/build\libdaisy.a(FullScreenItemMenu.o)
                0x0800ae84                daisy::FullScreenItemMenu::GetValueFont(char const*, daisy::Rectangle const&) const
                0x0800ae84                daisy::FullScreenItemMenu::GetNameFont(char const*, daisy::Rectangle const&) const
 .text._ZNK5daisy18FullScreenItemMenu18DrawOpenUiPageItemERNS_21OneBitGraphicsDisplayEbttPKc
                0x0800aebc       0xdc ../../libDaisy/build\libdaisy.a(FullScreenItemMenu.o)
                0x0800aebc                daisy::FullScreenItemMenu::DrawOpenUiPageItem(daisy::OneBitGraphicsDisplay&, bool, unsigned short, unsigned short, char const*) const
 .text._ZNK5daisy18FullScreenItemMenu17DrawCloseMenuItemERNS_21OneBitGraphicsDisplayEbttPKc
                0x0800af98       0xdc ../../libDaisy/build\libdaisy.a(FullScreenItemMenu.o)
                0x0800af98                daisy::FullScreenItemMenu::DrawCloseMenuItem(daisy::OneBitGraphicsDisplay&, bool, unsigned short, unsigned short, char const*) const
 .text._ZNK5daisy18FullScreenItemMenu16DrawCheckboxItemERNS_21OneBitGraphicsDisplayEbttPKcRKb
                0x0800b074      0x100 ../../libDaisy/build\libdaisy.a(FullScreenItemMenu.o)
                0x0800b074                daisy::FullScreenItemMenu::DrawCheckboxItem(daisy::OneBitGraphicsDisplay&, bool, unsigned short, unsigned short, char const*, bool const&) const
 *fill*         0x0800b174        0x4 
 .text._ZNK5daisy18FullScreenItemMenu13DrawValueItemERNS_21OneBitGraphicsDisplayEbttPKcRKNS_11MappedValueEb
                0x0800b178      0x114 ../../libDaisy/build\libdaisy.a(FullScreenItemMenu.o)
                0x0800b178                daisy::FullScreenItemMenu::DrawValueItem(daisy::OneBitGraphicsDisplay&, bool, unsigned short, unsigned short, char const*, daisy::MappedValue const&, bool) const
 .text._ZNK5daisy18FullScreenItemMenu13DrawValueTextERNS_21OneBitGraphicsDisplayEbPKcNS_9RectangleEb
                0x0800b28c       0xe8 ../../libDaisy/build\libdaisy.a(FullScreenItemMenu.o)
                0x0800b28c                daisy::FullScreenItemMenu::DrawValueText(daisy::OneBitGraphicsDisplay&, bool, char const*, daisy::Rectangle, bool) const
 .text._ZNK5daisy18FullScreenItemMenu10DrawTopRowERNS_21OneBitGraphicsDisplayEbiiPKcNS_9RectangleEb
                0x0800b374       0xf0 ../../libDaisy/build\libdaisy.a(FullScreenItemMenu.o)
                0x0800b374                daisy::FullScreenItemMenu::DrawTopRow(daisy::OneBitGraphicsDisplay&, bool, int, int, char const*, daisy::Rectangle, bool) const
 .text._ZNK5daisy18FullScreenItemMenu12DrawTextItemERNS_21OneBitGraphicsDisplayEbttPKc
                0x0800b464      0x18c ../../libDaisy/build\libdaisy.a(FullScreenItemMenu.o)
                0x0800b464                daisy::FullScreenItemMenu::DrawTextItem(daisy::OneBitGraphicsDisplay&, bool, unsigned short, unsigned short, char const*) const
 .text._ZN5daisy18FullScreenItemMenu4InitEPKNS_12AbstractMenu10ItemConfigEtNS1_11OrientationEb
                0x0800b5f0       0x10 ../../libDaisy/build\libdaisy.a(FullScreenItemMenu.o)
                0x0800b5f0                daisy::FullScreenItemMenu::Init(daisy::AbstractMenu::ItemConfig const*, unsigned short, daisy::AbstractMenu::Orientation, bool)
 .text._ZN5daisy6UiPage12OnOkayButtonEhb
                0x0800b600        0x4 ../../libDaisy/build\libdaisy.a(UI.o)
                0x0800b600                daisy::UiPage::OnOkayButton(unsigned char, bool)
 .text._ZN5daisy6UiPage14OnCancelButtonEhb
                0x0800b604        0x4 ../../libDaisy/build\libdaisy.a(UI.o)
                0x0800b604                daisy::UiPage::OnCancelButton(unsigned char, bool)
 .text._ZN5daisy6UiPage13OnArrowButtonENS_15ArrowButtonTypeEhb
                0x0800b608        0x4 ../../libDaisy/build\libdaisy.a(UI.o)
                0x0800b608                daisy::UiPage::OnArrowButton(daisy::ArrowButtonType, unsigned char, bool)
 .text._ZN5daisy6UiPage16OnFunctionButtonEhb
                0x0800b60c        0x4 ../../libDaisy/build\libdaisy.a(UI.o)
                0x0800b60c                daisy::UiPage::OnFunctionButton(unsigned char, bool)
 .text._ZN5daisy6UiPage19OnMenuEncoderTurnedEst
                0x0800b610        0x4 ../../libDaisy/build\libdaisy.a(UI.o)
                0x0800b610                daisy::UiPage::OnMenuEncoderTurned(short, unsigned short)
 .text._ZN5daisy6UiPage20OnValueEncoderTurnedEst
                0x0800b614        0x4 ../../libDaisy/build\libdaisy.a(UI.o)
                0x0800b614                daisy::UiPage::OnValueEncoderTurned(short, unsigned short)
 .text._ZN5daisy6UiPage15OnValuePotMovedEf
                0x0800b618        0x4 ../../libDaisy/build\libdaisy.a(UI.o)
                0x0800b618                daisy::UiPage::OnValuePotMoved(float)
 .text._ZN5daisy6UiPage6OnShowEv
                0x0800b61c        0x4 ../../libDaisy/build\libdaisy.a(UI.o)
                0x0800b61c                daisy::UiPage::OnShow()
 .text._ZN5daisy2UI9ClosePageERNS_6UiPageE.part.0
                0x0800b620       0xac ../../libDaisy/build\libdaisy.a(UI.o)
 .text._ZN5daisy6UiPage5CloseEv
                0x0800b6cc        0xc ../../libDaisy/build\libdaisy.a(UI.o)
                0x0800b6cc                daisy::UiPage::Close()
 .text._ZN5daisy2UIC2Ev
                0x0800b6d8       0x78 ../../libDaisy/build\libdaisy.a(UI.o)
                0x0800b6d8                daisy::UI::UI()
                0x0800b6d8                daisy::UI::UI()
 .text._ZN5daisy2UI4InitERNS_12UiEventQueueERKNS0_17SpecialControlIdsESt16initializer_listINS_18UiCanvasDescriptorEEt
                0x0800b750      0x224 ../../libDaisy/build\libdaisy.a(UI.o)
                0x0800b750                daisy::UI::Init(daisy::UiEventQueue&, daisy::UI::SpecialControlIds const&, std::initializer_list<daisy::UiCanvasDescriptor>, unsigned short)
 .text._ZN5daisy2UID2Ev
                0x0800b974       0x2c ../../libDaisy/build\libdaisy.a(UI.o)
                0x0800b974                daisy::UI::~UI()
                0x0800b974                daisy::UI::~UI()
 .text._ZN5daisy2UI8OpenPageERNS_6UiPageE
                0x0800b9a0       0x6c ../../libDaisy/build\libdaisy.a(UI.o)
                0x0800b9a0                daisy::UI::OpenPage(daisy::UiPage&)
 .text._ZN5daisy2UI12RedrawCanvasEhm
                0x0800ba0c       0x7c ../../libDaisy/build\libdaisy.a(UI.o)
                0x0800ba0c                daisy::UI::RedrawCanvas(unsigned char, unsigned long)
 .text._ZN5daisy2UI22ForwardToButtonHandlerEthb
                0x0800ba88      0x1d8 ../../libDaisy/build\libdaisy.a(UI.o)
                0x0800ba88                daisy::UI::ForwardToButtonHandler(unsigned short, unsigned char, bool)
 .text._ZN5daisy2UI12ProcessEventERKNS_12UiEventQueue5EventE
                0x0800bc60      0x218 ../../libDaisy/build\libdaisy.a(UI.o)
                0x0800bc60                daisy::UI::ProcessEvent(daisy::UiEventQueue::Event const&)
 .text._ZN5daisy2UI7ProcessEv
                0x0800be78      0x1e4 ../../libDaisy/build\libdaisy.a(UI.o)
                0x0800be78                daisy::UI::Process()
 .text.HAL_PCD_SetupStageCallback
                0x0800c05c        0xc ../../libDaisy/build\libdaisy.a(usbd_conf.o)
                0x0800c05c                HAL_PCD_SetupStageCallback
 .text.HAL_PCD_DataOutStageCallback
                0x0800c068       0x14 ../../libDaisy/build\libdaisy.a(usbd_conf.o)
                0x0800c068                HAL_PCD_DataOutStageCallback
 .text.HAL_PCD_DataInStageCallback
                0x0800c07c       0x14 ../../libDaisy/build\libdaisy.a(usbd_conf.o)
                0x0800c07c                HAL_PCD_DataInStageCallback
 .text.HAL_PCD_SOFCallback
                0x0800c090        0x8 ../../libDaisy/build\libdaisy.a(usbd_conf.o)
                0x0800c090                HAL_PCD_SOFCallback
 .text.HAL_PCD_ResetCallback
                0x0800c098       0x24 ../../libDaisy/build\libdaisy.a(usbd_conf.o)
                0x0800c098                HAL_PCD_ResetCallback
 .text.HAL_PCD_SuspendCallback
                0x0800c0bc       0x30 ../../libDaisy/build\libdaisy.a(usbd_conf.o)
                0x0800c0bc                HAL_PCD_SuspendCallback
 .text.HAL_PCD_ResumeCallback
                0x0800c0ec        0x8 ../../libDaisy/build\libdaisy.a(usbd_conf.o)
                0x0800c0ec                HAL_PCD_ResumeCallback
 .text.HAL_PCD_ISOOUTIncompleteCallback
                0x0800c0f4        0x8 ../../libDaisy/build\libdaisy.a(usbd_conf.o)
                0x0800c0f4                HAL_PCD_ISOOUTIncompleteCallback
 .text.HAL_PCD_ISOINIncompleteCallback
                0x0800c0fc        0x8 ../../libDaisy/build\libdaisy.a(usbd_conf.o)
                0x0800c0fc                HAL_PCD_ISOINIncompleteCallback
 .text.HAL_PCD_ConnectCallback
                0x0800c104        0x8 ../../libDaisy/build\libdaisy.a(usbd_conf.o)
                0x0800c104                HAL_PCD_ConnectCallback
 .text.HAL_PCD_DisconnectCallback
                0x0800c10c        0x8 ../../libDaisy/build\libdaisy.a(usbd_conf.o)
                0x0800c10c                HAL_PCD_DisconnectCallback
 .text.USBD_LL_OpenEP
                0x0800c114       0x24 ../../libDaisy/build\libdaisy.a(usbd_conf.o)
                0x0800c114                USBD_LL_OpenEP
 .text.USBD_LL_StallEP
                0x0800c138       0x1c ../../libDaisy/build\libdaisy.a(usbd_conf.o)
                0x0800c138                USBD_LL_StallEP
 .text.USBD_LL_ClearStallEP
                0x0800c154       0x1c ../../libDaisy/build\libdaisy.a(usbd_conf.o)
                0x0800c154                USBD_LL_ClearStallEP
 .text.USBD_LL_IsStallEP
                0x0800c170       0x28 ../../libDaisy/build\libdaisy.a(usbd_conf.o)
                0x0800c170                USBD_LL_IsStallEP
 .text.USBD_LL_SetUSBAddress
                0x0800c198       0x1c ../../libDaisy/build\libdaisy.a(usbd_conf.o)
                0x0800c198                USBD_LL_SetUSBAddress
 .text.USBD_LL_Transmit
                0x0800c1b4       0x1c ../../libDaisy/build\libdaisy.a(usbd_conf.o)
                0x0800c1b4                USBD_LL_Transmit
 .text.USBD_LL_PrepareReceive
                0x0800c1d0       0x1c ../../libDaisy/build\libdaisy.a(usbd_conf.o)
                0x0800c1d0                USBD_LL_PrepareReceive
 .text.HAL_HCD_SOF_Callback
                0x0800c1ec        0x8 ../../libDaisy/build\libdaisy.a(usbh_conf.o)
                0x0800c1ec                HAL_HCD_SOF_Callback
 .text.HAL_HCD_Connect_Callback
                0x0800c1f4        0x8 ../../libDaisy/build\libdaisy.a(usbh_conf.o)
                0x0800c1f4                HAL_HCD_Connect_Callback
 .text.HAL_HCD_Disconnect_Callback
                0x0800c1fc        0x8 ../../libDaisy/build\libdaisy.a(usbh_conf.o)
                0x0800c1fc                HAL_HCD_Disconnect_Callback
 .text.HAL_HCD_HC_NotifyURBChange_Callback
                0x0800c204        0x4 ../../libDaisy/build\libdaisy.a(usbh_conf.o)
                0x0800c204                HAL_HCD_HC_NotifyURBChange_Callback
 .text.HAL_HCD_PortEnabled_Callback
                0x0800c208        0x8 ../../libDaisy/build\libdaisy.a(usbh_conf.o)
                0x0800c208                HAL_HCD_PortEnabled_Callback
 .text.HAL_HCD_PortDisabled_Callback
                0x0800c210        0x8 ../../libDaisy/build\libdaisy.a(usbh_conf.o)
                0x0800c210                HAL_HCD_PortDisabled_Callback
 .text.USBH_LL_Stop
                0x0800c218       0x1c ../../libDaisy/build\libdaisy.a(usbh_conf.o)
                0x0800c218                USBH_LL_Stop
 .text._ZN5daisy21MappedStringListValue14ResetToDefaultEv
                0x0800c234        0x8 ../../libDaisy/build\libdaisy.a(MappedValue.o)
                0x0800c234                daisy::MappedStringListValue::ResetToDefault()
 .text._ZNK5daisy21MappedStringListValue9GetAs0to1Ev
                0x0800c23c       0x1c ../../libDaisy/build\libdaisy.a(MappedValue.o)
                0x0800c23c                daisy::MappedStringListValue::GetAs0to1() const
 .text._ZN5daisy21MappedStringListValue11SetFrom0to1Ef
                0x0800c258       0x28 ../../libDaisy/build\libdaisy.a(MappedValue.o)
                0x0800c258                daisy::MappedStringListValue::SetFrom0to1(float)
 .text._ZN5daisy21MappedStringListValue4StepEsb
                0x0800c280       0x34 ../../libDaisy/build\libdaisy.a(MappedValue.o)
                0x0800c280                daisy::MappedStringListValue::Step(short, bool)
 .text._ZNK5daisy21MappedStringListValue14AppentToStringERNS_15FixedCapStrBaseIcEE
                0x0800c2b4       0xb8 ../../libDaisy/build\libdaisy.a(MappedValue.o)
                0x0800c2b4                daisy::MappedStringListValue::AppentToString(daisy::FixedCapStrBase<char>&) const
 .text._ZN5daisy21MappedStringListValueC2EPPKctm
                0x0800c36c       0x30 ../../libDaisy/build\libdaisy.a(MappedValue.o)
                0x0800c36c                daisy::MappedStringListValue::MappedStringListValue(char const**, unsigned short, unsigned long)
                0x0800c36c                daisy::MappedStringListValue::MappedStringListValue(char const**, unsigned short, unsigned long)
 .text.dsy_hal_map_get_port
                0x0800c39c       0x10 ../../libDaisy/build\libdaisy.a(hal_map.o)
                0x0800c39c                dsy_hal_map_get_port
 .text.dsy_hal_map_get_pin
                0x0800c3ac       0x10 ../../libDaisy/build\libdaisy.a(hal_map.o)
                0x0800c3ac                dsy_hal_map_get_pin
 .text.dsy_hal_map_gpio_clk_enable
                0x0800c3bc      0x150 ../../libDaisy/build\libdaisy.a(hal_map.o)
                0x0800c3bc                dsy_hal_map_gpio_clk_enable
 .text.HAL_MspInit
                0x0800c50c        0x4 ../../libDaisy/build\libdaisy.a(stm32h7xx_hal.o)
                0x0800c50c                HAL_MspInit
 .text.HAL_InitTick
                0x0800c510       0x4c ../../libDaisy/build\libdaisy.a(stm32h7xx_hal.o)
                0x0800c510                HAL_InitTick
 .text.HAL_Init
                0x0800c55c       0x60 ../../libDaisy/build\libdaisy.a(stm32h7xx_hal.o)
                0x0800c55c                HAL_Init
 .text.HAL_IncTick
                0x0800c5bc       0x18 ../../libDaisy/build\libdaisy.a(stm32h7xx_hal.o)
                0x0800c5bc                HAL_IncTick
 .text.HAL_GetTick
                0x0800c5d4        0xc ../../libDaisy/build\libdaisy.a(stm32h7xx_hal.o)
                0x0800c5d4                HAL_GetTick
 .text.HAL_Delay
                0x0800c5e0       0x24 ../../libDaisy/build\libdaisy.a(stm32h7xx_hal.o)
                0x0800c5e0                HAL_Delay
 .text.HAL_GetREVID
                0x0800c604        0xc ../../libDaisy/build\libdaisy.a(stm32h7xx_hal.o)
                0x0800c604                HAL_GetREVID
 .text.HAL_ADC_ConvHalfCpltCallback
                0x0800c610        0x4 ../../libDaisy/build\libdaisy.a(stm32h7xx_hal_adc.o)
                0x0800c610                HAL_ADC_ConvHalfCpltCallback
 .text.ADC_DMAHalfConvCplt
                0x0800c614        0xc ../../libDaisy/build\libdaisy.a(stm32h7xx_hal_adc.o)
                0x0800c614                ADC_DMAHalfConvCplt
 .text.ADC_DMAConvCplt
                0x0800c620       0x6c ../../libDaisy/build\libdaisy.a(stm32h7xx_hal_adc.o)
                0x0800c620                ADC_DMAConvCplt
 .text.ADC_DMAError
                0x0800c68c       0x1c ../../libDaisy/build\libdaisy.a(stm32h7xx_hal_adc.o)
                0x0800c68c                ADC_DMAError
 .text.HAL_ADC_ConfigChannel
                0x0800c6a8      0x3fc ../../libDaisy/build\libdaisy.a(stm32h7xx_hal_adc.o)
                0x0800c6a8                HAL_ADC_ConfigChannel
 .text.ADC_Enable
                0x0800caa4       0xac ../../libDaisy/build\libdaisy.a(stm32h7xx_hal_adc.o)
                0x0800caa4                ADC_Enable
 .text.HAL_ADC_Start_DMA
                0x0800cb50      0x114 ../../libDaisy/build\libdaisy.a(stm32h7xx_hal_adc.o)
                0x0800cb50                HAL_ADC_Start_DMA
 .text.ADC_Disable
                0x0800cc64       0x68 ../../libDaisy/build\libdaisy.a(stm32h7xx_hal_adc.o)
                0x0800cc64                ADC_Disable
 .text.ADC_ConfigureBoostMode
                0x0800cccc      0x184 ../../libDaisy/build\libdaisy.a(stm32h7xx_hal_adc.o)
                0x0800cccc                ADC_ConfigureBoostMode
 .text.HAL_ADC_Init
                0x0800ce50      0x218 ../../libDaisy/build\libdaisy.a(stm32h7xx_hal_adc.o)
                0x0800ce50                HAL_ADC_Init
 .text.HAL_ADCEx_Calibration_Start
                0x0800d068       0xa4 ../../libDaisy/build\libdaisy.a(stm32h7xx_hal_adc_ex.o)
                0x0800d068                HAL_ADCEx_Calibration_Start
 .text.HAL_ADCEx_MultiModeConfigChannel
                0x0800d10c       0xc4 ../../libDaisy/build\libdaisy.a(stm32h7xx_hal_adc_ex.o)
                0x0800d10c                HAL_ADCEx_MultiModeConfigChannel
 .text.HAL_NVIC_SetPriorityGrouping
                0x0800d1d0       0x24 ../../libDaisy/build\libdaisy.a(stm32h7xx_hal_cortex.o)
                0x0800d1d0                HAL_NVIC_SetPriorityGrouping
 .text.HAL_NVIC_SetPriority
                0x0800d1f4       0x7c ../../libDaisy/build\libdaisy.a(stm32h7xx_hal_cortex.o)
                0x0800d1f4                HAL_NVIC_SetPriority
 .text.HAL_NVIC_EnableIRQ
                0x0800d270       0x1c ../../libDaisy/build\libdaisy.a(stm32h7xx_hal_cortex.o)
                0x0800d270                HAL_NVIC_EnableIRQ
 .text.HAL_NVIC_DisableIRQ
                0x0800d28c       0x28 ../../libDaisy/build\libdaisy.a(stm32h7xx_hal_cortex.o)
                0x0800d28c                HAL_NVIC_DisableIRQ
 .text.HAL_SYSTICK_Config
                0x0800d2b4       0x2c ../../libDaisy/build\libdaisy.a(stm32h7xx_hal_cortex.o)
                0x0800d2b4                HAL_SYSTICK_Config
 .text.HAL_MPU_Disable
                0x0800d2e0       0x1c ../../libDaisy/build\libdaisy.a(stm32h7xx_hal_cortex.o)
                0x0800d2e0                HAL_MPU_Disable
 .text.HAL_MPU_Enable
                0x0800d2fc       0x20 ../../libDaisy/build\libdaisy.a(stm32h7xx_hal_cortex.o)
                0x0800d2fc                HAL_MPU_Enable
 .text.HAL_MPU_ConfigRegion
                0x0800d31c       0x64 ../../libDaisy/build\libdaisy.a(stm32h7xx_hal_cortex.o)
                0x0800d31c                HAL_MPU_ConfigRegion
 .text.HAL_SYSTICK_Callback
                0x0800d380        0x4 ../../libDaisy/build\libdaisy.a(stm32h7xx_hal_cortex.o)
                0x0800d380                HAL_SYSTICK_Callback
 .text.HAL_SYSTICK_IRQHandler
                0x0800d384        0x8 ../../libDaisy/build\libdaisy.a(stm32h7xx_hal_cortex.o)
                0x0800d384                HAL_SYSTICK_IRQHandler
 .text.HAL_DAC_Init
                0x0800d38c       0x2c ../../libDaisy/build\libdaisy.a(stm32h7xx_hal_dac.o)
                0x0800d38c                HAL_DAC_Init
 .text.HAL_DAC_Start_DMA
                0x0800d3b8      0x118 ../../libDaisy/build\libdaisy.a(stm32h7xx_hal_dac.o)
                0x0800d3b8                HAL_DAC_Start_DMA
 .text.HAL_DAC_Stop_DMA
                0x0800d4d0       0x5c ../../libDaisy/build\libdaisy.a(stm32h7xx_hal_dac.o)
                0x0800d4d0                HAL_DAC_Stop_DMA
 .text.DAC_DMAConvCpltCh1
                0x0800d52c       0x10 ../../libDaisy/build\libdaisy.a(stm32h7xx_hal_dac.o)
 .text.DAC_DMAHalfConvCpltCh1
                0x0800d53c        0xc ../../libDaisy/build\libdaisy.a(stm32h7xx_hal_dac.o)
 .text.HAL_DAC_ErrorCallbackCh1
                0x0800d548        0x4 ../../libDaisy/build\libdaisy.a(stm32h7xx_hal_dac.o)
                0x0800d548                HAL_DAC_ErrorCallbackCh1
 .text.DAC_DMAErrorCh1
                0x0800d54c       0x18 ../../libDaisy/build\libdaisy.a(stm32h7xx_hal_dac.o)
 .text.HAL_DAC_DMAUnderrunCallbackCh1
                0x0800d564        0x4 ../../libDaisy/build\libdaisy.a(stm32h7xx_hal_dac.o)
                0x0800d564                HAL_DAC_DMAUnderrunCallbackCh1
 .text.HAL_DAC_IRQHandler
                0x0800d568       0x68 ../../libDaisy/build\libdaisy.a(stm32h7xx_hal_dac.o)
                0x0800d568                HAL_DAC_IRQHandler
 .text.HAL_DAC_ConfigChannel
                0x0800d5d0      0x130 ../../libDaisy/build\libdaisy.a(stm32h7xx_hal_dac.o)
                0x0800d5d0                HAL_DAC_ConfigChannel
 .text.HAL_DACEx_ErrorCallbackCh2
                0x0800d700        0x4 ../../libDaisy/build\libdaisy.a(stm32h7xx_hal_dac_ex.o)
                0x0800d700                HAL_DACEx_ErrorCallbackCh2
 .text.HAL_DACEx_DMAUnderrunCallbackCh2
                0x0800d704        0x4 ../../libDaisy/build\libdaisy.a(stm32h7xx_hal_dac_ex.o)
                0x0800d704                HAL_DACEx_DMAUnderrunCallbackCh2
 .text.DAC_DMAConvCpltCh2
                0x0800d708       0x10 ../../libDaisy/build\libdaisy.a(stm32h7xx_hal_dac_ex.o)
                0x0800d708                DAC_DMAConvCpltCh2
 .text.DAC_DMAHalfConvCpltCh2
                0x0800d718        0xc ../../libDaisy/build\libdaisy.a(stm32h7xx_hal_dac_ex.o)
                0x0800d718                DAC_DMAHalfConvCpltCh2
 .text.DAC_DMAErrorCh2
                0x0800d724       0x18 ../../libDaisy/build\libdaisy.a(stm32h7xx_hal_dac_ex.o)
                0x0800d724                DAC_DMAErrorCh2
 .text.DMA_CalcBaseAndBitshift
                0x0800d73c       0xf4 ../../libDaisy/build\libdaisy.a(stm32h7xx_hal_dma.o)
 .text.DMA_CalcDMAMUXChannelBaseAndMask
                0x0800d830       0xd8 ../../libDaisy/build\libdaisy.a(stm32h7xx_hal_dma.o)
 .text.HAL_DMA_Init
                0x0800d908      0x37c ../../libDaisy/build\libdaisy.a(stm32h7xx_hal_dma.o)
                0x0800d908                HAL_DMA_Init
 .text.HAL_DMA_Start_IT
                0x0800dc84      0x240 ../../libDaisy/build\libdaisy.a(stm32h7xx_hal_dma.o)
                0x0800dc84                HAL_DMA_Start_IT
 .text.HAL_DMA_Abort
                0x0800dec4      0x21c ../../libDaisy/build\libdaisy.a(stm32h7xx_hal_dma.o)
                0x0800dec4                HAL_DMA_Abort
 .text.HAL_DMA_Abort_IT
                0x0800e0e0      0x134 ../../libDaisy/build\libdaisy.a(stm32h7xx_hal_dma.o)
                0x0800e0e0                HAL_DMA_Abort_IT
 .text.HAL_DMA_IRQHandler
                0x0800e214      0x6a0 ../../libDaisy/build\libdaisy.a(stm32h7xx_hal_dma.o)
                0x0800e214                HAL_DMA_IRQHandler
 .text.HAL_DMA_GetError
                0x0800e8b4        0x4 ../../libDaisy/build\libdaisy.a(stm32h7xx_hal_dma.o)
                0x0800e8b4                HAL_DMA_GetError
 .text.HAL_GPIO_Init
                0x0800e8b8      0x280 ../../libDaisy/build\libdaisy.a(stm32h7xx_hal_gpio.o)
                0x0800e8b8                HAL_GPIO_Init
 .text.HAL_GPIO_DeInit
                0x0800eb38      0x190 ../../libDaisy/build\libdaisy.a(stm32h7xx_hal_gpio.o)
                0x0800eb38                HAL_GPIO_DeInit
 .text.HAL_GPIO_ReadPin
                0x0800ecc8        0xc ../../libDaisy/build\libdaisy.a(stm32h7xx_hal_gpio.o)
                0x0800ecc8                HAL_GPIO_ReadPin
 .text.HAL_GPIO_WritePin
                0x0800ecd4        0x8 ../../libDaisy/build\libdaisy.a(stm32h7xx_hal_gpio.o)
                0x0800ecd4                HAL_GPIO_WritePin
 .text.HAL_HCD_IRQHandler
                0x0800ecdc      0x780 ../../libDaisy/build\libdaisy.a(stm32h7xx_hal_hcd.o)
                0x0800ecdc                HAL_HCD_IRQHandler
 .text.HAL_HCD_Stop
                0x0800f45c       0x28 ../../libDaisy/build\libdaisy.a(stm32h7xx_hal_hcd.o)
                0x0800f45c                HAL_HCD_Stop
 .text.I2C_WaitOnTXISFlagUntilTimeout
                0x0800f484       0xb8 ../../libDaisy/build\libdaisy.a(stm32h7xx_hal_i2c.o)
 .text.I2C_WaitOnSTOPFlagUntilTimeout
                0x0800f53c       0xac ../../libDaisy/build\libdaisy.a(stm32h7xx_hal_i2c.o)
 .text.HAL_I2C_Init
                0x0800f5e8       0xac ../../libDaisy/build\libdaisy.a(stm32h7xx_hal_i2c.o)
                0x0800f5e8                HAL_I2C_Init
 .text.HAL_I2C_Mem_Write
                0x0800f694      0x254 ../../libDaisy/build\libdaisy.a(stm32h7xx_hal_i2c.o)
                0x0800f694                HAL_I2C_Mem_Write
 .text.HAL_I2C_Mem_Read
                0x0800f8e8      0x29c ../../libDaisy/build\libdaisy.a(stm32h7xx_hal_i2c.o)
                0x0800f8e8                HAL_I2C_Mem_Read
 .text.HAL_I2C_EV_IRQHandler
                0x0800fb84       0x10 ../../libDaisy/build\libdaisy.a(stm32h7xx_hal_i2c.o)
                0x0800fb84                HAL_I2C_EV_IRQHandler
 .text.HAL_I2C_GetState
                0x0800fb94        0x8 ../../libDaisy/build\libdaisy.a(stm32h7xx_hal_i2c.o)
                0x0800fb94                HAL_I2C_GetState
 .text.HAL_I2CEx_ConfigAnalogFilter
                0x0800fb9c       0x54 ../../libDaisy/build\libdaisy.a(stm32h7xx_hal_i2c_ex.o)
                0x0800fb9c                HAL_I2CEx_ConfigAnalogFilter
 .text.HAL_I2CEx_ConfigDigitalFilter
                0x0800fbf0       0x58 ../../libDaisy/build\libdaisy.a(stm32h7xx_hal_i2c_ex.o)
                0x0800fbf0                HAL_I2CEx_ConfigDigitalFilter
 .text.HAL_PCD_IRQHandler
                0x0800fc48      0x69c ../../libDaisy/build\libdaisy.a(stm32h7xx_hal_pcd.o)
                0x0800fc48                HAL_PCD_IRQHandler
 .text.HAL_PCD_SetAddress
                0x080102e4       0x2c ../../libDaisy/build\libdaisy.a(stm32h7xx_hal_pcd.o)
                0x080102e4                HAL_PCD_SetAddress
 .text.HAL_PCD_EP_Open
                0x08010310       0x7c ../../libDaisy/build\libdaisy.a(stm32h7xx_hal_pcd.o)
                0x08010310                HAL_PCD_EP_Open
 .text.HAL_PCD_EP_Receive
                0x0801038c       0x50 ../../libDaisy/build\libdaisy.a(stm32h7xx_hal_pcd.o)
                0x0801038c                HAL_PCD_EP_Receive
 .text.HAL_PCD_EP_Transmit
                0x080103dc       0x50 ../../libDaisy/build\libdaisy.a(stm32h7xx_hal_pcd.o)
                0x080103dc                HAL_PCD_EP_Transmit
 .text.HAL_PCD_EP_SetStall
                0x0801042c       0x88 ../../libDaisy/build\libdaisy.a(stm32h7xx_hal_pcd.o)
                0x0801042c                HAL_PCD_EP_SetStall
 .text.HAL_PCD_EP_ClrStall
                0x080104b4       0x78 ../../libDaisy/build\libdaisy.a(stm32h7xx_hal_pcd.o)
                0x080104b4                HAL_PCD_EP_ClrStall
 .text.HAL_PCDEx_LPM_Callback
                0x0801052c        0x4 ../../libDaisy/build\libdaisy.a(stm32h7xx_hal_pcd_ex.o)
                0x0801052c                HAL_PCDEx_LPM_Callback
 .text.HAL_PWREx_ConfigSupply
                0x08010530       0x4c ../../libDaisy/build\libdaisy.a(stm32h7xx_hal_pwr_ex.o)
                0x08010530                HAL_PWREx_ConfigSupply
 .text.HAL_PWREx_EnableUSBVoltageDetector
                0x0801057c       0x10 ../../libDaisy/build\libdaisy.a(stm32h7xx_hal_pwr_ex.o)
                0x0801057c                HAL_PWREx_EnableUSBVoltageDetector
 .text.QSPI_Config
                0x0801058c      0x174 ../../libDaisy/build\libdaisy.a(stm32h7xx_hal_qspi.o)
 .text.HAL_QSPI_Init
                0x08010700       0xd8 ../../libDaisy/build\libdaisy.a(stm32h7xx_hal_qspi.o)
                0x08010700                HAL_QSPI_Init
 .text.HAL_QSPI_DeInit
                0x080107d8       0x3c ../../libDaisy/build\libdaisy.a(stm32h7xx_hal_qspi.o)
                0x080107d8                HAL_QSPI_DeInit
 .text.HAL_QSPI_Command
                0x08010814       0xd4 ../../libDaisy/build\libdaisy.a(stm32h7xx_hal_qspi.o)
                0x08010814                HAL_QSPI_Command
 .text.HAL_QSPI_Transmit
                0x080108e8       0xfc ../../libDaisy/build\libdaisy.a(stm32h7xx_hal_qspi.o)
                0x080108e8                HAL_QSPI_Transmit
 .text.HAL_QSPI_Receive
                0x080109e4      0x108 ../../libDaisy/build\libdaisy.a(stm32h7xx_hal_qspi.o)
                0x080109e4                HAL_QSPI_Receive
 .text.HAL_QSPI_AutoPolling
                0x08010aec       0xf0 ../../libDaisy/build\libdaisy.a(stm32h7xx_hal_qspi.o)
                0x08010aec                HAL_QSPI_AutoPolling
 .text.HAL_QSPI_MemoryMapped
                0x08010bdc       0xc0 ../../libDaisy/build\libdaisy.a(stm32h7xx_hal_qspi.o)
                0x08010bdc                HAL_QSPI_MemoryMapped
 .text.HAL_QSPI_ErrorCallback
                0x08010c9c        0x4 ../../libDaisy/build\libdaisy.a(stm32h7xx_hal_qspi.o)
                0x08010c9c                HAL_QSPI_ErrorCallback
 .text.QSPI_DMAAbortCplt
                0x08010ca0       0x38 ../../libDaisy/build\libdaisy.a(stm32h7xx_hal_qspi.o)
 .text.HAL_QSPI_AbortCpltCallback
                0x08010cd8        0x4 ../../libDaisy/build\libdaisy.a(stm32h7xx_hal_qspi.o)
                0x08010cd8                HAL_QSPI_AbortCpltCallback
 .text.HAL_QSPI_CmdCpltCallback
                0x08010cdc        0x4 ../../libDaisy/build\libdaisy.a(stm32h7xx_hal_qspi.o)
                0x08010cdc                HAL_QSPI_CmdCpltCallback
 .text.HAL_QSPI_RxCpltCallback
                0x08010ce0        0x4 ../../libDaisy/build\libdaisy.a(stm32h7xx_hal_qspi.o)
                0x08010ce0                HAL_QSPI_RxCpltCallback
 .text.HAL_QSPI_TxCpltCallback
                0x08010ce4        0x4 ../../libDaisy/build\libdaisy.a(stm32h7xx_hal_qspi.o)
                0x08010ce4                HAL_QSPI_TxCpltCallback
 .text.HAL_QSPI_FifoThresholdCallback
                0x08010ce8        0x4 ../../libDaisy/build\libdaisy.a(stm32h7xx_hal_qspi.o)
                0x08010ce8                HAL_QSPI_FifoThresholdCallback
 .text.HAL_QSPI_StatusMatchCallback
                0x08010cec        0x4 ../../libDaisy/build\libdaisy.a(stm32h7xx_hal_qspi.o)
                0x08010cec                HAL_QSPI_StatusMatchCallback
 .text.HAL_QSPI_TimeOutCallback
                0x08010cf0        0x4 ../../libDaisy/build\libdaisy.a(stm32h7xx_hal_qspi.o)
                0x08010cf0                HAL_QSPI_TimeOutCallback
 .text.HAL_QSPI_IRQHandler
                0x08010cf4      0x210 ../../libDaisy/build\libdaisy.a(stm32h7xx_hal_qspi.o)
                0x08010cf4                HAL_QSPI_IRQHandler
 .text.HAL_RCC_OscConfig
                0x08010f04      0x51c ../../libDaisy/build\libdaisy.a(stm32h7xx_hal_rcc.o)
                0x08010f04                HAL_RCC_OscConfig
 .text.HAL_RCC_GetSysClockFreq
                0x08011420      0x140 ../../libDaisy/build\libdaisy.a(stm32h7xx_hal_rcc.o)
                0x08011420                HAL_RCC_GetSysClockFreq
 .text.HAL_RCC_ClockConfig
                0x08011560      0x234 ../../libDaisy/build\libdaisy.a(stm32h7xx_hal_rcc.o)
                0x08011560                HAL_RCC_ClockConfig
 .text.HAL_RCC_GetHCLKFreq
                0x08011794       0x2c ../../libDaisy/build\libdaisy.a(stm32h7xx_hal_rcc.o)
                0x08011794                HAL_RCC_GetHCLKFreq
 .text.HAL_RCC_GetPCLK1Freq
                0x080117c0       0x38 ../../libDaisy/build\libdaisy.a(stm32h7xx_hal_rcc.o)
                0x080117c0                HAL_RCC_GetPCLK1Freq
 .text.HAL_RCC_GetPCLK2Freq
                0x080117f8       0x38 ../../libDaisy/build\libdaisy.a(stm32h7xx_hal_rcc.o)
                0x080117f8                HAL_RCC_GetPCLK2Freq
 .text.RCCEx_PLL2_Config