Archive member included to satisfy reference by file (symbol)

../../libDaisy//build\libdaisy.a(daisy_patch_sm.o)
                              build/Proliferation.o (daisy::patch_sm::DaisyPatchSM::Init())
../../libDaisy//build\libdaisy.a(codec_pcm3060.o)
                              ../../libDaisy//build\libdaisy.a(daisy_patch_sm.o) (daisy::Pcm3060::Init(daisy::I2CHandle))
../../libDaisy//build\libdaisy.a(sdram.o)
                              ../../libDaisy//build\libdaisy.a(daisy_patch_sm.o) (SdramHandle::Init())
../../libDaisy//build\libdaisy.a(audio.o)
                              ../../libDaisy//build\libdaisy.a(daisy_patch_sm.o) (daisy::AudioHandle::Init(daisy::AudioHandle::Config const&, daisy::SaiHandle))
../../libDaisy//build\libdaisy.a(ctrl.o)
                              ../../libDaisy//build\libdaisy.a(daisy_patch_sm.o) (daisy::AnalogControl::Init(unsigned short*, float, bool, bool, float))
../../libDaisy//build\libdaisy.a(gatein.o)
                              ../../libDaisy//build\libdaisy.a(daisy_patch_sm.o) (daisy::GateIn::Init(dsy_gpio_pin*, bool))
../../libDaisy//build\libdaisy.a(switch.o)
                              build/Proliferation.o (daisy::Switch::Init(dsy_gpio_pin, float))
../../libDaisy//build\libdaisy.a(adc.o)
                              ../../libDaisy//build\libdaisy.a(daisy_patch_sm.o) (daisy::AdcChannelConfig::InitSingle(dsy_gpio_pin))
../../libDaisy//build\libdaisy.a(dac.o)
                              ../../libDaisy//build\libdaisy.a(daisy_patch_sm.o) (daisy::DacHandle::Init(daisy::DacHandle::Config const&))
../../libDaisy//build\libdaisy.a(gpio.o)
                              ../../libDaisy//build\libdaisy.a(daisy_patch_sm.o) (dsy_gpio_init)
../../libDaisy//build\libdaisy.a(i2c.o)
                              ../../libDaisy//build\libdaisy.a(daisy_patch_sm.o) (daisy::I2CHandle::Init(daisy::I2CHandle::Config const&))
../../libDaisy//build\libdaisy.a(qspi.o)
                              ../../libDaisy//build\libdaisy.a(daisy_patch_sm.o) (daisy::QSPIHandle::Init(daisy::QSPIHandle::Config const&))
../../libDaisy//build\libdaisy.a(sai.o)
                              ../../libDaisy//build\libdaisy.a(daisy_patch_sm.o) (daisy::SaiHandle::Init(daisy::SaiHandle::Config const&))
../../libDaisy//build\libdaisy.a(system.o)
                              ../../libDaisy//build\libdaisy.a(switch.o) (daisy::System::GetNow())
../../libDaisy//build\libdaisy.a(system_stm32h7xx.o)
                              build/startup_stm32h750xx.o (SystemInit)
../../libDaisy//build\libdaisy.a(usbd_conf.o)
                              ../../libDaisy//build\libdaisy.a(system.o) (hpcd_USB_OTG_HS)
../../libDaisy//build\libdaisy.a(usbh_conf.o)
                              ../../libDaisy//build\libdaisy.a(system.o) (hhcd_USB_OTG_HS)
../../libDaisy//build\libdaisy.a(hal_map.o)
                              ../../libDaisy//build\libdaisy.a(gpio.o) (dsy_hal_map_get_port)
../../libDaisy//build\libdaisy.a(stm32h7xx_hal.o)
                              ../../libDaisy//build\libdaisy.a(system.o) (HAL_Init)
../../libDaisy//build\libdaisy.a(stm32h7xx_hal_adc.o)
                              ../../libDaisy//build\libdaisy.a(adc.o) (HAL_ADC_ConfigChannel)
../../libDaisy//build\libdaisy.a(stm32h7xx_hal_adc_ex.o)
                              ../../libDaisy//build\libdaisy.a(adc.o) (HAL_ADCEx_Calibration_Start)
../../libDaisy//build\libdaisy.a(stm32h7xx_hal_cortex.o)
                              ../../libDaisy//build\libdaisy.a(stm32h7xx_hal.o) (HAL_NVIC_SetPriorityGrouping)
../../libDaisy//build\libdaisy.a(stm32h7xx_hal_dac.o)
                              ../../libDaisy//build\libdaisy.a(dac.o) (HAL_DAC_Init)
../../libDaisy//build\libdaisy.a(stm32h7xx_hal_dac_ex.o)
                              ../../libDaisy//build\libdaisy.a(stm32h7xx_hal_dac.o) (HAL_DACEx_DMAUnderrunCallbackCh2)
../../libDaisy//build\libdaisy.a(stm32h7xx_hal_dma.o)
                              ../../libDaisy//build\libdaisy.a(adc.o) (HAL_DMA_Init)
../../libDaisy//build\libdaisy.a(stm32h7xx_hal_gpio.o)
                              ../../libDaisy//build\libdaisy.a(sdram.o) (HAL_GPIO_Init)
../../libDaisy//build\libdaisy.a(stm32h7xx_hal_hcd.o)
                              ../../libDaisy//build\libdaisy.a(usbh_conf.o) (HAL_HCD_HC_Init)
../../libDaisy//build\libdaisy.a(stm32h7xx_hal_i2c.o)
                              ../../libDaisy//build\libdaisy.a(i2c.o) (HAL_I2C_Init)
../../libDaisy//build\libdaisy.a(stm32h7xx_hal_i2c_ex.o)
                              ../../libDaisy//build\libdaisy.a(i2c.o) (HAL_I2CEx_ConfigAnalogFilter)
../../libDaisy//build\libdaisy.a(stm32h7xx_hal_pcd.o)
                              ../../libDaisy//build\libdaisy.a(usbd_conf.o) (HAL_PCD_Init)
../../libDaisy//build\libdaisy.a(stm32h7xx_hal_pcd_ex.o)
                              ../../libDaisy//build\libdaisy.a(usbd_conf.o) (HAL_PCDEx_SetTxFiFo)
../../libDaisy//build\libdaisy.a(stm32h7xx_hal_pwr_ex.o)
[...]
Memory Configuration

Name             Origin             Length             Attributes
FLASH            0x08000000         0x00020000         xr
DTCMRAM          0x20000000         0x00020000         xrw
SRAM             0x24000000         0x00080000         xrw
RAM_D2           0x30000000         0x00048000         xrw
RAM_D3           0x38000000         0x00010000         xrw
ITCMRAM          0x00000000         0x00010000         xrw
SDRAM            0xc0000000         0x04000000         xrw
QSPIFLASH        0x90000000         0x00800000         xr
*default*        0x00000000         0xffffffff

Linker script and memory map

LOAD c:/programdata/chocolatey/lib/gcc-arm-embedded/tools/gcc-arm-none-eabi-10-2020-q4-major/bin/../lib/gcc/arm-none-eabi/10.2.1/thumb/v7e-m+dp/hard/crti.o
LOAD c:/programdata/chocolatey/lib/gcc-arm-embedded/tools/gcc-arm-none-eabi-10-2020-q4-major/bin/../lib/gcc/arm-none-eabi/10.2.1/thumb/v7e-m+dp/hard/crtbegin.o
LOAD c:/programdata/chocolatey/lib/gcc-arm-embedded/tools/gcc-arm-none-eabi-10-2020-q4-major/bin/../lib/gcc/arm-none-eabi/10.2.1/../../../../arm-none-eabi/lib/thumb/v7e-m+dp/hard/crt0.o
LOAD build/startup_stm32h750xx.o
LOAD build/Proliferation.o
LOAD ../../libDaisy//build\libdaisy.a
LOAD c:/programdata/chocolatey/lib/gcc-arm-embedded/tools/gcc-arm-none-eabi-10-2020-q4-major/bin/../lib/gcc/arm-none-eabi/10.2.1/../../../../arm-none-eabi/lib/thumb/v7e-m+dp/hard\libnosys.a
LOAD ../../DaisySP//build\libdaisysp.a
LOAD c:/programdata/chocolatey/lib/gcc-arm-embedded/tools/gcc-arm-none-eabi-10-2020-q4-major/bin/../lib/gcc/arm-none-eabi/10.2.1/../../../../arm-none-eabi/lib/thumb/v7e-m+dp/hard\libstdc++_nano.a
LOAD c:/programdata/chocolatey/lib/gcc-arm-embedded/tools/gcc-arm-none-eabi-10-2020-q4-major/bin/../lib/gcc/arm-none-eabi/10.2.1/../../../../arm-none-eabi/lib/thumb/v7e-m+dp/hard\libm.a
LOAD c:/programdata/chocolatey/lib/gcc-arm-embedded/tools/gcc-arm-none-eabi-10-2020-q4-major/bin/../lib/gcc/arm-none-eabi/10.2.1/../../../../arm-none-eabi/lib/thumb/v7e-m+dp/hard\libc_nano.a
START GROUP
LOAD c:/programdata/chocolatey/lib/gcc-arm-embedded/tools/gcc-arm-none-eabi-10-2020-q4-major/bin/../lib/gcc/arm-none-eabi/10.2.1/thumb/v7e-m+dp/hard\libgcc.a
LOAD c:/programdata/chocolatey/lib/gcc-arm-embedded/tools/gcc-arm-none-eabi-10-2020-q4-major/bin/../lib/gcc/arm-none-eabi/10.2.1/../../../../arm-none-eabi/lib/thumb/v7e-m+dp/hard\libc_nano.a
END GROUP
START GROUP
LOAD c:/programdata/chocolatey/lib/gcc-arm-embedded/tools/gcc-arm-none-eabi-10-2020-q4-major/bin/../lib/gcc/arm-none-eabi/10.2.1/thumb/v7e-m+dp/hard\libgcc.a
LOAD c:/programdata/chocolatey/lib/gcc-arm-embedded/tools/gcc-arm-none-eabi-10-2020-q4-major/bin/../lib/gcc/arm-none-eabi/10.2.1/../../../../arm-none-eabi/lib/thumb/v7e-m+dp/hard\libc_nano.a
LOAD c:/programdata/chocolatey/lib/gcc-arm-embedded/tools/gcc-arm-none-eabi-10-2020-q4-major/bin/../lib/gcc/arm-none-eabi/10.2.1/../../../../arm-none-eabi/lib/thumb/v7e-m+dp/hard\libnosys.a
END GROUP
START GROUP
LOAD c:/programdata/chocolatey/lib/gcc-arm-embedded/tools/gcc-arm-none-eabi-10-2020-q4-major/bin/../lib/gcc/arm-none-eabi/10.2.1/thumb/v7e-m+dp/hard\libgcc.a
LOAD c:/programdata/chocolatey/lib/gcc-arm-embedded/tools/gcc-arm-none-eabi-10-2020-q4-major/bin/../lib/gcc/arm-none-eabi/10.2.1/../../../../arm-none-eabi/lib/thumb/v7e-m+dp/hard\libc_nano.a
LOAD c:/programdata/chocolatey/lib/gcc-arm-embedded/tools/gcc-arm-none-eabi-10-2020-q4-major/bin/../lib/gcc/arm-none-eabi/10.2.1/../../../../arm-none-eabi/lib/thumb/v7e-m+dp/hard\libnosys.a
END GROUP
LOAD c:/programdata/chocolatey/lib/gcc-arm-embedded/tools/gcc-arm-none-eabi-10-2020-q4-major/bin/../lib/gcc/arm-none-eabi/10.2.1/thumb/v7e-m+dp/hard/crtend.o
LOAD c:/programdata/chocolatey/lib/gcc-arm-embedded/tools/gcc-arm-none-eabi-10-2020-q4-major/bin/../lib/gcc/arm-none-eabi/10.2.1/thumb/v7e-m+dp/hard/crtn.o
                0x20020000                _estack = 0x20020000

.isr_vector     0x08000000      0x298
                0x08000000                . = ALIGN (0x4)
 *(.isr_vector)
 .isr_vector    0x08000000      0x298 build/startup_stm32h750xx.o
                0x08000000                g_pfnVectors
                0x08000298                . = ALIGN (0x4)

.text           0x080002a0    0x127c4
                0x080002a0                . = ALIGN (0x4)
                0x080002a0                _stext = .
 *(.text)
 .text          0x080002a0       0x40 c:/programdata/chocolatey/lib/gcc-arm-embedded/tools/gcc-arm-none-eabi-10-2020-q4-major/bin/../lib/gcc/arm-none-eabi/10.2.1/thumb/v7e-m+dp/hard/crtbegin.o
 .text          0x080002e0       0xa0 c:/programdata/chocolatey/lib/gcc-arm-embedded/tools/gcc-arm-none-eabi-10-2020-q4-major/bin/../lib/gcc/arm-none-eabi/10.2.1/../../../../arm-none-eabi/lib/thumb/v7e-m+dp/hard\libc_nano.a(lib_a-memchr.o)
                0x080002e0                memchr
 .text          0x08000380       0x30 c:/programdata/chocolatey/lib/gcc-arm-embedded/tools/gcc-arm-none-eabi-10-2020-q4-major/bin/../lib/gcc/arm-none-eabi/10.2.1/thumb/v7e-m+dp/hard\libgcc.a(_aeabi_uldivmod.o)
                0x08000380                __aeabi_uldivmod
 .text          0x080003b0      0x2d0 c:/programdata/chocolatey/lib/gcc-arm-embedded/tools/gcc-arm-none-eabi-10-2020-q4-major/bin/../lib/gcc/arm-none-eabi/10.2.1/thumb/v7e-m+dp/hard\libgcc.a(_udivmoddi4.o)
                0x080003b0                __udivmoddi4
 .text          0x08000680        0x4 c:/programdata/chocolatey/lib/gcc-arm-embedded/tools/gcc-arm-none-eabi-10-2020-q4-major/bin/../lib/gcc/arm-none-eabi/10.2.1/thumb/v7e-m+dp/hard\libgcc.a(_dvmd_tls.o)
                0x08000680                __aeabi_idiv0
                0x08000680                __aeabi_ldiv0
 *(.text*)
 .text.Default_Handler
                0x08000684        0x4 build/startup_stm32h750xx.o
                0x08000684                RTC_Alarm_IRQHandler
                0x08000684                HASH_RNG_IRQHandler
                0x08000684                EXTI2_IRQHandler
                0x08000684                TIM8_CC_IRQHandler
                0x08000684                HRTIM1_Master_IRQHandler
                0x08000684                DebugMon_Handler
                0x08000684                TIM1_CC_IRQHandler
                0x08000684                BDMA_Channel6_IRQHandler
                0x08000684                DMA2_Stream5_IRQHandler
                0x08000684                HRTIM1_FLT_IRQHandler
                0x08000684                JPEG_IRQHandler
                0x08000684                BDMA_Channel1_IRQHandler
                0x08000684                HRTIM1_TIMD_IRQHandler
                0x08000684                TAMP_STAMP_IRQHandler
                0x08000684                PendSV_Handler
                0x08000684                NMI_Handler
                0x08000684                EXTI3_IRQHandler
                0x08000684                LPTIM4_IRQHandler
                0x08000684                TIM8_TRG_COM_TIM14_IRQHandler
                0x08000684                LPTIM2_IRQHandler
                0x08000684                DFSDM1_FLT1_IRQHandler
                0x08000684                DMAMUX2_OVR_IRQHandler
                0x08000684                TIM8_UP_TIM13_IRQHandler
                0x08000684                I2C3_ER_IRQHandler
                0x08000684                DFSDM1_FLT2_IRQHandler
                0x08000684                MDMA_IRQHandler
                0x08000684                LPTIM3_IRQHandler
                0x08000684                HSEM1_IRQHandler
                0x08000684                EXTI0_IRQHandler
                0x08000684                FPU_IRQHandler
                0x08000684                OTG_HS_WKUP_IRQHandler
                0x08000684                FDCAN1_IT1_IRQHandler
                0x08000684                UsageFault_Handler
                0x08000684                LTDC_ER_IRQHandler
                0x08000684                HRTIM1_TIME_IRQHandler
                0x08000684                DCMI_IRQHandler
                0x08000684                HRTIM1_TIMC_IRQHandler
                0x08000684                SAI2_IRQHandler
                0x08000684                DFSDM1_FLT3_IRQHandler
                0x08000684                TIM17_IRQHandler
                0x08000684                CRYP_IRQHandler
                0x08000684                BDMA_Channel7_IRQHandler
                0x08000684                LPTIM5_IRQHandler
                0x08000684                ADC3_IRQHandler
                0x08000684                BDMA_Channel2_IRQHandler
                0x08000684                DMAMUX1_OVR_IRQHandler
                0x08000684                TIM16_IRQHandler
                0x08000684                BDMA_Channel5_IRQHandler
                0x08000684                RCC_IRQHandler
                0x08000684                TIM8_BRK_TIM12_IRQHandler
                0x08000684                TIM1_TRG_COM_IRQHandler
                0x08000684                Default_Handler
                0x08000684                ECC_IRQHandler
                0x08000684                CEC_IRQHandler
                0x08000684                EXTI15_10_IRQHandler
                0x08000684                BDMA_Channel0_IRQHandler
                0x08000684                ADC_IRQHandler
                0x08000684                DMA1_Stream7_IRQHandler
                0x08000684                HRTIM1_TIMA_IRQHandler
                0x08000684                TIM7_IRQHandler
                0x08000684                SDMMC1_IRQHandler
                0x08000684                DMA2_Stream7_IRQHandler
                0x08000684                TIM15_IRQHandler
                0x08000684                PVD_AVD_IRQHandler
                0x08000684                EXTI9_5_IRQHandler
                0x08000684                RTC_WKUP_IRQHandler
                0x08000684                LTDC_IRQHandler
                0x08000684                SAI3_IRQHandler
                0x08000684                ETH_WKUP_IRQHandler
                0x08000684                SPDIF_RX_IRQHandler
                0x08000684                MemManage_Handler
                0x08000684                SVC_Handler
                0x08000684                CRS_IRQHandler
                0x08000684                EXTI4_IRQHandler
                0x08000684                HRTIM1_TIMB_IRQHandler
                0x08000684                FDCAN2_IT1_IRQHandler
                0x08000684                ETH_IRQHandler
                0x08000684                TIM1_UP_IRQHandler
                0x08000684                BDMA_Channel4_IRQHandler
                0x08000684                WWDG_IRQHandler
                0x08000684                SPI6_IRQHandler
                0x08000684                I2C4_EV_IRQHandler
                0x08000684                MDIOS_IRQHandler
                0x08000684                FDCAN2_IT0_IRQHandler
                0x08000684                FDCAN1_IT0_IRQHandler
                0x08000684                OTG_FS_WKUP_IRQHandler
                0x08000684                DMA2D_IRQHandler
                0x08000684                TIM1_BRK_IRQHandler
                0x08000684                EXTI1_IRQHandler
                0x08000684                SDMMC2_IRQHandler
                0x08000684                OTG_FS_EP1_OUT_IRQHandler
                0x08000684                BDMA_Channel3_IRQHandler
                0x08000684                MDIOS_WKUP_IRQHandler
                0x08000684                DFSDM1_FLT0_IRQHandler
                0x08000684                SAI4_IRQHandler
                0x08000684                I2C2_ER_IRQHandler
                0x08000684                FLASH_IRQHandler
                0x08000684                BusFault_Handler
                0x08000684                OTG_FS_IRQHandler
                0x08000684                WAKEUP_PIN_IRQHandler
                0x08000684                OTG_FS_EP1_IN_IRQHandler
                0x08000684                I2C1_ER_IRQHandler
                0x08000684                FMC_IRQHandler
                0x08000684                FDCAN_CAL_IRQHandler
                0x08000684                SWPMI1_IRQHandler
                0x08000684                COMP1_IRQHandler
                0x08000684                LPTIM1_IRQHandler
                0x08000684                I2C4_ER_IRQHandler
                0x08000684                DMA2_Stream6_IRQHandler
                0x08000684                SAI1_IRQHandler
 .text.Reset_Handler
                0x08000688       0x44 build/startup_stm32h750xx.o
                0x08000688                Reset_Handler
 .text._ZN5daisy6SwitchD2Ev
                0x080006cc        0x4 build/Proliferation.o
                0x080006cc                daisy::Switch::~Switch()
                0x080006cc                daisy::Switch::~Switch()
 .text._ZN5daisy8patch_sm12DaisyPatchSMD2Ev
                0x080006d0        0x4 build/Proliferation.o
                0x080006d0                daisy::patch_sm::DaisyPatchSM::~DaisyPatchSM()
                0x080006d0                daisy::patch_sm::DaisyPatchSM::~DaisyPatchSM()
 .text._ZNSt5arrayI12SampleBufferILj240000EELj8EED2Ev
                0x080006d4        0x4 build/Proliferation.o
                0x080006d4                std::array<SampleBuffer<240000u>, 8u>::~array()
                0x080006d4                std::array<SampleBuffer<240000u>, 8u>::~array()
 .text._Z10getSamplesv
                0x080006d8       0xd0 build/Proliferation.o
                0x080006d8                getSamples()
 .text._Z13AudioCallbackPKPKfPPfj
                0x080007a8       0xf8 build/Proliferation.o
                0x080007a8                AudioCallback(float const* const*, float**, unsigned int)
 .text._Z12InitSamplersv
                0x080008a0       0x3c build/Proliferation.o
                0x080008a0                InitSamplers()
 .text.startup.main
                0x080008dc       0x6c build/Proliferation.o
                0x080008dc                main
 .text.startup._GLOBAL__sub_I_hw
                0x08000948       0x58 build/Proliferation.o
 .text._ZN5daisy8patch_sm12DaisyPatchSM4Impl19InternalDacCallbackEPPtj
                0x080009a0       0xa8 ../../libDaisy//build\libdaisy.a(daisy_patch_sm.o)
                0x080009a0                daisy::patch_sm::DaisyPatchSM::Impl::InternalDacCallback(unsigned short**, unsigned int)
 .text._ZN5daisy8patch_sm12DaisyPatchSM4InitEv
                0x08000a48      0x27c ../../libDaisy//build\libdaisy.a(daisy_patch_sm.o)
                0x08000a48                daisy::patch_sm::DaisyPatchSM::Init()
 .text._ZN5daisy8patch_sm12DaisyPatchSM10StartAudioEPFvPKPKfPPfjE
                0x08000cc4        0x8 ../../libDaisy//build\libdaisy.a(daisy_patch_sm.o)
                0x08000cc4                daisy::patch_sm::DaisyPatchSM::StartAudio(void (*)(float const* const*, float**, unsigned int))
 .text._ZN5daisy8patch_sm12DaisyPatchSM17SetAudioBlockSizeEj
                0x08000ccc       0x38 ../../libDaisy//build\libdaisy.a(daisy_patch_sm.o)
                0x08000ccc                daisy::patch_sm::DaisyPatchSM::SetAudioBlockSize(unsigned int)
 .text._ZN5daisy8patch_sm12DaisyPatchSM18SetAudioSampleRateENS_9SaiHandle6Config10SampleRateE
                0x08000d04       0x38 ../../libDaisy//build\libdaisy.a(daisy_patch_sm.o)
                0x08000d04                daisy::patch_sm::DaisyPatchSM::SetAudioSampleRate(daisy::SaiHandle::Config::SampleRate)
 .text._ZN5daisy8patch_sm12DaisyPatchSM21ProcessAnalogControlsEv
                0x08000d3c       0x18 ../../libDaisy//build\libdaisy.a(daisy_patch_sm.o)
                0x08000d3c                daisy::patch_sm::DaisyPatchSM::ProcessAnalogControls()
 .text._ZN5daisy8patch_sm12DaisyPatchSM22ProcessDigitalControlsEv
                0x08000d54        0x4 ../../libDaisy//build\libdaisy.a(daisy_patch_sm.o)
                0x08000d54                daisy::patch_sm::DaisyPatchSM::ProcessDigitalControls()
 .text.startup._GLOBAL__sub_I__ZN5daisy8patch_sm12DaisyPatchSM2A1E
                0x08000d58       0x28 ../../libDaisy//build\libdaisy.a(daisy_patch_sm.o)
 .text._ZN5daisy7Pcm30604InitENS_9I2CHandleE
                0x08000d80      0x16c ../../libDaisy//build\libdaisy.a(codec_pcm3060.o)
                0x08000d80                daisy::Pcm3060::Init(daisy::I2CHandle)
 .text._ZN11SdramHandle10DeviceInitEv
                0x08000eec       0x98 ../../libDaisy//build\libdaisy.a(sdram.o)
                0x08000eec                SdramHandle::DeviceInit()
 .text._ZN11SdramHandle4InitEv
                0x08000f84       0x7c ../../libDaisy//build\libdaisy.a(sdram.o)
                0x08000f84                SdramHandle::Init()
 .text.HAL_SDRAM_MspInit
                0x08001000      0x1a8 ../../libDaisy//build\libdaisy.a(sdram.o)
                0x08001000                HAL_SDRAM_MspInit
 .text._ZN5daisy11AudioHandle4Impl16InternalCallbackEPlS2_j
                0x080011a8      0xbbc ../../libDaisy//build\libdaisy.a(audio.o)
                0x080011a8                daisy::AudioHandle::Impl::InternalCallback(long*, long*, unsigned int)
 .text._ZN5daisy11AudioHandle4InitERKNS0_6ConfigENS_9SaiHandleE
                0x08001d64       0x70 ../../libDaisy//build\libdaisy.a(audio.o)
                0x08001d64                daisy::AudioHandle::Init(daisy::AudioHandle::Config const&, daisy::SaiHandle)
 .text._ZNK5daisy11AudioHandle9GetConfigEv
                0x08001dd4        0x8 ../../libDaisy//build\libdaisy.a(audio.o)
                0x08001dd4                daisy::AudioHandle::GetConfig() const
 .text._ZN5daisy11AudioHandle12SetBlockSizeEj
                0x08001ddc       0x1c ../../libDaisy//build\libdaisy.a(audio.o)
                0x08001ddc                daisy::AudioHandle::SetBlockSize(unsigned int)
 .text._ZN5daisy11AudioHandle13GetSampleRateEv
                0x08001df8        0x8 ../../libDaisy//build\libdaisy.a(audio.o)
                0x08001df8                daisy::AudioHandle::GetSampleRate()
 .text._ZN5daisy11AudioHandle13SetSampleRateENS_9SaiHandle6Config10SampleRateE
                0x08001e00       0x88 ../../libDaisy//build\libdaisy.a(audio.o)
                0x08001e00                daisy::AudioHandle::SetSampleRate(daisy::SaiHandle::Config::SampleRate)
 .text._ZN5daisy11AudioHandle5StartEPFvPKPKfPPfjE
                0x08001e88       0x44 ../../libDaisy//build\libdaisy.a(audio.o)
                0x08001e88                daisy::AudioHandle::Start(void (*)(float const* const*, float**, unsigned int))
 .text.startup._GLOBAL__sub_I__ZN5daisy11AudioHandle4Impl4InitENS0_6ConfigENS_9SaiHandleE
                0x08001ecc       0x24 ../../libDaisy//build\libdaisy.a(audio.o)
 .text._ZN5daisy13AnalogControl4InitEPtfbbf
                0x08001ef0       0x64 ../../libDaisy//build\libdaisy.a(ctrl.o)
                0x08001ef0                daisy::AnalogControl::Init(unsigned short*, float, bool, bool, float)
 .text._ZN5daisy13AnalogControl13InitBipolarCvEPtf
                0x08001f54       0x6c ../../libDaisy//build\libdaisy.a(ctrl.o)
                0x08001f54                daisy::AnalogControl::InitBipolarCv(unsigned short*, float)
 .text._ZN5daisy13AnalogControl7ProcessEv
                0x08001fc0       0x48 ../../libDaisy//build\libdaisy.a(ctrl.o)
                0x08001fc0                daisy::AnalogControl::Process()
 .text._ZN5daisy6GateIn4InitEP12dsy_gpio_pinb
                0x08002008       0x14 ../../libDaisy//build\libdaisy.a(gatein.o)
                0x08002008                daisy::GateIn::Init(dsy_gpio_pin*, bool)
 .text._ZN5daisy6GateIn4TrigEv
                0x0800201c       0x2c ../../libDaisy//build\libdaisy.a(gatein.o)
                0x0800201c                daisy::GateIn::Trig()
 .text._ZN5daisy6Switch4InitE12dsy_gpio_pinf
                0x08002048       0x34 ../../libDaisy//build\libdaisy.a(switch.o)
                0x08002048                daisy::Switch::Init(dsy_gpio_pin, float)
 .text._ZN5daisy6Switch8DebounceEv
                0x0800207c       0x5c ../../libDaisy//build\libdaisy.a(switch.o)
                0x0800207c                daisy::Switch::Debounce()
 .text._ZN5daisy16AdcChannelConfig10InitSingleE12dsy_gpio_pin
                0x080020d8       0x1c ../../libDaisy//build\libdaisy.a(adc.o)
                0x080020d8                daisy::AdcChannelConfig::InitSingle(dsy_gpio_pin)
 .text._ZN5daisy9AdcHandle4InitEPNS_16AdcChannelConfigEjNS0_12OverSamplingE
                0x080020f4      0x3c8 ../../libDaisy//build\libdaisy.a(adc.o)
                0x080020f4                daisy::AdcHandle::Init(daisy::AdcChannelConfig*, unsigned int, daisy::AdcHandle::OverSampling)
 .text._ZN5daisy9AdcHandle5StartEv
                0x080024bc       0x2c ../../libDaisy//build\libdaisy.a(adc.o)
                0x080024bc                daisy::AdcHandle::Start()
 .text._ZNK5daisy9AdcHandle6GetPtrEh
                0x080024e8       0x14 ../../libDaisy//build\libdaisy.a(adc.o)
                0x080024e8                daisy::AdcHandle::GetPtr(unsigned char) const
 .text.HAL_ADC_MspInit
                0x080024fc       0x98 ../../libDaisy//build\libdaisy.a(adc.o)
                0x080024fc                HAL_ADC_MspInit
 .text.DMA1_Stream2_IRQHandler
                0x08002594        0xc ../../libDaisy//build\libdaisy.a(adc.o)
                0x08002594                DMA1_Stream2_IRQHandler
 .text.HAL_ADC_ConvCpltCallback
                0x080025a0      0x148 ../../libDaisy//build\libdaisy.a(adc.o)
                0x080025a0                HAL_ADC_ConvCpltCallback
 .text.HAL_ADC_ErrorCallback
                0x080026e8        0x4 ../../libDaisy//build\libdaisy.a(adc.o)
                0x080026e8                HAL_ADC_ErrorCallback
 .text.HAL_DAC_MspInit
                0x080026ec      0x15c ../../libDaisy//build\libdaisy.a(dac.o)
                0x080026ec                HAL_DAC_MspInit
 .text.DMA2_Stream0_IRQHandler
                0x08002848        0xc ../../libDaisy//build\libdaisy.a(dac.o)
                0x08002848                DMA2_Stream0_IRQHandler
 .text.DMA2_Stream1_IRQHandler
                0x08002854        0xc ../../libDaisy//build\libdaisy.a(dac.o)
                0x08002854                DMA2_Stream1_IRQHandler
 .text.TIM6_DAC_IRQHandler
                0x08002860       0x1c ../../libDaisy//build\libdaisy.a(dac.o)
                0x08002860                TIM6_DAC_IRQHandler
 .text.HAL_DAC_ConvCpltCallbackCh1
                0x0800287c       0x60 ../../libDaisy//build\libdaisy.a(dac.o)
                0x0800287c                HAL_DAC_ConvCpltCallbackCh1
 .text.HAL_DAC_ConvHalfCpltCallbackCh1
                0x080028dc       0x54 ../../libDaisy//build\libdaisy.a(dac.o)
                0x080028dc                HAL_DAC_ConvHalfCpltCallbackCh1
 .text.HAL_DACEx_ConvHalfCpltCallbackCh2
                0x08002930       0x2c ../../libDaisy//build\libdaisy.a(dac.o)
                0x08002930                HAL_DACEx_ConvHalfCpltCallbackCh2
 .text.HAL_DACEx_ConvCpltCallbackCh2
                0x0800295c       0x34 ../../libDaisy//build\libdaisy.a(dac.o)
                0x0800295c                HAL_DACEx_ConvCpltCallbackCh2
 .text._ZN5daisy9DacHandle4InitERKNS0_6ConfigE
                0x08002990       0xfc ../../libDaisy//build\libdaisy.a(dac.o)
                0x08002990                daisy::DacHandle::Init(daisy::DacHandle::Config const&)
 .text._ZN5daisy9DacHandle5StartEPtS1_jPFvPS1_jE
                0x08002a8c       0x6c ../../libDaisy//build\libdaisy.a(dac.o)
                0x08002a8c                daisy::DacHandle::Start(unsigned short*, unsigned short*, unsigned int, void (*)(unsigned short**, unsigned int))
 .text._ZN5daisy9DacHandle4StopEv
                0x08002af8       0x40 ../../libDaisy//build\libdaisy.a(dac.o)
                0x08002af8                daisy::DacHandle::Stop()
 .text.dsy_gpio_init
                0x08002b38      0x1b8 ../../libDaisy//build\libdaisy.a(gpio.o)
                0x08002b38                dsy_gpio_init
 .text.dsy_gpio_read
                0x08002cf0       0x1c ../../libDaisy//build\libdaisy.a(gpio.o)
                0x08002cf0                dsy_gpio_read
 .text.dsy_gpio_write
                0x08002d0c       0x24 ../../libDaisy//build\libdaisy.a(gpio.o)
                0x08002d0c                dsy_gpio_write
 .text._ZN5daisy9I2CHandle4Impl8InitPinsEv
                0x08002d30       0x58 ../../libDaisy//build\libdaisy.a(i2c.o)
                0x08002d30                daisy::I2CHandle::Impl::InitPins()
 .text.HAL_I2C_MspInit
                0x08002d88      0x1b4 ../../libDaisy//build\libdaisy.a(i2c.o)
                0x08002d88                HAL_I2C_MspInit
 .text.dsy_i2c_global_init
                0x08002f3c       0x78 ../../libDaisy//build\libdaisy.a(i2c.o)
                0x08002f3c                dsy_i2c_global_init
 .text.DMA1_Stream6_IRQHandler
                0x08002fb4       0x34 ../../libDaisy//build\libdaisy.a(i2c.o)
                0x08002fb4                DMA1_Stream6_IRQHandler
 .text.I2C1_EV_IRQHandler
                0x08002fe8        0xc ../../libDaisy//build\libdaisy.a(i2c.o)
                0x08002fe8                I2C1_EV_IRQHandler
 .text.I2C2_EV_IRQHandler
                0x08002ff4        0xc ../../libDaisy//build\libdaisy.a(i2c.o)
                0x08002ff4                I2C2_EV_IRQHandler
 .text.I2C3_EV_IRQHandler
                0x08003000        0xc ../../libDaisy//build\libdaisy.a(i2c.o)
                0x08003000                I2C3_EV_IRQHandler
 .text._ZN5daisy9I2CHandle4InitERKNS0_6ConfigE
                0x0800300c      0x12c ../../libDaisy//build\libdaisy.a(i2c.o)
                0x0800300c                daisy::I2CHandle::Init(daisy::I2CHandle::Config const&)
 .text._ZN5daisy9I2CHandle17ReadDataAtAddressEtttPhtm
                0x08003138       0x4c ../../libDaisy//build\libdaisy.a(i2c.o)
                0x08003138                daisy::I2CHandle::ReadDataAtAddress(unsigned short, unsigned short, unsigned short, unsigned char*, unsigned short, unsigned long)
 .text._ZN5daisy9I2CHandle18WriteDataAtAddressEtttPhtm
                0x08003184       0x4c ../../libDaisy//build\libdaisy.a(i2c.o)
                0x08003184                daisy::I2CHandle::WriteDataAtAddress(unsigned short, unsigned short, unsigned short, unsigned char*, unsigned short, unsigned long)
 .text.startup._GLOBAL__sub_I__ZN5daisy9I2CHandle4Impl10GlobalInitEv
                0x080031d0       0x18 ../../libDaisy//build\libdaisy.a(i2c.o)
 .text._ZN5daisy10QSPIHandle4Impl11WriteEnableEv
                0x080031e8       0x8c ../../libDaisy//build\libdaisy.a(qspi.o)
                0x080031e8                daisy::QSPIHandle::Impl::WriteEnable()
 *fill*         0x08003274        0x4 
 .text._ZN5daisy10QSPIHandle4Impl17DummyCyclesConfigENS0_6Config6DeviceE
                0x08003278      0x118 ../../libDaisy//build\libdaisy.a(qspi.o)
                0x08003278                daisy::QSPIHandle::Impl::DummyCyclesConfig(daisy::QSPIHandle::Config::Device)
 .text._ZN5daisy10QSPIHandle4Impl10QuadEnableEv
                0x08003390      0x158 ../../libDaisy//build\libdaisy.a(qspi.o)
                0x08003390                daisy::QSPIHandle::Impl::QuadEnable()
 .text._ZN5daisy10QSPIHandle4InitERKNS0_6ConfigE
                0x080034e8      0x198 ../../libDaisy//build\libdaisy.a(qspi.o)
                0x080034e8                daisy::QSPIHandle::Init(daisy::QSPIHandle::Config const&)
 .text.HAL_QSPI_MspInit
                0x08003680      0x11c ../../libDaisy//build\libdaisy.a(qspi.o)
                0x08003680                HAL_QSPI_MspInit
 .text.HAL_QSPI_MspDeInit
                0x0800379c       0x54 ../../libDaisy//build\libdaisy.a(qspi.o)
                0x0800379c                HAL_QSPI_MspDeInit
 .text.QUADSPI_IRQHandler
                0x080037f0        0xc ../../libDaisy//build\libdaisy.a(qspi.o)
                0x080037f0                QUADSPI_IRQHandler
 .text.startup._GLOBAL__sub_I__ZN5daisy10QSPIHandle4Impl4InitERKNS0_6ConfigE
                0x080037fc       0x28 ../../libDaisy//build\libdaisy.a(qspi.o)
 .text._ZN5daisy9SaiHandle4Impl7InitDmaENS1_15PeripheralBlockE
                0x08003824       0xa0 ../../libDaisy//build\libdaisy.a(sai.o)
                0x08003824                daisy::SaiHandle::Impl::InitDma(daisy::SaiHandle::Impl::PeripheralBlock)
 .text._ZN5daisy9SaiHandle4Impl8InitPinsEv
                0x080038c4       0xa8 ../../libDaisy//build\libdaisy.a(sai.o)
                0x080038c4                daisy::SaiHandle::Impl::InitPins()
 .text.HAL_SAI_MspInit
                0x0800396c      0x164 ../../libDaisy//build\libdaisy.a(sai.o)
                0x0800396c                HAL_SAI_MspInit
 .text.DMA1_Stream0_IRQHandler
                0x08003ad0        0xc ../../libDaisy//build\libdaisy.a(sai.o)
                0x08003ad0                DMA1_Stream0_IRQHandler
 .text.DMA1_Stream1_IRQHandler
                0x08003adc        0xc ../../libDaisy//build\libdaisy.a(sai.o)
                0x08003adc                DMA1_Stream1_IRQHandler
 .text.DMA1_Stream3_IRQHandler
                0x08003ae8        0xc ../../libDaisy//build\libdaisy.a(sai.o)
                0x08003ae8                DMA1_Stream3_IRQHandler
 .text.DMA1_Stream4_IRQHandler
                0x08003af4        0xc ../../libDaisy//build\libdaisy.a(sai.o)
                0x08003af4                DMA1_Stream4_IRQHandler
 .text.HAL_SAI_RxHalfCpltCallback
                0x08003b00       0x78 ../../libDaisy//build\libdaisy.a(sai.o)
                0x08003b00                HAL_SAI_RxHalfCpltCallback
 .text.HAL_SAI_RxCpltCallback
                0x08003b78       0x70 ../../libDaisy//build\libdaisy.a(sai.o)
                0x08003b78                HAL_SAI_RxCpltCallback
 .text._ZN5daisy9SaiHandle4InitERKNS0_6ConfigE
                0x08003be8      0x1f0 ../../libDaisy//build\libdaisy.a(sai.o)
                0x08003be8                daisy::SaiHandle::Init(daisy::SaiHandle::Config const&)
 .text._ZNK5daisy9SaiHandle9GetConfigEv
                0x08003dd8        0x4 ../../libDaisy//build\libdaisy.a(sai.o)
                0x08003dd8                daisy::SaiHandle::GetConfig() const
 .text._ZN5daisy9SaiHandle8StartDmaEPlS1_jPFvS1_S1_jE
                0x08003ddc       0xbc ../../libDaisy//build\libdaisy.a(sai.o)
                0x08003ddc                daisy::SaiHandle::StartDma(long*, long*, unsigned int, void (*)(long*, long*, unsigned int))
 .text._ZN5daisy9SaiHandle13GetSampleRateEv
                0x08003e98       0x24 ../../libDaisy//build\libdaisy.a(sai.o)
                0x08003e98                daisy::SaiHandle::GetSampleRate()
 .text._ZNK5daisy9SaiHandle9GetOffsetEv
                0x08003ebc        0x8 ../../libDaisy//build\libdaisy.a(sai.o)
                0x08003ebc                daisy::SaiHandle::GetOffset() const
 .text._ZN5daisy11TimerHandleD2Ev
                0x08003ec4        0x4 ../../libDaisy//build\libdaisy.a(system.o)
                0x08003ec4                daisy::TimerHandle::~TimerHandle()
                0x08003ec4                daisy::TimerHandle::~TimerHandle()
 .text.SysTick_Handler
                0x08003ec8       0x10 ../../libDaisy//build\libdaisy.a(system.o)
                0x08003ec8                SysTick_Handler
 .text.OTG_HS_EP1_OUT_IRQHandler
                0x08003ed8       0x24 ../../libDaisy//build\libdaisy.a(system.o)
                0x08003ed8                OTG_HS_EP1_OUT_IRQHandler
 .text.OTG_HS_EP1_IN_IRQHandler
                0x08003efc       0x24 ../../libDaisy//build\libdaisy.a(system.o)
                0x08003efc                OTG_HS_EP1_IN_IRQHandler
 .text.OTG_HS_IRQHandler
                0x08003f20       0x24 ../../libDaisy//build\libdaisy.a(system.o)
                0x08003f20                OTG_HS_IRQHandler
 .text.HardFault_Handler
                0x08003f44       0xe0 ../../libDaisy//build\libdaisy.a(system.o)
                0x08003f44                HardFault_Handler
 .text._ZN5daisy6System6GetNowEv
                0x08004024        0x4 ../../libDaisy//build\libdaisy.a(system.o)
                0x08004024                daisy::System::GetNow()
 .text._ZN5daisy6System5DelayEm
                0x08004028        0x4 ../../libDaisy//build\libdaisy.a(system.o)
                0x08004028                daisy::System::Delay(unsigned long)
 .text._ZN5daisy6System15ConfigureClocksEv
                0x0800402c      0x194 ../../libDaisy//build\libdaisy.a(system.o)
                0x0800402c                daisy::System::ConfigureClocks()
 .text._ZN5daisy6System4InitERKNS0_6ConfigE
                0x080041c0      0x140 ../../libDaisy//build\libdaisy.a(system.o)
                0x080041c0                daisy::System::Init(daisy::System::Config const&)
 .text._ZN5daisy6System12GetPClk1FreqEv
                0x08004300        0x4 ../../libDaisy//build\libdaisy.a(system.o)
                0x08004300                daisy::System::GetPClk1Freq()
 .text._ZN5daisy6System12GetPClk2FreqEv
                0x08004304        0x4 ../../libDaisy//build\libdaisy.a(system.o)
                0x08004304                daisy::System::GetPClk2Freq()
 .text._ZN5daisy6System22GetProgramMemoryRegionEv
                0x08004308       0x78 ../../libDaisy//build\libdaisy.a(system.o)
                0x08004308                daisy::System::GetProgramMemoryRegion()
 .text.startup._GLOBAL__sub_I_SysTick_Handler
                0x08004380       0x1c ../../libDaisy//build\libdaisy.a(system.o)
 .text.SystemInit
                0x0800439c       0x9c ../../libDaisy//build\libdaisy.a(system_stm32h7xx.o)
                0x0800439c                SystemInit
 .text.HAL_PCD_SetupStageCallback
                0x08004438        0xc ../../libDaisy//build\libdaisy.a(usbd_conf.o)
                0x08004438                HAL_PCD_SetupStageCallback
 .text.HAL_PCD_DataOutStageCallback
                0x08004444       0x14 ../../libDaisy//build\libdaisy.a(usbd_conf.o)
                0x08004444                HAL_PCD_DataOutStageCallback
 .text.HAL_PCD_DataInStageCallback
                0x08004458       0x14 ../../libDaisy//build\libdaisy.a(usbd_conf.o)
                0x08004458                HAL_PCD_DataInStageCallback
 .text.HAL_PCD_SOFCallback
                0x0800446c        0x8 ../../libDaisy//build\libdaisy.a(usbd_conf.o)
                0x0800446c                HAL_PCD_SOFCallback
 .text.HAL_PCD_ResetCallback
                0x08004474       0x24 ../../libDaisy//build\libdaisy.a(usbd_conf.o)
                0x08004474                HAL_PCD_ResetCallback
 .text.HAL_PCD_SuspendCallback
                0x08004498       0x30 ../../libDaisy//build\libdaisy.a(usbd_conf.o)
                0x08004498                HAL_PCD_SuspendCallback
 .text.HAL_PCD_ResumeCallback
                0x080044c8        0x8 ../../libDaisy//build\libdaisy.a(usbd_conf.o)
                0x080044c8                HAL_PCD_ResumeCallback
 .text.HAL_PCD_ISOOUTIncompleteCallback
                0x080044d0        0x8 ../../libDaisy//build\libdaisy.a(usbd_conf.o)
                0x080044d0                HAL_PCD_ISOOUTIncompleteCallback
 .text.HAL_PCD_ISOINIncompleteCallback
                0x080044d8        0x8 ../../libDaisy//build\libdaisy.a(usbd_conf.o)
                0x080044d8                HAL_PCD_ISOINIncompleteCallback
 .text.HAL_PCD_ConnectCallback
                0x080044e0        0x8 ../../libDaisy//build\libdaisy.a(usbd_conf.o)
                0x080044e0                HAL_PCD_ConnectCallback
 .text.HAL_PCD_DisconnectCallback
                0x080044e8        0x8 ../../libDaisy//build\libdaisy.a(usbd_conf.o)
                0x080044e8                HAL_PCD_DisconnectCallback
 .text.USBD_LL_OpenEP
                0x080044f0       0x24 ../../libDaisy//build\libdaisy.a(usbd_conf.o)
                0x080044f0                USBD_LL_OpenEP
 .text.USBD_LL_StallEP
                0x08004514       0x1c ../../libDaisy//build\libdaisy.a(usbd_conf.o)
                0x08004514                USBD_LL_StallEP
 .text.USBD_LL_ClearStallEP
                0x08004530       0x1c ../../libDaisy//build\libdaisy.a(usbd_conf.o)
                0x08004530                USBD_LL_ClearStallEP
 .text.USBD_LL_IsStallEP
                0x0800454c       0x28 ../../libDaisy//build\libdaisy.a(usbd_conf.o)
                0x0800454c                USBD_LL_IsStallEP
 .text.USBD_LL_SetUSBAddress
                0x08004574       0x1c ../../libDaisy//build\libdaisy.a(usbd_conf.o)
                0x08004574                USBD_LL_SetUSBAddress
 .text.USBD_LL_Transmit
                0x08004590       0x1c ../../libDaisy//build\libdaisy.a(usbd_conf.o)
                0x08004590                USBD_LL_Transmit
 .text.USBD_LL_PrepareReceive
                0x080045ac       0x1c ../../libDaisy//build\libdaisy.a(usbd_conf.o)
                0x080045ac                USBD_LL_PrepareReceive
 .text.HAL_HCD_SOF_Callback
                0x080045c8        0x8 ../../libDaisy//build\libdaisy.a(usbh_conf.o)
                0x080045c8                HAL_HCD_SOF_Callback
 .text.HAL_HCD_Connect_Callback
                0x080045d0        0x8 ../../libDaisy//build\libdaisy.a(usbh_conf.o)
                0x080045d0                HAL_HCD_Connect_Callback
 .text.HAL_HCD_Disconnect_Callback
                0x080045d8        0x8 ../../libDaisy//build\libdaisy.a(usbh_conf.o)
                0x080045d8                HAL_HCD_Disconnect_Callback
 .text.HAL_HCD_HC_NotifyURBChange_Callback
                0x080045e0        0x4 ../../libDaisy//build\libdaisy.a(usbh_conf.o)
                0x080045e0                HAL_HCD_HC_NotifyURBChange_Callback
 .text.HAL_HCD_PortEnabled_Callback
                0x080045e4        0x8 ../../libDaisy//build\libdaisy.a(usbh_conf.o)
                0x080045e4                HAL_HCD_PortEnabled_Callback
 .text.HAL_HCD_PortDisabled_Callback
                0x080045ec        0x8 ../../libDaisy//build\libdaisy.a(usbh_conf.o)
                0x080045ec                HAL_HCD_PortDisabled_Callback
 .text.USBH_LL_Stop
                0x080045f4       0x1c ../../libDaisy//build\libdaisy.a(usbh_conf.o)
                0x080045f4                USBH_LL_Stop
 .text.dsy_hal_map_get_port
                0x08004610       0x10 ../../libDaisy//build\libdaisy.a(hal_map.o)
                0x08004610                dsy_hal_map_get_port
 .text.dsy_hal_map_get_pin
                0x08004620       0x10 ../../libDaisy//build\libdaisy.a(hal_map.o)
                0x08004620                dsy_hal_map_get_pin
 .text.dsy_hal_map_gpio_clk_enable
                0x08004630      0x150 ../../libDaisy//build\libdaisy.a(hal_map.o)
                0x08004630                dsy_hal_map_gpio_clk_enable
 .text.HAL_MspInit
                0x08004780        0x4 ../../libDaisy//build\libdaisy.a(stm32h7xx_hal.o)
                0x08004780                HAL_MspInit
 .text.HAL_InitTick
                0x08004784       0x4c ../../libDaisy//build\libdaisy.a(stm32h7xx_hal.o)
                0x08004784                HAL_InitTick
 .text.HAL_Init
                0x080047d0       0x60 ../../libDaisy//build\libdaisy.a(stm32h7xx_hal.o)
                0x080047d0                HAL_Init
 .text.HAL_IncTick
                0x08004830       0x18 ../../libDaisy//build\libdaisy.a(stm32h7xx_hal.o)
                0x08004830                HAL_IncTick
 .text.HAL_GetTick
                0x08004848        0xc ../../libDaisy//build\libdaisy.a(stm32h7xx_hal.o)
                0x08004848                HAL_GetTick
 .text.HAL_Delay
                0x08004854       0x24 ../../libDaisy//build\libdaisy.a(stm32h7xx_hal.o)
                0x08004854                HAL_Delay
 .text.HAL_GetREVID
                0x08004878        0xc ../../libDaisy//build\libdaisy.a(stm32h7xx_hal.o)
                0x08004878                HAL_GetREVID
 .text.HAL_ADC_ConvHalfCpltCallback
                0x08004884        0x4 ../../libDaisy//build\libdaisy.a(stm32h7xx_hal_adc.o)
                0x08004884                HAL_ADC_ConvHalfCpltCallback
 .text.ADC_DMAHalfConvCplt
                0x08004888        0xc ../../libDaisy//build\libdaisy.a(stm32h7xx_hal_adc.o)
                0x08004888                ADC_DMAHalfConvCplt
 .text.ADC_DMAConvCplt
                0x08004894       0x6c ../../libDaisy//build\libdaisy.a(stm32h7xx_hal_adc.o)
                0x08004894                ADC_DMAConvCplt
 .text.ADC_DMAError
                0x08004900       0x1c ../../libDaisy//build\libdaisy.a(stm32h7xx_hal_adc.o)
                0x08004900                ADC_DMAError
 .text.HAL_ADC_ConfigChannel
                0x0800491c      0x3fc ../../libDaisy//build\libdaisy.a(stm32h7xx_hal_adc.o)
                0x0800491c                HAL_ADC_ConfigChannel
 .text.ADC_Enable
                0x08004d18       0xac ../../libDaisy//build\libdaisy.a(stm32h7xx_hal_adc.o)
                0x08004d18                ADC_Enable
 .text.HAL_ADC_Start_DMA
                0x08004dc4      0x114 ../../libDaisy//build\libdaisy.a(stm32h7xx_hal_adc.o)
                0x08004dc4                HAL_ADC_Start_DMA
 .text.ADC_Disable
                0x08004ed8       0x68 ../../libDaisy//build\libdaisy.a(stm32h7xx_hal_adc.o)
                0x08004ed8                ADC_Disable
 .text.ADC_ConfigureBoostMode
                0x08004f40      0x184 ../../libDaisy//build\libdaisy.a(stm32h7xx_hal_adc.o)
                0x08004f40                ADC_ConfigureBoostMode
 .text.HAL_ADC_Init
                0x080050c4      0x218 ../../libDaisy//build\libdaisy.a(stm32h7xx_hal_adc.o)
                0x080050c4                HAL_ADC_Init
 .text.HAL_ADCEx_Calibration_Start
                0x080052dc       0xa4 ../../libDaisy//build\libdaisy.a(stm32h7xx_hal_adc_ex.o)
                0x080052dc                HAL_ADCEx_Calibration_Start
 .text.HAL_ADCEx_MultiModeConfigChannel
                0x08005380       0xc4 ../../libDaisy//build\libdaisy.a(stm32h7xx_hal_adc_ex.o)
                0x08005380                HAL_ADCEx_MultiModeConfigChannel
 .text.HAL_NVIC_SetPriorityGrouping
                0x08005444       0x24 ../../libDaisy//build\libdaisy.a(stm32h7xx_hal_cortex.o)
                0x08005444                HAL_NVIC_SetPriorityGrouping
 .text.HAL_NVIC_SetPriority
                0x08005468       0x7c ../../libDaisy//build\libdaisy.a(stm32h7xx_hal_cortex.o)
                0x08005468                HAL_NVIC_SetPriority
 .text.HAL_NVIC_EnableIRQ
                0x080054e4       0x1c ../../libDaisy//build\libdaisy.a(stm32h7xx_hal_cortex.o)
                0x080054e4                HAL_NVIC_EnableIRQ
 .text.HAL_NVIC_DisableIRQ
                0x08005500       0x28 ../../libDaisy//build\libdaisy.a(stm32h7xx_hal_cortex.o)
                0x08005500                HAL_NVIC_DisableIRQ
 .text.HAL_SYSTICK_Config
                0x08005528       0x2c ../../libDaisy//build\libdaisy.a(stm32h7xx_hal_cortex.o)
                0x08005528                HAL_SYSTICK_Config
 .text.HAL_MPU_Disable
                0x08005554       0x1c ../../libDaisy//build\libdaisy.a(stm32h7xx_hal_cortex.o)
                0x08005554                HAL_MPU_Disable
 .text.HAL_MPU_Enable
                0x08005570       0x20 ../../libDaisy//build\libdaisy.a(stm32h7xx_hal_cortex.o)
                0x08005570                HAL_MPU_Enable
 .text.HAL_MPU_ConfigRegion
                0x08005590       0x64 ../../libDaisy//build\libdaisy.a(stm32h7xx_hal_cortex.o)
                0x08005590                HAL_MPU_ConfigRegion
 .text.HAL_SYSTICK_Callback
                0x080055f4        0x4 ../../libDaisy//build\libdaisy.a(stm32h7xx_hal_cortex.o)
                0x080055f4                HAL_SYSTICK_Callback
 .text.HAL_SYSTICK_IRQHandler
                0x080055f8        0x8 ../../libDaisy//build\libdaisy.a(stm32h7xx_hal_cortex.o)
                0x080055f8                HAL_SYSTICK_IRQHandler
 .text.HAL_DAC_Init
                0x08005600       0x2c ../../libDaisy//build\libdaisy.a(stm32h7xx_hal_dac.o)
                0x08005600                HAL_DAC_Init
 .text.HAL_DAC_Start_DMA
                0x0800562c      0x118 ../../libDaisy//build\libdaisy.a(stm32h7xx_hal_dac.o)
                0x0800562c                HAL_DAC_Start_DMA
 .text.HAL_DAC_Stop_DMA
                0x08005744       0x5c ../../libDaisy//build\libdaisy.a(stm32h7xx_hal_dac.o)
                0x08005744                HAL_DAC_Stop_DMA
 .text.DAC_DMAConvCpltCh1
                0x080057a0       0x10 ../../libDaisy//build\libdaisy.a(stm32h7xx_hal_dac.o)
 .text.DAC_DMAHalfConvCpltCh1
                0x080057b0        0xc ../../libDaisy//build\libdaisy.a(stm32h7xx_hal_dac.o)
 .text.HAL_DAC_ErrorCallbackCh1
                0x080057bc        0x4 ../../libDaisy//build\libdaisy.a(stm32h7xx_hal_dac.o)
                0x080057bc                HAL_DAC_ErrorCallbackCh1
 .text.DAC_DMAErrorCh1
                0x080057c0       0x18 ../../libDaisy//build\libdaisy.a(stm32h7xx_hal_dac.o)
 .text.HAL_DAC_DMAUnderrunCallbackCh1
                0x080057d8        0x4 ../../libDaisy//build\libdaisy.a(stm32h7xx_hal_dac.o)
                0x080057d8                HAL_DAC_DMAUnderrunCallbackCh1
 .text.HAL_DAC_IRQHandler
                0x080057dc       0x68 ../../libDaisy//build\libdaisy.a(stm32h7xx_hal_dac.o)
                0x080057dc                HAL_DAC_IRQHandler
 .text.HAL_DAC_ConfigChannel
                0x08005844      0x130 ../../libDaisy//build\libdaisy.a(stm32h7xx_hal_dac.o)
                0x08005844                HAL_DAC_ConfigChannel
 .text.HAL_DACEx_ErrorCallbackCh2
                0x08005974        0x4 ../../libDaisy//build\libdaisy.a(stm32h7xx_hal_dac_ex.o)
                0x08005974                HAL_DACEx_ErrorCallbackCh2
 .text.HAL_DACEx_DMAUnderrunCallbackCh2
                0x08005978        0x4 ../../libDaisy//build\libdaisy.a(stm32h7xx_hal_dac_ex.o)
                0x08005978                HAL_DACEx_DMAUnderrunCallbackCh2
 .text.DAC_DMAConvCpltCh2
                0x0800597c       0x10 ../../libDaisy//build\libdaisy.a(stm32h7xx_hal_dac_ex.o)
                0x0800597c                DAC_DMAConvCpltCh2
 .text.DAC_DMAHalfConvCpltCh2
                0x0800598c        0xc ../../libDaisy//build\libdaisy.a(stm32h7xx_hal_dac_ex.o)
                0x0800598c                DAC_DMAHalfConvCpltCh2
 .text.DAC_DMAErrorCh2
                0x08005998       0x18 ../../libDaisy//build\libdaisy.a(stm32h7xx_hal_dac_ex.o)
                0x08005998                DAC_DMAErrorCh2
 .text.DMA_CalcBaseAndBitshift
                0x080059b0       0xf4 ../../libDaisy//build\libdaisy.a(stm32h7xx_hal_dma.o)
 .text.DMA_CalcDMAMUXChannelBaseAndMask
                0x08005aa4       0xd8 ../../libDaisy//build\libdaisy.a(stm32h7xx_hal_dma.o)
 .text.HAL_DMA_Init
                0x08005b7c      0x37c ../../libDaisy//build\libdaisy.a(stm32h7xx_hal_dma.o)
                0x08005b7c                HAL_DMA_Init
 .text.HAL_DMA_Start_IT
                0x08005ef8      0x240 ../../libDaisy//build\libdaisy.a(stm32h7xx_hal_dma.o)
                0x08005ef8                HAL_DMA_Start_IT
 .text.HAL_DMA_Abort
                0x08006138      0x21c ../../libDaisy//build\libdaisy.a(stm32h7xx_hal_dma.o)
                0x08006138                HAL_DMA_Abort
 .text.HAL_DMA_Abort_IT
                0x08006354      0x134 ../../libDaisy//build\libdaisy.a(stm32h7xx_hal_dma.o)
                0x08006354                HAL_DMA_Abort_IT
 .text.HAL_DMA_IRQHandler
                0x08006488      0x6a0 ../../libDaisy//build\libdaisy.a(stm32h7xx_hal_dma.o)
                0x08006488                HAL_DMA_IRQHandler
 .text.HAL_DMA_GetError
                0x08006b28        0x4 ../../libDaisy//build\libdaisy.a(stm32h7xx_hal_dma.o)
                0x08006b28                HAL_DMA_GetError
 .text.HAL_GPIO_Init
                0x08006b2c      0x280 ../../libDaisy//build\libdaisy.a(stm32h7xx_hal_gpio.o)
                0x08006b2c                HAL_GPIO_Init
 .text.HAL_GPIO_DeInit
                0x08006dac      0x190 ../../libDaisy//build\libdaisy.a(stm32h7xx_hal_gpio.o)
                0x08006dac                HAL_GPIO_DeInit
 .text.HAL_GPIO_ReadPin
                0x08006f3c        0xc ../../libDaisy//build\libdaisy.a(stm32h7xx_hal_gpio.o)
                0x08006f3c                HAL_GPIO_ReadPin
 .text.HAL_GPIO_WritePin
                0x08006f48        0x8 ../../libDaisy//build\libdaisy.a(stm32h7xx_hal_gpio.o)
                0x08006f48                HAL_GPIO_WritePin
 .text.HAL_HCD_IRQHandler
                0x08006f50      0x780 ../../libDaisy//build\libdaisy.a(stm32h7xx_hal_hcd.o)
                0x08006f50                HAL_HCD_IRQHandler
 .text.HAL_HCD_Stop
                0x080076d0       0x28 ../../libDaisy//build\libdaisy.a(stm32h7xx_hal_hcd.o)
                0x080076d0                HAL_HCD_Stop
 .text.I2C_WaitOnTXISFlagUntilTimeout
                0x080076f8       0xb8 ../../libDaisy//build\libdaisy.a(stm32h7xx_hal_i2c.o)
 .text.I2C_WaitOnSTOPFlagUntilTimeout
                0x080077b0       0xac ../../libDaisy//build\libdaisy.a(stm32h7xx_hal_i2c.o)
 .text.HAL_I2C_Init
                0x0800785c       0xac ../../libDaisy//build\libdaisy.a(stm32h7xx_hal_i2c.o)
                0x0800785c                HAL_I2C_Init
 .text.HAL_I2C_Mem_Write
                0x08007908      0x254 ../../libDaisy//build\libdaisy.a(stm32h7xx_hal_i2c.o)
                0x08007908                HAL_I2C_Mem_Write
 .text.HAL_I2C_Mem_Read
                0x08007b5c      0x29c ../../libDaisy//build\libdaisy.a(stm32h7xx_hal_i2c.o)
                0x08007b5c                HAL_I2C_Mem_Read
 .text.HAL_I2C_EV_IRQHandler
                0x08007df8       0x10 ../../libDaisy//build\libdaisy.a(stm32h7xx_hal_i2c.o)
                0x08007df8                HAL_I2C_EV_IRQHandler
 .text.HAL_I2C_GetState
                0x08007e08        0x8 ../../libDaisy//build\libdaisy.a(stm32h7xx_hal_i2c.o)
                0x08007e08                HAL_I2C_GetState
 .text.HAL_I2CEx_ConfigAnalogFilter
                0x08007e10       0x54 ../../libDaisy//build\libdaisy.a(stm32h7xx_hal_i2c_ex.o)
                0x08007e10                HAL_I2CEx_ConfigAnalogFilter
 .text.HAL_I2CEx_ConfigDigitalFilter
                0x08007e64       0x58 ../../libDaisy//build\libdaisy.a(stm32h7xx_hal_i2c_ex.o)
                0x08007e64                HAL_I2CEx_ConfigDigitalFilter
 .text.HAL_PCD_IRQHandler
                0x08007ebc      0x69c ../../libDaisy//build\libdaisy.a(stm32h7xx_hal_pcd.o)
                0x08007ebc                HAL_PCD_IRQHandler
 .text.HAL_PCD_SetAddress
                0x08008558       0x2c ../../libDaisy//build\libdaisy.a(stm32h7xx_hal_pcd.o)
                0x08008558                HAL_PCD_SetAddress
 .text.HAL_PCD_EP_Open
                0x08008584       0x7c ../../libDaisy//build\libdaisy.a(stm32h7xx_hal_pcd.o)
                0x08008584                HAL_PCD_EP_Open
 .text.HAL_PCD_EP_Receive
                0x08008600       0x50 ../../libDaisy//build\libdaisy.a(stm32h7xx_hal_pcd.o)
                0x08008600                HAL_PCD_EP_Receive
 .text.HAL_PCD_EP_Transmit
                0x08008650       0x50 ../../libDaisy//build\libdaisy.a(stm32h7xx_hal_pcd.o)
                0x08008650                HAL_PCD_EP_Transmit
 .text.HAL_PCD_EP_SetStall
                0x080086a0       0x88 ../../libDaisy//build\libdaisy.a(stm32h7xx_hal_pcd.o)
                0x080086a0                HAL_PCD_EP_SetStall
 .text.HAL_PCD_EP_ClrStall
                0x08008728       0x78 ../../libDaisy//build\libdaisy.a(stm32h7xx_hal_pcd.o)
                0x08008728                HAL_PCD_EP_ClrStall
 .text.HAL_PCDEx_LPM_Callback
                0x080087a0        0x4 ../../libDaisy//build\libdaisy.a(stm32h7xx_hal_pcd_ex.o)
                0x080087a0                HAL_PCDEx_LPM_Callback
 .text.HAL_PWREx_ConfigSupply
                0x080087a4       0x4c ../../libDaisy//build\libdaisy.a(stm32h7xx_hal_pwr_ex.o)
                0x080087a4                HAL_PWREx_ConfigSupply
 .text.HAL_PWREx_EnableUSBVoltageDetector
                0x080087f0       0x10 ../../libDaisy//build\libdaisy.a(stm32h7xx_hal_pwr_ex.o)
                0x080087f0                HAL_PWREx_EnableUSBVoltageDetector
 .text.QSPI_Config
                0x08008800      0x174 ../../libDaisy//build\libdaisy.a(stm32h7xx_hal_qspi.o)
 .text.HAL_QSPI_Init
                0x08008974       0xd8 ../../libDaisy//build\libdaisy.a(stm32h7xx_hal_qspi.o)
                0x08008974                HAL_QSPI_Init
 .text.HAL_QSPI_DeInit
                0x08008a4c       0x3c ../../libDaisy//build\libdaisy.a(stm32h7xx_hal_qspi.o)
                0x08008a4c                HAL_QSPI_DeInit
 .text.HAL_QSPI_Command
                0x08008a88       0xd4 ../../libDaisy//build\libdaisy.a(stm32h7xx_hal_qspi.o)
                0x08008a88                HAL_QSPI_Command
 .text.HAL_QSPI_Transmit
                0x08008b5c       0xfc ../../libDaisy//build\libdaisy.a(stm32h7xx_hal_qspi.o)
                0x08008b5c                HAL_QSPI_Transmit
 .text.HAL_QSPI_Receive
                0x08008c58      0x108 ../../libDaisy//build\libdaisy.a(stm32h7xx_hal_qspi.o)
                0x08008c58                HAL_QSPI_Receive
 .text.HAL_QSPI_AutoPolling
                0x08008d60       0xf0 ../../libDaisy//build\libdaisy.a(stm32h7xx_hal_qspi.o)
                0x08008d60                HAL_QSPI_AutoPolling
 .text.HAL_QSPI_MemoryMapped
                0x08008e50       0xc0 ../../libDaisy//build\libdaisy.a(stm32h7xx_hal_qspi.o)
                0x08008e50                HAL_QSPI_MemoryMapped
 .text.HAL_QSPI_ErrorCallback
                0x08008f10        0x4 ../../libDaisy//build\libdaisy.a(stm32h7xx_hal_qspi.o)
                0x08008f10                HAL_QSPI_ErrorCallback
 .text.QSPI_DMAAbortCplt
                0x08008f14       0x38 ../../libDaisy//build\libdaisy.a(stm32h7xx_hal_qspi.o)
 .text.HAL_QSPI_AbortCpltCallback
                0x08008f4c        0x4 ../../libDaisy//build\libdaisy.a(stm32h7xx_hal_qspi.o)
                0x08008f4c                HAL_QSPI_AbortCpltCallback
 .text.HAL_QSPI_CmdCpltCallback
                0x08008f50        0x4 ../../libDaisy//build\libdaisy.a(stm32h7xx_hal_qspi.o)
                0x08008f50                HAL_QSPI_CmdCpltCallback
 .text.HAL_QSPI_RxCpltCallback
                0x08008f54        0x4 ../../libDaisy//build\libdaisy.a(stm32h7xx_hal_qspi.o)
                0x08008f54                HAL_QSPI_RxCpltCallback
 .text.HAL_QSPI_TxCpltCallback
                0x08008f58        0x4 ../../libDaisy//build\libdaisy.a(stm32h7xx_hal_qspi.o)
                0x08008f58                HAL_QSPI_TxCpltCallback
 .text.HAL_QSPI_FifoThresholdCallback
                0x08008f5c        0x4 ../../libDaisy//build\libdaisy.a(stm32h7xx_hal_qspi.o)
                0x08008f5c                HAL_QSPI_FifoThresholdCallback
 .text.HAL_QSPI_StatusMatchCallback
                0x08008f60        0x4 ../../libDaisy//build\libdaisy.a(stm32h7xx_hal_qspi.o)
                0x08008f60                HAL_QSPI_StatusMatchCallback
 .text.HAL_QSPI_TimeOutCallback
                0x08008f64        0x4 ../../libDaisy//build\libdaisy.a(stm32h7xx_hal_qspi.o)
                0x08008f64                HAL_QSPI_TimeOutCallback
 .text.HAL_QSPI_IRQHandler
                0x08008f68      0x210 ../../libDaisy//build\libdaisy.a(stm32h7xx_hal_qspi.o)
                0x08008f68                HAL_QSPI_IRQHandler
 .text.HAL_RCC_OscConfig
                0x08009178      0x51c ../../libDaisy//build\libdaisy.a(stm32h7xx_hal_rcc.o)
                0x08009178                HAL_RCC_OscConfig
 .text.HAL_RCC_GetSysClockFreq
                0x08009694      0x140 ../../libDaisy//build\libdaisy.a(stm32h7xx_hal_rcc.o)
                0x08009694                HAL_RCC_GetSysClockFreq
 .text.HAL_RCC_ClockConfig
                0x080097d4      0x234 ../../libDaisy//build\libdaisy.a(stm32h7xx_hal_rcc.o)
                0x080097d4                HAL_RCC_ClockConfig
 .text.HAL_RCC_GetHCLKFreq
                0x08009a08       0x2c ../../libDaisy//build\libdaisy.a(stm32h7xx_hal_rcc.o)
                0x08009a08                HAL_RCC_GetHCLKFreq
 .text.HAL_RCC_GetPCLK1Freq
                0x08009a34       0x38 ../../libDaisy//build\libdaisy.a(stm32h7xx_hal_rcc.o)
                0x08009a34                HAL_RCC_GetPCLK1Freq
 .text.HAL_RCC_GetPCLK2Freq
                0x08009a6c       0x38 ../../libDaisy//build\libdaisy.a(stm32h7xx_hal_rcc.o)
                0x08009a6c                HAL_RCC_GetPCLK2Freq
 .text.RCCEx_PLL2_Config
                0x08009aa4       0xf4 ../../libDaisy//build\libdaisy.a(stm32h7xx_hal_rcc_ex.o)
 .text.RCCEx_PLL3_Config
                0x08009b98       0xf4 ../../libDaisy//build\libdaisy.a(stm32h7xx_hal_rcc_ex.o)
 .text.HAL_RCCEx_PeriphCLKConfig
                0x08009c8c      0xa7c ../../libDaisy//build\libdaisy.a(stm32h7xx_hal_rcc_ex.o)
                0x08009c8c                HAL_RCCEx_PeriphCLKConfig
 .text.HAL_RCCEx_GetD3PCLK1Freq
                0x0800a708       0x24 ../../libDaisy//build\libdaisy.a(stm32h7xx_hal_rcc_ex.o)
                0x0800a708                HAL_RCCEx_GetD3PCLK1Freq
 .text.HAL_RCCEx_GetPLL2ClockFreq
                0x0800a72c      0x17c ../../libDaisy//build\libdaisy.a(stm32h7xx_hal_rcc_ex.o)
                0x0800a72c                HAL_RCCEx_GetPLL2ClockFreq
 .text.HAL_RCCEx_GetPLL3ClockFreq
                0x0800a8a8      0x17c ../../libDaisy//build\libdaisy.a(stm32h7xx_hal_rcc_ex.o)
                0x0800a8a8                HAL_RCCEx_GetPLL3ClockFreq
 .text.HAL_RCCEx_GetPLL1ClockFreq
                0x0800aa24      0x17c ../../libDaisy//build\libdaisy.a(stm32h7xx_hal_rcc_ex.o)
                0x0800aa24                HAL_RCCEx_GetPLL1ClockFreq
 .text.HAL_RCCEx_GetPeriphCLKFreq
                0x0800aba0      0x198 ../../libDaisy//build\libdaisy.a(stm32h7xx_hal_rcc_ex.o)
                0x0800aba0                HAL_RCCEx_GetPeriphCLKFreq
 .text.HAL_RCCEx_GetD1SysClockFreq
                0x0800ad38       0x2c ../../libDaisy//build\libdaisy.a(stm32h7xx_hal_rcc_ex.o)
                0x0800ad38                HAL_RCCEx_GetD1SysClockFreq
 .text.HAL_SAI_Init.part.0
                0x0800ad64      0x348 ../../libDaisy//build\libdaisy.a(stm32h7xx_hal_sai.o)
 .text.HAL_SAI_InitProtocol
                0x0800b0ac      0x178 ../../libDaisy//build\libdaisy.a(stm32h7xx_hal_sai.o)
                0x0800b0ac                HAL_SAI_InitProtocol
 .text.HAL_SAI_Transmit_DMA
                0x0800b224      0x124 ../../libDaisy//build\libdaisy.a(stm32h7xx_hal_sai.o)
                0x0800b224                HAL_SAI_Transmit_DMA
 .text.HAL_SAI_Receive_DMA
                0x0800b348       0xd0 ../../libDaisy//build\libdaisy.a(stm32h7xx_hal_sai.o)
                0x0800b348                HAL_SAI_Receive_DMA
 .text.HAL_SAI_TxCpltCallback
                0x0800b418        0x4 ../../libDaisy//build\libdaisy.a(stm32h7xx_hal_sai.o)
                0x0800b418                HAL_SAI_TxCpltCallback
 .text.SAI_DMATxCplt
                0x0800b41c       0x64 ../../libDaisy//build\libdaisy.a(stm32h7xx_hal_sai.o)
 .text.HAL_SAI_TxHalfCpltCallback
                0x0800b480        0x4 ../../libDaisy//build\libdaisy.a(stm32h7xx_hal_sai.o)
                0x0800b480                HAL_SAI_TxHalfCpltCallback
 .text.SAI_DMATxHalfCplt
                0x0800b484        0xc ../../libDaisy//build\libdaisy.a(stm32h7xx_hal_sai.o)
 .text.SAI_DMARxCplt
                0x0800b490       0x64 ../../libDaisy//build\libdaisy.a(stm32h7xx_hal_sai.o)
 .text.SAI_DMARxHalfCplt
                0x0800b4f4        0xc ../../libDaisy//build\libdaisy.a(stm32h7xx_hal_sai.o)
 .text.HAL_SAI_ErrorCallback
                0x0800b500        0x4 ../../libDaisy//build\libdaisy.a(stm32h7xx_hal_sai.o)
                0x0800b500                HAL_SAI_ErrorCallback
 .text.SAI_DMAError
                0x0800b504       0x6c ../../libDaisy//build\libdaisy.a(stm32h7xx_hal_sai.o)
 .text.HAL_SDRAM_Init
                0x0800b570       0x54 ../../libDaisy//build\libdaisy.a(stm32h7xx_hal_sdram.o)
                0x0800b570                HAL_SDRAM_Init
 .text.HAL_SDRAM_SendCommand
                0x0800b5c4       0x40 ../../libDaisy//build\libdaisy.a(stm32h7xx_hal_sdram.o)
                0x0800b5c4                HAL_SDRAM_SendCommand
 .text.HAL_SDRAM_ProgramRefreshRate
                0x0800b604       0x30 ../../libDaisy//build\libdaisy.a(stm32h7xx_hal_sdram.o)
                0x0800b604                HAL_SDRAM_ProgramRefreshRate
 .text.HAL_TIM_Base_Init
                0x0800b634      0x140 ../../libDaisy//build\libdaisy.a(stm32h7xx_hal_tim.o)
                0x0800b634                HAL_TIM_Base_Init
 .text.HAL_TIM_Base_Start
                0x0800b774       0x34 ../../libDaisy//build\libdaisy.a(stm32h7xx_hal_tim.o)
                0x0800b774                HAL_TIM_Base_Start
 .text.HAL_TIM_Base_Start_IT
                0x0800b7a8       0x2c ../../libDaisy//build\libdaisy.a(stm32h7xx_hal_tim.o)
                0x0800b7a8                HAL_TIM_Base_Start_IT
 .text.HAL_TIM_ConfigClockSource
                0x0800b7d4      0x17c ../../libDaisy//build\libdaisy.a(stm32h7xx_hal_tim.o)
                0x0800b7d4                HAL_TIM_ConfigClockSource
 .text.HAL_TIM_OC_DelayElapsedCallback
                0x0800b950        0x4 ../../libDaisy//build\libdaisy.a(stm32h7xx_hal_tim.o)
                0x0800b950                HAL_TIM_OC_DelayElapsedCallback
 .text.HAL_TIM_IC_CaptureCallback
                0x0800b954        0x4 ../../libDaisy//build\libdaisy.a(stm32h7xx_hal_tim.o)
                0x0800b954                HAL_TIM_IC_CaptureCallback
 .text.HAL_TIM_PWM_PulseFinishedCallback
                0x0800b958        0x4 ../../libDaisy//build\libdaisy.a(stm32h7xx_hal_tim.o)
                0x0800b958                HAL_TIM_PWM_PulseFinishedCallback
 .text.HAL_TIM_TriggerCallback
                0x0800b95c        0x4 ../../libDaisy//build\libdaisy.a(stm32h7xx_hal_tim.o)
                0x0800b95c                HAL_TIM_TriggerCallback
 .text.HAL_TIM_IRQHandler
                0x0800b960      0x170 ../../libDaisy//build\libdaisy.a(stm32h7xx_hal_tim.o)
                0x0800b960                HAL_TIM_IRQHandler
 .text.HAL_TIMEx_MasterConfigSynchronization
                0x0800bad0       0x64 ../../libDaisy//build\libdaisy.a(stm32h7xx_hal_tim_ex.o)
                0x0800bad0                HAL_TIMEx_MasterConfigSynchronization
 .text.HAL_TIMEx_CommutCallback
                0x0800bb34        0x4 ../../libDaisy//build\libdaisy.a(stm32h7xx_hal_tim_ex.o)
                0x0800bb34                HAL_TIMEx_CommutCallback
 .text.HAL_TIMEx_BreakCallback
                0x0800bb38        0x4 ../../libDaisy//build\libdaisy.a(stm32h7xx_hal_tim_ex.o)
                0x0800bb38                HAL_TIMEx_BreakCallback
 .text.HAL_TIMEx_Break2Callback
                0x0800bb3c        0x4 ../../libDaisy//build\libdaisy.a(stm32h7xx_hal_tim_ex.o)
                0x0800bb3c                HAL_TIMEx_Break2Callback
 .text.FMC_SDRAM_Init
                0x0800bb40       0x7c ../../libDaisy//build\libdaisy.a(stm32h7xx_ll_fmc.o)
                0x0800bb40                FMC_SDRAM_Init
 .text.FMC_SDRAM_Timing_Init
                0x0800bbbc       0x98 ../../libDaisy//build\libdaisy.a(stm32h7xx_ll_fmc.o)
                0x0800bbbc                FMC_SDRAM_Timing_Init
 .text.FMC_SDRAM_SendCommand
                0x0800bc54       0x28 ../../libDaisy//build\libdaisy.a(stm32h7xx_ll_fmc.o)
                0x0800bc54                FMC_SDRAM_SendCommand
 .text.FMC_SDRAM_ProgramRefreshRate
                0x0800bc7c       0x1c ../../libDaisy//build\libdaisy.a(stm32h7xx_ll_fmc.o)
                0x0800bc7c                FMC_SDRAM_ProgramRefreshRate
 .text.USB_SetTurnaroundTime
                0x0800bc98      0x104 ../../libDaisy//build\libdaisy.a(stm32h7xx_ll_usb.o)
                0x0800bc98                USB_SetTurnaroundTime
 .text.USB_FlushTxFifo
                0x0800bd9c       0x34 ../../libDaisy//build\libdaisy.a(stm32h7xx_ll_usb.o)
                0x0800bd9c                USB_FlushTxFifo
 .text.USB_GetDevSpeed
                0x0800bdd0       0x24 ../../libDaisy//build\libdaisy.a(stm32h7xx_ll_usb.o)
                0x0800bdd0                USB_GetDevSpeed
 .text.USB_ActivateEndpoint
                0x0800bdf4       0x90 ../../libDaisy//build\libdaisy.a(stm32h7xx_ll_usb.o)
                0x0800bdf4                USB_ActivateEndpoint
 .text.USB_EPStartXfer
                0x0800be84      0x230 ../../libDaisy//build\libdaisy.a(stm32h7xx_ll_usb.o)
                0x0800be84                USB_EPStartXfer
 .text.USB_EP0StartXfer
                0x0800c0b4      0x174 ../../libDaisy//build\libdaisy.a(stm32h7xx_ll_usb.o)
                0x0800c0b4                USB_EP0StartXfer
 .text.USB_WritePacket
                0x0800c228       0x2c ../../libDaisy//build\libdaisy.a(stm32h7xx_ll_usb.o)
                0x0800c228                USB_WritePacket
 .text.USB_ReadPacket
                0x0800c254       0x20 ../../libDaisy//build\libdaisy.a(stm32h7xx_ll_usb.o)
                0x0800c254                USB_ReadPacket
 .text.USB_EPSetStall
                0x0800c274       0x68 ../../libDaisy//build\libdaisy.a(stm32h7xx_ll_usb.o)
                0x0800c274                USB_EPSetStall
 .text.USB_EPClearStall
                0x0800c2dc       0x58 ../../libDaisy//build\libdaisy.a(stm32h7xx_ll_usb.o)
                0x0800c2dc                USB_EPClearStall
 .text.USB_SetDevAddress
                0x0800c334       0x24 ../../libDaisy//build\libdaisy.a(stm32h7xx_ll_usb.o)
                0x0800c334                USB_SetDevAddress
 .text.USB_ReadInterrupts
                0x0800c358       0x14 ../../libDaisy//build\libdaisy.a(stm32h7xx_ll_usb.o)
                0x0800c358                USB_ReadInterrupts
 .text.USB_ReadDevAllOutEpInterrupt
                0x0800c36c       0x1c ../../libDaisy//build\libdaisy.a(stm32h7xx_ll_usb.o)
                0x0800c36c                USB_ReadDevAllOutEpInterrupt
 .text.USB_ReadDevAllInEpInterrupt
                0x0800c388       0x1c ../../libDaisy//build\libdaisy.a(stm32h7xx_ll_usb.o)
                0x0800c388                USB_ReadDevAllInEpInterrupt
 .text.USB_ReadDevOutEPInterrupt
                0x0800c3a4       0x1c ../../libDaisy//build\libdaisy.a(stm32h7xx_ll_usb.o)
                0x0800c3a4                USB_ReadDevOutEPInterrupt
 .text.USB_ReadDevInEPInterrupt
                0x0800c3c0       0x38 ../../libDaisy//build\libdaisy.a(stm32h7xx_ll_usb.o)
                0x0800c3c0                USB_ReadDevInEPInterrupt
 .text.USB_GetMode
                0x0800c3f8        0x8 ../../libDaisy//build\libdaisy.a(stm32h7xx_ll_usb.o)
                0x0800c3f8                USB_GetMode
 .text.USB_ActivateSetup
                0x0800c400       0x38 ../../libDaisy//build\libdaisy.a(stm32h7xx_ll_usb.o)
                0x0800c400                USB_ActivateSetup
 .text.USB_EP0_OutStart
                0x0800c438       0x58 ../../libDaisy//build\libdaisy.a(stm32h7xx_ll_usb.o)
                0x0800c438                USB_EP0_OutStart
 .text.USB_InitFSLSPClkSel
                0x0800c490       0x44 ../../libDaisy//build\libdaisy.a(stm32h7xx_ll_usb.o)
                0x0800c490                USB_InitFSLSPClkSel
 .text.USB_HC_ReadInterrupt
                0x0800c4d4        0x8 ../../libDaisy//build\libdaisy.a(stm32h7xx_ll_usb.o)
                0x0800c4d4                USB_HC_ReadInterrupt
 .text.USB_HC_Halt
                0x0800c4dc       0xc0 ../../libDaisy//build\libdaisy.a(stm32h7xx_ll_usb.o)
                0x0800c4dc                USB_HC_Halt
 .text.USB_StopHost
                0x0800c59c      0x2ec ../../libDaisy//build\libdaisy.a(stm32h7xx_ll_usb.o)
                0x0800c59c                USB_StopHost
 .text.USBD_SetClassConfig
                0x0800c888       0x14 ../../libDaisy//build\libdaisy.a(usbd_core.o)
                0x0800c888                USBD_SetClassConfig
 .text.USBD_ClrClassConfig
                0x0800c89c       0x10 ../../libDaisy//build\libdaisy.a(usbd_core.o)
                0x0800c89c                USBD_ClrClassConfig
 .text.USBD_LL_SetupStage
                0x0800c8ac       0x5c ../../libDaisy//build\libdaisy.a(usbd_core.o)
                0x0800c8ac                USBD_LL_SetupStage
 .text.USBD_LL_DataOutStage
                0x0800c908       0x7c ../../libDaisy//build\libdaisy.a(usbd_core.o)
                0x0800c908                USBD_LL_DataOutStage
 .text.USBD_LL_DataInStage
                0x0800c984       0xcc ../../libDaisy//build\libdaisy.a(usbd_core.o)
                0x0800c984                USBD_LL_DataInStage
 .text.USBD_LL_Reset
                0x0800ca50       0x50 ../../libDaisy//build\libdaisy.a(usbd_core.o)
                0x0800ca50                USBD_LL_Reset
 .text.USBD_LL_SetSpeed
                0x0800caa0        0x8 ../../libDaisy//build\libdaisy.a(usbd_core.o)
                0x0800caa0                USBD_LL_SetSpeed
 .text.USBD_LL_Suspend
                0x0800caa8       0x14 ../../libDaisy//build\libdaisy.a(usbd_core.o)
                0x0800caa8                USBD_LL_Suspend
 .text.USBD_LL_Resume
                0x0800cabc       0x10 ../../libDaisy//build\libdaisy.a(usbd_core.o)
                0x0800cabc                USBD_LL_Resume
 .text.USBD_LL_SOF
                0x0800cacc       0x1c ../../libDaisy//build\libdaisy.a(usbd_core.o)
                0x0800cacc                USBD_LL_SOF
 .text.USBD_LL_IsoINIncomplete
                0x0800cae8        0x4 ../../libDaisy//build\libdaisy.a(usbd_core.o)
                0x0800cae8                USBD_LL_IsoINIncomplete
 .text.USBD_LL_IsoOUTIncomplete
                0x0800caec        0x4 ../../libDaisy//build\libdaisy.a(usbd_core.o)
                0x0800caec                USBD_LL_IsoOUTIncomplete
 .text.USBD_LL_DevConnected
                0x0800caf0        0x4 ../../libDaisy//build\libdaisy.a(usbd_core.o)
                0x0800caf0                USBD_LL_DevConnected
 .text.USBD_LL_DevDisconnected
                0x0800caf4       0x18 ../../libDaisy//build\libdaisy.a(usbd_core.o)
                0x0800caf4                USBD_LL_DevDisconnected
 .text.USBD_StdDevReq
                0x0800cb0c      0x304 ../../libDaisy//build\libdaisy.a(usbd_ctlreq.o)
                0x0800cb0c                USBD_StdDevReq
 .text.USBD_StdItfReq
                0x0800ce10       0x68 ../../libDaisy//build\libdaisy.a(usbd_ctlreq.o)
                0x0800ce10                USBD_StdItfReq
 .text.USBD_StdEPReq
                0x0800ce78      0x13c ../../libDaisy//build\libdaisy.a(usbd_ctlreq.o)
                0x0800ce78                USBD_StdEPReq
 .text.USBD_ParseSetupRequest
                0x0800cfb4       0x28 ../../libDaisy//build\libdaisy.a(usbd_ctlreq.o)
                0x0800cfb4                USBD_ParseSetupRequest
 .text.USBD_CtlSendData
                0x0800cfdc       0x1c ../../libDaisy//build\libdaisy.a(usbd_ioreq.o)
                0x0800cfdc                USBD_CtlSendData
 .text.USBD_CtlContinueSendData
                0x0800cff8       0x14 ../../libDaisy//build\libdaisy.a(usbd_ioreq.o)
                0x0800cff8                USBD_CtlContinueSendData
 .text.USBD_CtlContinueRx
                0x0800d00c       0x14 ../../libDaisy//build\libdaisy.a(usbd_ioreq.o)
                0x0800d00c                USBD_CtlContinueRx
 .text.USBD_CtlSendStatus
                0x0800d020       0x18 ../../libDaisy//build\libdaisy.a(usbd_ioreq.o)
                0x0800d020                USBD_CtlSendStatus
 .text.USBD_CtlReceiveStatus
                0x0800d038       0x18 ../../libDaisy//build\libdaisy.a(usbd_ioreq.o)
                0x0800d038                USBD_CtlReceiveStatus
 .text.USBH_LL_IncTimer
                0x0800d050       0x20 ../../libDaisy//build\libdaisy.a(usbh_core.o)
                0x0800d050                USBH_LL_IncTimer
 .text.USBH_LL_PortEnabled
                0x0800d070        0x8 ../../libDaisy//build\libdaisy.a(usbh_core.o)
                0x0800d070                USBH_LL_PortEnabled
 .text.USBH_LL_PortDisabled
                0x0800d078        0x8 ../../libDaisy//build\libdaisy.a(usbh_core.o)
                0x0800d078                USBH_LL_PortDisabled
 .text.USBH_LL_Connect
                0x0800d080       0x18 ../../libDaisy//build\libdaisy.a(usbh_core.o)
                0x0800d080                USBH_LL_Connect
 .text.USBH_LL_Disconnect
                0x0800d098       0x2c ../../libDaisy//build\libdaisy.a(usbh_core.o)
                0x0800d098                USBH_LL_Disconnect
 .text.USBH_FreePipe
                0x0800d0c4       0x18 ../../libDaisy//build\libdaisy.a(usbh_pipes.o)
                0x0800d0c4                USBH_FreePipe
 .text._ZN5daisy6Random4InitEv
                0x0800d0dc       0x3c ../../libDaisy//build\libdaisy.a(rng.o)
                0x0800d0dc                daisy::Random::Init()
 .text._ZN5daisy9SpiHandle4Impl7InitDmaEv
                0x0800d118       0xec ../../libDaisy//build\libdaisy.a(spi.o)
                0x0800d118                daisy::SpiHandle::Impl::InitDma()
 .text._ZN5daisy9SpiHandle4Impl10StartDmaTxEPhjPFvPvEPFvS3_NS0_6ResultEES3_
                0x0800d204       0xc8 ../../libDaisy//build\libdaisy.a(spi.o)
                0x0800d204                daisy::SpiHandle::Impl::StartDmaTx(unsigned char*, unsigned int, void (*)(void*), void (*)(void*, daisy::SpiHandle::Result), void*)
 .text._ZN5daisy9SpiHandle4Impl10StartDmaRxEPhjPFvPvEPFvS3_NS0_6ResultEES3_
                0x0800d2cc       0xc8 ../../libDaisy//build\libdaisy.a(spi.o)
                0x0800d2cc                daisy::SpiHandle::Impl::StartDmaRx(unsigned char*, unsigned int, void (*)(void*), void (*)(void*, daisy::SpiHandle::Result), void*)
 .text._ZN5daisy9SpiHandle4Impl12StartDmaRxTxEPhS2_jPFvPvEPFvS3_NS0_6ResultEES3_
                0x0800d394       0xcc ../../libDaisy//build\libdaisy.a(spi.o)
                0x0800d394                daisy::SpiHandle::Impl::StartDmaRxTx(unsigned char*, unsigned char*, unsigned int, void (*)(void*), void (*)(void*, daisy::SpiHandle::Result), void*)
 .text._ZN5daisy9SpiHandle4Impl8InitPinsEv
                0x0800d460      0x274 ../../libDaisy//build\libdaisy.a(spi.o)
                0x0800d460                daisy::SpiHandle::Impl::InitPins()
 .text.HAL_SPI_MspInit
                0x0800d6d4      0x1a8 ../../libDaisy//build\libdaisy.a(spi.o)
                0x0800d6d4                HAL_SPI_MspInit
 .text.dsy_spi_global_init
                0x0800d87c       0x80 ../../libDaisy//build\libdaisy.a(spi.o)
                0x0800d87c                dsy_spi_global_init
 .text.SPI1_IRQHandler
                0x0800d8fc        0xc ../../libDaisy//build\libdaisy.a(spi.o)
                0x0800d8fc                SPI1_IRQHandler
 .text.SPI2_IRQHandler
                0x0800d908        0xc ../../libDaisy//build\libdaisy.a(spi.o)
                0x0800d908                SPI2_IRQHandler
 .text.SPI3_IRQHandler
                0x0800d914        0xc ../../libDaisy//build\libdaisy.a(spi.o)
                0x0800d914                SPI3_IRQHandler
 .text.SPI4_IRQHandler
                0x0800d920        0xc ../../libDaisy//build\libdaisy.a(spi.o)
                0x0800d920                SPI4_IRQHandler
 .text.SPI5_IRQHandler
                0x0800d92c        0xc ../../libDaisy//build\libdaisy.a(spi.o)
                0x0800d92c                SPI5_IRQHandler
 .text.DMA2_Stream2_IRQHandler
                0x0800d938       0x34 ../../libDaisy//build\libdaisy.a(spi.o)
                0x0800d938                DMA2_Stream2_IRQHandler
 .text.DMA2_Stream3_IRQHandler
                0x0800d96c       0x38 ../../libDaisy//build\libdaisy.a(spi.o)
                0x0800d96c                DMA2_Stream3_IRQHandler
 .text.HAL_SPI_TxCpltCallback
                0x0800d9a4       0xc4 ../../libDaisy//build\libdaisy.a(spi.o)
                0x0800d9a4                HAL_SPI_TxCpltCallback
 .text.HAL_SPI_RxCpltCallback
                0x0800da68       0xc4 ../../libDaisy//build\libdaisy.a(spi.o)
                0x0800da68                HAL_SPI_RxCpltCallback
 .text.HAL_SPI_TxRxCpltCallback
                0x0800db2c       0xc4 ../../libDaisy//build\libdaisy.a(spi.o)
                0x0800db2c                HAL_SPI_TxRxCpltCallback
 .text.HAL_SPI_ErrorCallback
                0x0800dbf0       0xc8 ../../libDaisy//build\libdaisy.a(spi.o)
                0x0800dbf0                HAL_SPI_ErrorCallback
 .text.startup._GLOBAL__sub_I__Z19MapInstanceToHandleP11SPI_TypeDef
                0x0800dcb8      0x1b0 ../../libDaisy//build\libdaisy.a(spi.o)
 .text.HAL_TIM_Base_MspInit
                0x0800de68      0x1e0 ../../libDaisy//build\libdaisy.a(tim.o)
                0x0800de68                HAL_TIM_Base_MspInit
 .text.HAL_TIM_PeriodElapsedCallback
                0x0800e048       0x44 ../../libDaisy//build\libdaisy.a(tim.o)
                0x0800e048                HAL_TIM_PeriodElapsedCallback
 .text.TIM2_IRQHandler
                0x0800e08c        0xc ../../libDaisy//build\libdaisy.a(tim.o)
                0x0800e08c                TIM2_IRQHandler
 .text.TIM3_IRQHandler
                0x0800e098        0xc ../../libDaisy//build\libdaisy.a(tim.o)
                0x0800e098                TIM3_IRQHandler
 .text.TIM4_IRQHandler
                0x0800e0a4        0xc ../../libDaisy//build\libdaisy.a(tim.o)
                0x0800e0a4                TIM4_IRQHandler
 .text.TIM5_IRQHandler
                0x0800e0b0        0xc ../../libDaisy//build\libdaisy.a(tim.o)
                0x0800e0b0                TIM5_IRQHandler
 .text._ZN5daisy11TimerHandle4InitERKNS0_6ConfigE
                0x0800e0bc       0xd0 ../../libDaisy//build\libdaisy.a(tim.o)
                0x0800e0bc                daisy::TimerHandle::Init(daisy::TimerHandle::Config const&)
 .text._ZN5daisy11TimerHandle5StartEv
                0x0800e18c       0x24 ../../libDaisy//build\libdaisy.a(tim.o)
                0x0800e18c                daisy::TimerHandle::Start()
 .text.startup._GLOBAL__sub_I__ZN5daisy11TimerHandle4Impl4InitERKNS0_6ConfigE
                0x0800e1b0       0x38 ../../libDaisy//build\libdaisy.a(tim.o)
 .text._ZN5daisy11UartHandler4Impl7InitDmaEbb
                0x0800e1e8      0x164 ../../libDaisy//build\libdaisy.a(uart.o)
                0x0800e1e8                daisy::UartHandler::Impl::InitDma(bool, bool)
 .text._ZN5daisy11UartHandler4Impl10HandleFifoEv
                0x0800e34c       0xec ../../libDaisy//build\libdaisy.a(uart.o)
                0x0800e34c                daisy::UartHandler::Impl::HandleFifo()
 .text._ZN5daisy11UartHandler4Impl10StartDmaTxEPhjPFvPvEPFvS3_NS0_6ResultEES3_
                0x0800e438       0xcc ../../libDaisy//build\libdaisy.a(uart.o)
                0x0800e438                daisy::UartHandler::Impl::StartDmaTx(unsigned char*, unsigned int, void (*)(void*), void (*)(void*, daisy::UartHandler::Result), void*)
 .text._ZN5daisy11UartHandler4Impl10StartDmaRxEPhjPFvPvEPFvS3_NS0_6ResultEES3_
                0x0800e504       0xcc ../../libDaisy//build\libdaisy.a(uart.o)
                0x0800e504                daisy::UartHandler::Impl::StartDmaRx(unsigned char*, unsigned int, void (*)(void*), void (*)(void*, daisy::UartHandler::Result), void*)
 .text._ZN5daisy11UartHandler4Impl19DmaTransferFinishedEP20__UART_HandleTypeDefNS0_6ResultE
                0x0800e5d0       0xc0 ../../libDaisy//build\libdaisy.a(uart.o)
                0x0800e5d0                daisy::UartHandler::Impl::DmaTransferFinished(__UART_HandleTypeDef*, daisy::UartHandler::Result)
 .text._ZN5daisy11UartHandler4Impl8InitPinsEv
                0x0800e690      0x150 ../../libDaisy//build\libdaisy.a(uart.o)
                0x0800e690                daisy::UartHandler::Impl::InitPins()
 .text.HAL_UART_MspInit
                0x0800e7e0      0x210 ../../libDaisy//build\libdaisy.a(uart.o)
                0x0800e7e0                HAL_UART_MspInit
 .text.dsy_uart_global_init
                0x0800e9f0      0x110 ../../libDaisy//build\libdaisy.a(uart.o)
                0x0800e9f0                dsy_uart_global_init
 .text.USART1_IRQHandler
                0x0800eb00       0x30 ../../libDaisy//build\libdaisy.a(uart.o)
                0x0800eb00                USART1_IRQHandler
 .text.USART2_IRQHandler
                0x0800eb30       0x34 ../../libDaisy//build\libdaisy.a(uart.o)
                0x0800eb30                USART2_IRQHandler
 .text.USART3_IRQHandler
                0x0800eb64       0x34 ../../libDaisy//build\libdaisy.a(uart.o)
                0x0800eb64                USART3_IRQHandler
 .text.UART4_IRQHandler
                0x0800eb98       0x34 ../../libDaisy//build\libdaisy.a(uart.o)
                0x0800eb98                UART4_IRQHandler
 .text.UART5_IRQHandler
                0x0800ebcc       0x34 ../../libDaisy//build\libdaisy.a(uart.o)
                0x0800ebcc                UART5_IRQHandler
 .text.USART6_IRQHandler
                0x0800ec00       0x34 ../../libDaisy//build\libdaisy.a(uart.o)
                0x0800ec00                USART6_IRQHandler
 .text.UART7_IRQHandler
                0x0800ec34       0x30 ../../libDaisy//build\libdaisy.a(uart.o)
                0x0800ec34                UART7_IRQHandler
 .text.UART8_IRQHandler
                0x0800ec64       0x34 ../../libDaisy//build\libdaisy.a(uart.o)
                0x0800ec64                UART8_IRQHandler
 .text.LPUART1_IRQHandler
                0x0800ec98       0x34 ../../libDaisy//build\libdaisy.a(uart.o)
                0x0800ec98                LPUART1_IRQHandler
 .text.DMA1_Stream5_IRQHandler
                0x0800eccc       0x34 ../../libDaisy//build\libdaisy.a(uart.o)
                0x0800eccc                DMA1_Stream5_IRQHandler
 .text.DMA2_Stream4_IRQHandler
                0x0800ed00       0x34 ../../libDaisy//build\libdaisy.a(uart.o)
                0x0800ed00                DMA2_Stream4_IRQHandler
 .text.HAL_UART_TxCpltCallback
                0x0800ed34        0x8 ../../libDaisy//build\libdaisy.a(uart.o)
                0x0800ed34                HAL_UART_TxCpltCallback
 .text.HAL_UART_RxCpltCallback
                0x0800ed3c        0x8 ../../libDaisy//build\libdaisy.a(uart.o)
                0x0800ed3c                HAL_UART_RxCpltCallback
 .text.HAL_UART_ErrorCallback
                0x0800ed44        0x8 ../../libDaisy//build\libdaisy.a(uart.o)
                0x0800ed44                HAL_UART_ErrorCallback
 .text.startup._GLOBAL__sub_I__Z19MapInstanceToHandleP13USART_TypeDef
                0x0800ed4c      0x190 ../../libDaisy//build\libdaisy.a(uart.o)
 .text.dsy_dma_init
                0x0800eedc      0x100 ../../libDaisy//build\libdaisy.a(dma.o)
                0x0800eedc                dsy_dma_init
 .text.HAL_MDMA_Abort_IT
                0x0800efdc       0x2c ../../libDaisy//build\libdaisy.a(stm32h7xx_hal_mdma.o)
                0x0800efdc                HAL_MDMA_Abort_IT
 .text.SPI_CloseTransfer
                0x0800f008       0xb8 ../../libDaisy//build\libdaisy.a(stm32h7xx_hal_spi.o)
 .text.HAL_SPI_Init
                0x0800f0c0      0x15c ../../libDaisy//build\libdaisy.a(stm32h7xx_hal_spi.o)
                0x0800f0c0                HAL_SPI_Init
 .text.HAL_SPI_Transmit_DMA
                0x0800f21c      0x170 ../../libDaisy//build\libdaisy.a(stm32h7xx_hal_spi.o)
                0x0800f21c                HAL_SPI_Transmit_DMA
 .text.HAL_SPI_TransmitReceive_DMA
                0x0800f38c      0x218 ../../libDaisy//build\libdaisy.a(stm32h7xx_hal_spi.o)
                0x0800f38c                HAL_SPI_TransmitReceive_DMA
 .text.HAL_SPI_Receive_DMA
                0x0800f5a4      0x1b4 ../../libDaisy//build\libdaisy.a(stm32h7xx_hal_spi.o)
                0x0800f5a4                HAL_SPI_Receive_DMA
 .text.SPI_DMATransmitCplt
                0x0800f758       0x28 ../../libDaisy//build\libdaisy.a(stm32h7xx_hal_spi.o)
 .text.SPI_DMAReceiveCplt
                0x0800f780       0x28 ../../libDaisy//build\libdaisy.a(stm32h7xx_hal_spi.o)
 .text.SPI_DMATransmitReceiveCplt
                0x0800f7a8       0x28 ../../libDaisy//build\libdaisy.a(stm32h7xx_hal_spi.o)
 .text.HAL_SPI_TxHalfCpltCallback
                0x0800f7d0        0x4 ../../libDaisy//build\libdaisy.a(stm32h7xx_hal_spi.o)
                0x0800f7d0                HAL_SPI_TxHalfCpltCallback
 .text.SPI_DMAHalfTransmitCplt
                0x0800f7d4        0xc ../../libDaisy//build\libdaisy.a(stm32h7xx_hal_spi.o)
 .text.HAL_SPI_RxHalfCpltCallback
                0x0800f7e0        0x4 ../../libDaisy//build\libdaisy.a(stm32h7xx_hal_spi.o)
                0x0800f7e0                HAL_SPI_RxHalfCpltCallback
 .text.SPI_DMAHalfReceiveCplt
                0x0800f7e4        0xc ../../libDaisy//build\libdaisy.a(stm32h7xx_hal_spi.o)
 .text.HAL_SPI_TxRxHalfCpltCallback
                0x0800f7f0        0x4 ../../libDaisy//build\libdaisy.a(stm32h7xx_hal_spi.o)
                0x0800f7f0                HAL_SPI_TxRxHalfCpltCallback
 .text.SPI_DMAHalfTransmitReceiveCplt
                0x0800f7f4        0xc ../../libDaisy//build\libdaisy.a(stm32h7xx_hal_spi.o)
 .text.SPI_DMAError
                0x0800f800       0xd8 ../../libDaisy//build\libdaisy.a(stm32h7xx_hal_spi.o)
 .text.HAL_SPI_IRQHandler
                0x0800f8d8      0x23c ../../libDaisy//build\libdaisy.a(stm32h7xx_hal_spi.o)
                0x0800f8d8                HAL_SPI_IRQHandler
 .text.SPI_DMAAbortOnError
                0x0800fb14       0x1c ../../libDaisy//build\libdaisy.a(stm32h7xx_hal_spi.o)
 .text.HAL_SPI_GetState
                0x0800fb30        0x8 ../../libDaisy//build\libdaisy.a(stm32h7xx_hal_spi.o)
                0x0800fb30                HAL_SPI_GetState
 .text.HAL_UART_Transmit_DMA
                0x0800fb38       0xa4 ../../libDaisy//build\libdaisy.a(stm32h7xx_hal_uart.o)
                0x0800fb38                HAL_UART_Transmit_DMA
 .text.HAL_UART_Receive_DMA
                0x0800fbdc       0xac ../../libDaisy//build\libdaisy.a(stm32h7xx_hal_uart.o)
                0x0800fbdc                HAL_UART_Receive_DMA
 .text.UART_DMATransmitCplt
                0x0800fc88       0x2c ../../libDaisy//build\libdaisy.a(stm32h7xx_hal_uart.o)
 .text.HAL_UART_TxHalfCpltCallback
                0x0800fcb4        0x4 ../../libDaisy//build\libdaisy.a(stm32h7xx_hal_uart.o)
                0x0800fcb4                HAL_UART_TxHalfCpltCallback
 .text.UART_DMATxHalfCplt
                0x0800fcb8        0xc ../../libDaisy//build\libdaisy.a(stm32h7xx_hal_uart.o)
 .text.UART_DMAReceiveCplt
                0x0800fcc4       0x38 ../../libDaisy//build\libdaisy.a(stm32h7xx_hal_uart.o)
 .text.HAL_UART_RxHalfCpltCallback
                0x0800fcfc        0x4 ../../libDaisy//build\libdaisy.a(stm32h7xx_hal_uart.o)
                0x0800fcfc                HAL_UART_RxHalfCpltCallback
 .text.UART_DMARxHalfCplt
                0x0800fd00        0xc ../../libDaisy//build\libdaisy.a(stm32h7xx_hal_uart.o)
 .text.UART_DMAError
                0x0800fd0c       0x78 ../../libDaisy//build\libdaisy.a(stm32h7xx_hal_uart.o)
 .text.HAL_UART_IRQHandler
                0x0800fd84      0x1d0 ../../libDaisy//build\libdaisy.a(stm32h7xx_hal_uart.o)
                0x0800fd84                HAL_UART_IRQHandler
 .text.UART_DMAAbortOnError
                0x0800ff54       0x14 ../../libDaisy//build\libdaisy.a(stm32h7xx_hal_uart.o)
 .text.HAL_UART_GetState
                0x0800ff68        0xc ../../libDaisy//build\libdaisy.a(stm32h7xx_hal_uart.o)
                0x0800ff68                HAL_UART_GetState
 .text.UART_SetConfig
                0x0800ff74     0x14b8 ../../libDaisy//build\libdaisy.a(stm32h7xx_hal_uart.o)
                0x0800ff74                UART_SetConfig
 .text.UART_AdvFeatureConfig
                0x0801142c       0xb0 ../../libDaisy//build\libdaisy.a(stm32h7xx_hal_uart.o)
                0x0801142c                UART_AdvFeatureConfig
 .text.UART_CheckIdleState
                0x080114dc       0x84 ../../libDaisy//build\libdaisy.a(stm32h7xx_hal_uart.o)
                0x080114dc                UART_CheckIdleState
 .text.HAL_UART_Init
                0x08011560       0x68 ../../libDaisy//build\libdaisy.a(stm32h7xx_hal_uart.o)
                0x08011560                HAL_UART_Init
 .text.HAL_UARTEx_WakeupCallback
                0x080115c8        0x4 ../../libDaisy//build\libdaisy.a(stm32h7xx_hal_uart_ex.o)
                0x080115c8                HAL_UARTEx_WakeupCallback
 .text.HAL_UARTEx_RxFifoFullCallback
                0x080115cc        0x4 ../../libDaisy//build\libdaisy.a(stm32h7xx_hal_uart_ex.o)
                0x080115cc                HAL_UARTEx_RxFifoFullCallback
 .text.HAL_UARTEx_TxFifoEmptyCallback
                0x080115d0        0x4 ../../libDaisy//build\libdaisy.a(stm32h7xx_hal_uart_ex.o)
                0x080115d0                HAL_UARTEx_TxFifoEmptyCallback
 .text.__aeabi_atexit
                0x080115d4        0xa c:/programdata/chocolatey/lib/gcc-arm-embedded/tools/gcc-arm-none-eabi-10-2020-q4-major/bin/../lib/gcc/arm-none-eabi/10.2.1/../../../../arm-none-eabi/lib/thumb/v7e-m+dp/hard\libstdc++_nano.a(atexit_arm.o)
                0x080115d4                __aeabi_atexit
 .text.abort    0x080115de        0xe c:/programdata/chocolatey/lib/gcc-arm-embedded/tools/gcc-arm-none-eabi-10-2020-q4-major/bin/../lib/gcc/arm-none-eabi/10.2.1/../../../../arm-none-eabi/lib/thumb/v7e-m+dp/hard\libc_nano.a(lib_a-abort.o)
                0x080115de                abort
 .text.__cxa_atexit
                0x080115ec       0x1c c:/programdata/chocolatey/lib/gcc-arm-embedded/tools/gcc-arm-none-eabi-10-2020-q4-major/bin/../lib/gcc/arm-none-eabi/10.2.1/../../../../arm-none-eabi/lib/thumb/v7e-m+dp/hard\libc_nano.a(lib_a-cxa_atexit.o)
                0x080115ec                __cxa_atexit
 .text.__libc_init_array
                0x08011608       0x48 c:/programdata/chocolatey/lib/gcc-arm-embedded/tools/gcc-arm-none-eabi-10-2020-q4-major/bin/../lib/gcc/arm-none-eabi/10.2.1/../../../../arm-none-eabi/lib/thumb/v7e-m+dp/hard\libc_nano.a(lib_a-init.o)
                0x08011608                __libc_init_array
 .text.malloc   0x08011650       0x10 c:/programdata/chocolatey/lib/gcc-arm-embedded/tools/gcc-arm-none-eabi-10-2020-q4-major/bin/../lib/gcc/arm-none-eabi/10.2.1/../../../../arm-none-eabi/lib/thumb/v7e-m+dp/hard\libc_nano.a(lib_a-malloc.o)
                0x08011650                malloc
 .text.memcpy   0x08011660       0x1c c:/programdata/chocolatey/lib/gcc-arm-embedded/tools/gcc-arm-none-eabi-10-2020-q4-major/bin/../lib/gcc/arm-none-eabi/10.2.1/../../../../arm-none-eabi/lib/thumb/v7e-m+dp/hard\libc_nano.a(lib_a-memcpy-stub.o)
                0x08011660                memcpy
 .text.memset   0x0801167c       0x10 c:/programdata/chocolatey/lib/gcc-arm-embedded/tools/gcc-arm-none-eabi-10-2020-q4-major/bin/../lib/gcc/arm-none-eabi/10.2.1/../../../../arm-none-eabi/lib/thumb/v7e-m+dp/hard\libc_nano.a(lib_a-memset.o)
                0x0801167c                memset
 .text._free_r  0x0801168c       0x98 c:/programdata/chocolatey/lib/gcc-arm-embedded/tools/gcc-arm-none-eabi-10-2020-q4-major/bin/../lib/gcc/arm-none-eabi/10.2.1/../../../../arm-none-eabi/lib/thumb/v7e-m+dp/hard\libc_nano.a(lib_a-nano-freer.o)
                0x0801168c                _free_r
 .text._malloc_r
                0x08011724       0xb4 c:/programdata/chocolatey/lib/gcc-arm-embedded/tools/gcc-arm-none-eabi-10-2020-q4-major/bin/../lib/gcc/arm-none-eabi/10.2.1/../../../../arm-none-eabi/lib/thumb/v7e-m+dp/hard\libc_nano.a(lib_a-nano-mallocr.o)
                0x08011724                _malloc_r
 .text.rand     0x080117d8       0x7c c:/programdata/chocolatey/lib/gcc-arm-embedded/tools/gcc-arm-none-eabi-10-2020-q4-major/bin/../lib/gcc/arm-none-eabi/10.2.1/../../../../arm-none-eabi/lib/thumb/v7e-m+dp/hard\libc_nano.a(lib_a-rand.o)
                0x080117d8                rand
 .text._sbrk_r  0x08011854       0x20 c:/programdata/chocolatey/lib/gcc-arm-embedded/tools/gcc-arm-none-eabi-10-2020-q4-major/bin/../lib/gcc/arm-none-eabi/10.2.1/../../../../arm-none-eabi/lib/thumb/v7e-m+dp/hard\libc_nano.a(lib_a-sbrkr.o)
                0x08011854                _sbrk_r
 .text._raise_r
                0x08011874       0x50 c:/programdata/chocolatey/lib/gcc-arm-embedded/tools/gcc-arm-none-eabi-10-2020-q4-major/bin/../lib/gcc/arm-none-eabi/10.2.1/../../../../arm-none-eabi/lib/thumb/v7e-m+dp/hard\libc_nano.a(lib_a-signal.o)
                0x08011874                _raise_r
 .text.raise    0x080118c4       0x10 c:/programdata/chocolatey/lib/gcc-arm-embedded/tools/gcc-arm-none-eabi-10-2020-q4-major/bin/../lib/gcc/arm-none-eabi/10.2.1/../../../../arm-none-eabi/lib/thumb/v7e-m+dp/hard\libc_nano.a(lib_a-signal.o)
                0x080118c4                raise
 .text._kill_r  0x080118d4       0x24 c:/programdata/chocolatey/lib/gcc-arm-embedded/tools/gcc-arm-none-eabi-10-2020-q4-major/bin/../lib/gcc/arm-none-eabi/10.2.1/../../../../arm-none-eabi/lib/thumb/v7e-m+dp/hard\libc_nano.a(lib_a-signalr.o)
                0x080118d4                _kill_r
 .text._getpid_r
                0x080118f8        0x4 c:/programdata/chocolatey/lib/gcc-arm-embedded/tools/gcc-arm-none-eabi-10-2020-q4-major/bin/../lib/gcc/arm-none-eabi/10.2.1/../../../../arm-none-eabi/lib/thumb/v7e-m+dp/hard\libc_nano.a(lib_a-signalr.o)
                0x080118f8                _getpid_r
 .text.__assert_func
                0x080118fc       0x3c c:/programdata/chocolatey/lib/gcc-arm-embedded/tools/gcc-arm-none-eabi-10-2020-q4-major/bin/../lib/gcc/arm-none-eabi/10.2.1/../../../../arm-none-eabi/lib/thumb/v7e-m+dp/hard\libc_nano.a(lib_a-assert.o)
                0x080118fc                __assert_func
 .text.std      0x08011938       0x48 c:/programdata/chocolatey/lib/gcc-arm-embedded/tools/gcc-arm-none-eabi-10-2020-q4-major/bin/../lib/gcc/arm-none-eabi/10.2.1/../../../../arm-none-eabi/lib/thumb/v7e-m+dp/hard\libc_nano.a(lib_a-findfp.o)
 .text._cleanup_r
                0x08011980        0xc c:/programdata/chocolatey/lib/gcc-arm-embedded/tools/gcc-arm-none-eabi-10-2020-q4-major/bin/../lib/gcc/arm-none-eabi/10.2.1/../../../../arm-none-eabi/lib/thumb/v7e-m+dp/hard\libc_nano.a(lib_a-findfp.o)
                0x08011980                _cleanup_r
 .text.__sfmoreglue
                0x0801198c       0x2c c:/programdata/chocolatey/lib/gcc-arm-embedded/tools/gcc-arm-none-eabi-10-2020-q4-major/bin/../lib/gcc/arm-none-eabi/10.2.1/../../../../arm-none-eabi/lib/thumb/v7e-m+dp/hard\libc_nano.a(lib_a-findfp.o)
                0x0801198c                __sfmoreglue
 .text.__sfp_lock_acquire
                0x080119b8        0xc c:/programdata/chocolatey/lib/gcc-arm-embedded/tools/gcc-arm-none-eabi-10-2020-q4-major/bin/../lib/gcc/arm-none-eabi/10.2.1/../../../../arm-none-eabi/lib/thumb/v7e-m+dp/hard\libc_nano.a(lib_a-findfp.o)
                0x080119b8                __sfp_lock_acquire